07-25 11:37:53.427 29635 29937 W JankMonitorFacade: VIDEO > abs Δ(result sensor timestamp) = 100.28 ms > 70.00 ms
07-25 11:37:53.453 29635 29665 W RenderInspector: DequeueBuffer time out on com.google.android.GoogleCamMGD/com.android.camera.CameraLauncher, count=1, avg=29 ms, max=29 ms.
07-25 11:37:53.525 29635 29938 W HDR+_command : CAM_SimpleReqProcessor
07-25 11:37:53.528 29635 29937 W JankMonitorFacade: VIDEO > abs Δ(result sensor timestamp) = 100.26 ms > 70.00 ms
07-25 11:37:53.587 29635 29665 W RenderInspector: DequeueBuffer time out on com.google.android.GoogleCamMGD/com.android.camera.CameraLauncher, count=2, avg=29 ms, max=31 ms.
07-25 11:37:53.630 29635 29937 W JankMonitorFacade: VIDEO > abs Δ(result sensor timestamp) = 100.32 ms > 70.00 ms
07-25 11:37:53.727 29635 29937 W JankMonitorFacade: VIDEO > abs Δ(result sensor timestamp) = 100.29 ms > 70.00 ms
07-25 11:37:53.826 29635 29937 W JankMonitorFacade: VIDEO > abs Δ(result sensor timestamp) = 100.33 ms > 70.00 ms
07-25 11:37:53.930 29635 29937 W JankMonitorFacade: VIDEO > abs Δ(result sensor timestamp) = 100.41 ms > 70.00 ms
07-25 11:37:54.029 29635 29937 W JankMonitorFacade: VIDEO > abs Δ(result sensor timestamp) = 104.34 ms > 70.00 ms
07-25 11:37:54.123 29635 29665 W RenderInspector: DequeueBuffer time out on com.google.android.GoogleCamMGD/com.android.camera.CameraLauncher, count=4, avg=28 ms, max=30 ms.
07-25 11:37:54.128 29635 29937 W JankMonitorFacade: VIDEO > abs Δ(result sensor timestamp) = 98.26 ms > 70.00 ms
07-25 11:37:54.229 29635 29937 W JankMonitorFacade: VIDEO > abs Δ(result sensor timestamp) = 98.38 ms > 70.00 ms
07-25 11:37:54.329 29635 29937 W JankMonitorFacade: VIDEO > abs Δ(result sensor timestamp) = 100.19 ms > 70.00 ms
07-25 11:37:54.427 29635 29937 W JankMonitorFacade: VIDEO > abs Δ(result sensor timestamp) = 100.41 ms > 70.00 ms
07-25 11:37:54.529 29635 29937 W JankMonitorFacade: VIDEO > abs Δ(result sensor timestamp) = 100.23 ms > 70.00 ms
07-25 11:37:54.635 29635 29937 W JankMonitorFacade: VIDEO > abs Δ(result sensor timestamp) = 100.31 ms > 70.00 ms
07-25 11:37:54.730 29635 29937 W JankMonitorFacade: VIDEO > abs Δ(result sensor timestamp) = 100.32 ms > 70.00 ms
07-25 11:37:54.830 29635 29937 W JankMonitorFacade: VIDEO > abs Δ(result sensor timestamp) = 100.32 ms > 70.00 ms
07-25 11:37:54.931 29635 29937 W JankMonitorFacade: VIDEO > abs Δ(result sensor timestamp) = 100.30 ms > 70.00 ms
07-25 11:37:55.036 29635 29937 W JankMonitorFacade: VIDEO > abs Δ(result sensor timestamp) = 100.33 ms > 70.00 ms
07-25 11:37:55.106 29635 29635 W HDR+_command : CAM_OrientMgrImpl
07-25 11:37:55.108 29635 29635 D AudioTrack: set(sessionId=0)
07-25 11:37:55.108 29635 29635 D AudioTrack: set(): streamType 7, sampleRate 48000, format 0x1, channelMask 0x1, frameCount 0, flags #4, notificationFrames 0, sessionId 0, transferType 0, uid -1, pid -1
07-25 11:37:55.126 29635 29635 I AudioTrack: createTrack_l(125): AUDIO_OUTPUT_FLAG_FAST successful; frameCount 0 -> 4660
07-25 11:37:55.127 29635 29635 I id.GoogleCamMG: getDeviceIsSupportElevoc() The device is not support elevoc
07-25 11:37:55.127 29635 29635 D AudioTrack: setVolume: left = 0.600000 right = 0.600000
07-25 11:37:55.134 29635 29937 W JankMonitorFacade: VIDEO > abs Δ(result sensor timestamp) = 100.30 ms > 70.00 ms
07-25 11:37:55.182 29635 29714 W HDR+_command : CAM_AudioRestrictApi
07-25 11:37:55.190 29635 30041 W HDR+_command : CAM_GcaMediaStorage
07-25 11:37:55.190 29635 30041 W HDR+_command : CAM_MediaGroup
07-25 11:37:55.190 29635 30041 W HDR+_command : CAM_MediaGroup
07-25 11:37:55.214 29635 29888 W HDR+_command : CAM_MediaFile
07-25 11:37:55.224 29635 29937 W JankMonitorFacade: VIDEO > abs Δ(result sensor timestamp) = 100.39 ms > 70.00 ms
07-25 11:37:55.239 29635 30045 I OMXClient: IOmx service obtained
07-25 11:37:55.255 29635 30044 I MediaCodec: MediaCodec will operate in async mode
07-25 11:37:55.256 29635 30045 I ExtendedACodec: setupVideoEncoder()
07-25 11:37:55.256 29635 30045 W OMXUtils: do not know color format 0x7fa30c06 = 2141391878
07-25 11:37:55.257 29635 30045 W OMXUtils: do not know color format 0x7fa30c04 = 2141391876
07-25 11:37:55.257 29635 30045 W OMXUtils: do not know color format 0x7fa30c00 = 2141391872
07-25 11:37:55.257 29635 30045 W OMXUtils: do not know color format 0x7fa30c09 = 2141391881
07-25 11:37:55.257 29635 30045 W OMXUtils: do not know color format 0x7fa30c0a = 2141391882
07-25 11:37:55.257 29635 30045 W OMXUtils: do not know color format 0x7fa30c08 = 2141391880
07-25 11:37:55.257 29635 30045 W OMXUtils: do not know color format 0x7fa30c07 = 2141391879
07-25 11:37:55.258 29635 30045 W OMXUtils: do not know color format 0x7f000789 = 2130708361
07-25 11:37:55.260 29635 30045 W AString : ctor got NULL, using empty string instead
07-25 11:37:55.260 29635 30045 I ACodec  : setupAVCEncoderParameters with [profile: Baseline] [level: Level3]
07-25 11:37:55.260 29635 30045 I ACodec  : [OMX.qcom.video.encoder.avc] cannot encode HDR static metadata. Ignoring.
07-25 11:37:55.260 29635 30045 I ACodec  : setupVideoEncoder succeeded
07-25 11:37:55.260 29635 30045 I ExtendedACodec: [OMX.qcom.video.encoder.avc] configure, AMessage : AMessage(what = 'conf', target = 20) = {
07-25 11:37:55.260 29635 30045 I ExtendedACodec:   int32_t color-format = 2130708361
07-25 11:37:55.260 29635 30045 I ExtendedACodec:   int32_t i-frame-interval = 1
07-25 11:37:55.260 29635 30045 I ExtendedACodec:   int32_t level = 256
07-25 11:37:55.260 29635 30045 I ExtendedACodec:   string mime = "video/avc"
07-25 11:37:55.260 29635 30045 I ExtendedACodec:   int32_t profile = 8
07-25 11:37:55.260 29635 30045 I ExtendedACodec:   int32_t create-input-buffers-suspended = 1
07-25 11:37:55.260 29635 30045 I ExtendedACodec:   int32_t bitrate = 13333333
07-25 11:37:55.260 29635 30045 I ExtendedACodec:   int32_t color-standard = 2
07-25 11:37:55.260 29635 30045 I ExtendedACodec:   int32_t capture-rate = 30
07-25 11:37:55.260 29635 30045 I ExtendedACodec:   int32_t color-transfer = 3
07-25 11:37:55.260 29635 30045 I ExtendedACodec:   int32_t width = 1920
07-25 11:37:55.260 29635 30045 I ExtendedACodec:   int32_t color-range = 1
07-25 11:37:55.260 29635 30045 I ExtendedACodec:   int32_t frame-rate = 30
07-25 11:37:55.260 29635 30045 I ExtendedACodec:   int32_t height = 1080
07-25 11:37:55.260 29635 30045 I ExtendedACodec:   int32_t flags = 1
07-25 11:37:55.260 29635 30045 I ExtendedACodec:   int32_t encoder = 1
07-25 11:37:55.260 29635 30045 I ExtendedACodec: }
07-25 11:37:55.261 29635 30045 W OMXUtils: do not know color format 0x7f000789 = 2130708361
07-25 11:37:55.261 29635 30045 I ACodec  : [OMX.qcom.video.encoder.avc] input format is AMessage(what = 0x00000000) = {
07-25 11:37:55.261 29635 30045 I ACodec  :   string mime = "video/raw"
07-25 11:37:55.261 29635 30045 I ACodec  :   int32_t stride = 1920
07-25 11:37:55.261 29635 30045 I ACodec  :   int32_t slice-height = 1080
07-25 11:37:55.261 29635 30045 I ACodec  :   int32_t color-format = 2130708361
07-25 11:37:55.261 29635 30045 I ACodec  :   int32_t color-range = 1
07-25 11:37:55.261 29635 30045 I ACodec  :   int32_t color-standard = 2
07-25 11:37:55.261 29635 30045 I ACodec  :   int32_t color-transfer = 3
07-25 11:37:55.261 29635 30045 I ACodec  :   int32_t width = 1920
07-25 11:37:55.261 29635 30045 I ACodec  :   int32_t height = 1080
07-25 11:37:55.261 29635 30045 I ACodec  : }
07-25 11:37:55.264 29635 30045 I ACodec  : [OMX.qcom.video.encoder.avc] output format is AMessage(what = 0x00000000) = {
07-25 11:37:55.264 29635 30045 I ACodec  :   int32_t bitrate = 13333333
07-25 11:37:55.264 29635 30045 I ACodec  :   int32_t max-bitrate = 13333333
07-25 11:37:55.264 29635 30045 I ACodec  :   int32_t frame-rate = 30
07-25 11:37:55.264 29635 30045 I ACodec  :   int32_t color-range = 1
07-25 11:37:55.264 29635 30045 I ACodec  :   int32_t color-standard = 2
07-25 11:37:55.264 29635 30045 I ACodec  :   int32_t color-transfer = 3
07-25 11:37:55.264 29635 30045 I ACodec  :   string mime = "video/avc"
07-25 11:37:55.264 29635 30045 I ACodec  :   int32_t width = 1920
07-25 11:37:55.264 29635 30045 I ACodec  :   int32_t height = 1080
07-25 11:37:55.264 29635 30045 I ACodec  : }
07-25 11:37:55.269 29635 30045 I ACodec  : Need to setDefaultCodecColorAspectsIfNeeded
07-25 11:37:55.271 29635 30041 D AudioRecord: set(): inputSource 5, sampleRate 48000, format 0x1, channelMask 0xc, frameCount 19200, notificationFrames 0, sessionId 0, transferType 0, flags 0, opPackageName com.google.android.GoogleCamMGD uid -1, pid -1
07-25 11:37:55.327 29635 29937 W JankMonitorFacade: VIDEO > abs Δ(result sensor timestamp) = 100.21 ms > 70.00 ms
07-25 11:37:55.429 29635 30053 D CCodec  : allocate(c2.android.aac.encoder)
07-25 11:37:55.432 29635 30053 I CCodec  : setting up 'default' as default (vendor) store
07-25 11:37:55.437 29635 30053 I CCodec  : Created component [c2.android.aac.encoder]
07-25 11:37:55.438 29635 29937 W JankMonitorFacade: VIDEO > abs Δ(result sensor timestamp) = 100.33 ms > 70.00 ms
07-25 11:37:55.438 29635 30053 D CCodecConfig: read media type: audio/mp4a-latm
07-25 11:37:55.441 29635 30053 D ReflectedParamUpdater: extent() != 1 for single value type: algo.buffers.max-count.values
07-25 11:37:55.442 29635 30053 D ReflectedParamUpdater: extent() != 1 for single value type: output.subscribed-indices.values
07-25 11:37:55.442 29635 30053 D ReflectedParamUpdater: extent() != 1 for single value type: input.buffers.allocator-ids.values
07-25 11:37:55.442 29635 30053 D ReflectedParamUpdater: extent() != 1 for single value type: output.buffers.allocator-ids.values
07-25 11:37:55.442 29635 30053 D ReflectedParamUpdater: extent() != 1 for single value type: algo.buffers.allocator-ids.values
07-25 11:37:55.442 29635 30053 D ReflectedParamUpdater: extent() != 1 for single value type: output.buffers.pool-ids.values
07-25 11:37:55.443 29635 30053 D ReflectedParamUpdater: extent() != 1 for single value type: algo.buffers.pool-ids.values
07-25 11:37:55.445 29635 30053 I CCodecConfig: query failed after returning 9 values (BAD_INDEX)
07-25 11:37:55.445 29635 30053 D CCodecConfig: c2 config diff is Dict {
07-25 11:37:55.445 29635 30053 D CCodecConfig:   c2::u32 coded.bitrate.value = 64000
07-25 11:37:55.445 29635 30053 D CCodecConfig:   c2::u32 coded.pl.level = 0
07-25 11:37:55.445 29635 30053 D CCodecConfig:   c2::u32 coded.pl.profile = 8192
07-25 11:37:55.445 29635 30053 D CCodecConfig:   c2::u32 coding.aac-sbr-mode.value = 3
07-25 11:37:55.445 29635 30053 D CCodecConfig:   c2::u32 input.buffers.max-size.value = 2048
07-25 11:37:55.445 29635 30053 D CCodecConfig:   c2::u32 input.delay.value = 0
07-25 11:37:55.445 29635 30053 D CCodecConfig:   string input.media-type.value = "audio/raw"
07-25 11:37:55.445 29635 30053 D CCodecConfig:   string output.media-type.value = "audio/mp4a-latm"
07-25 11:37:55.445 29635 30053 D CCodecConfig:   c2::u32 raw.channel-count.value = 1
07-25 11:37:55.445 29635 30053 D CCodecConfig:   c2::u32 raw.sample-rate.value = 44100
07-25 11:37:55.445 29635 30053 D CCodecConfig: }
07-25 11:37:55.447 29635 30053 I MediaCodec: MediaCodec will operate in async mode
07-25 11:37:55.447 29635 30053 D CCodec  : [c2.android.aac.encoder] buffers are bound to CCodec for this session
07-25 11:37:55.447 29635 30053 D CCodecConfig: no c2 equivalents for aac-profile
07-25 11:37:55.447 29635 30053 D CCodecConfig: no c2 equivalents for flags
07-25 11:37:55.447 29635 30053 D CCodecConfig: no c2 equivalents for encoder
07-25 11:37:55.448 29635 30053 D CCodecConfig: c2 config diff is   c2::u32 coded.bitrate.value = 192000
07-25 11:37:55.448 29635 30053 D CCodecConfig:   c2::u32 raw.channel-count.value = 2
07-25 11:37:55.448 29635 30053 D CCodecConfig:   c2::u32 raw.sample-rate.value = 48000
07-25 11:37:55.448 29635 30053 W Codec2Client: query -- param skipped: index = 1107298332.
07-25 11:37:55.449 29635 30053 D CCodec  : setup formats input: AMessage(what = 0x00000000) = {
07-25 11:37:55.449 29635 30053 D CCodec  :   int32_t aac-sbr-mode = 3
07-25 11:37:55.449 29635 30053 D CCodec  :   int32_t channel-count = 2
07-25 11:37:55.449 29635 30053 D CCodec  :   int32_t max-input-size = 4096
07-25 11:37:55.449 29635 30053 D CCodec  :   string mime = "audio/raw"
07-25 11:37:55.449 29635 30053 D CCodec  :   int32_t sample-rate = 48000
07-25 11:37:55.449 29635 30053 D CCodec  : } and output: AMessage(what = 0x00000000) = {
07-25 11:37:55.449 29635 30053 D CCodec  :   int32_t aac-sbr-mode = 3
07-25 11:37:55.449 29635 30053 D CCodec  :   int32_t bitrate = 192000
07-25 11:37:55.449 29635 30053 D CCodec  :   int32_t channel-count = 2
07-25 11:37:55.449 29635 30053 D CCodec  :   int32_t level = 0
07-25 11:37:55.449 29635 30053 D CCodec  :   int32_t max-bitrate = 192000
07-25 11:37:55.449 29635 30053 D CCodec  :   string mime = "audio/mp4a-latm"
07-25 11:37:55.449 29635 30053 D CCodec  :   int32_t profile = 2
07-25 11:37:55.449 29635 30053 D CCodec  :   int32_t sample-rate = 48000
07-25 11:37:55.449 29635 30053 D CCodec  : }
07-25 11:37:55.493 29635 29665 W RenderInspector: DequeueBuffer time out on com.google.android.GoogleCamMGD/com.android.camera.CameraLauncher, count=7, avg=29 ms, max=30 ms.
07-25 11:37:55.521 29635 30056 D AudioTrack: stop(sessionID=5409)
07-25 11:37:55.521 29635 30056 D AudioTrack: stop(1107): prior state:STATE_ACTIVE
07-25 11:37:55.545 29635 29937 W JankMonitorFacade: VIDEO > abs Δ(result sensor timestamp) = 102.81 ms > 70.00 ms
07-25 11:37:55.643 29635 29937 W JankMonitorFacade: VIDEO > abs Δ(result sensor timestamp) = 102.26 ms > 70.00 ms
07-25 11:37:55.737 29635 29937 W JankMonitorFacade: VIDEO > abs Δ(result sensor timestamp) = 97.69 ms > 70.00 ms
07-25 11:37:55.756 29635 29932 D AudioRecord: start(1109): sync event 0 trigger session 0, mSessionID=5417
07-25 11:37:55.788 29635 29932 D AudioService: broadcastRecorderState:com.google.android.GoogleCamMGD
07-25 11:37:55.790 29635 30053 W Codec2Client: query -- param skipped: index = 1342179345.
07-25 11:37:55.790 29635 30053 W Codec2Client: query -- param skipped: index = 2415921170.
07-25 11:37:55.791 29635 30053 E FMQ     : grantorIdx must be less than 3
07-25 11:37:55.792 29635 30053 E FMQ     : grantorIdx must be less than 3
07-25 11:37:55.793 29635 30053 D CCodecBufferChannel: [c2.android.aac.encoder#966] Created input block pool with allocatorID 16 => poolID 21 - OK (0)
07-25 11:37:55.796 29635 29823 D BufferPoolAccessor2.0: bufferpool2 0xb400007bd0dc3a28 : 0(0 size) total buffers - 0(0 size) used buffers - 2/9 (recycle/alloc) - 8/58 (fetch/transfer)
07-25 11:37:55.796 29635 29823 D BufferPoolAccessor2.0: Destruction - bufferpool2 0xb400007bd0dc3a28 cached: 0/0M, 0/0% in use; allocs: 9, 22% recycled; transfers: 58, 86% unfetched
07-25 11:37:55.797 29635 29823 D BufferPoolAccessor2.0: bufferpool2 0xb400007bd0dbb628 : 0(0 size) total buffers - 0(0 size) used buffers - 1/9 (recycle/alloc) - 8/32 (fetch/transfer)
07-25 11:37:55.797 29635 29823 D BufferPoolAccessor2.0: Destruction - bufferpool2 0xb400007bd0dbb628 cached: 0/0M, 0/0% in use; allocs: 9, 11% recycled; transfers: 32, 75% unfetched
07-25 11:37:55.797 29635 30053 I CCodecBufferChannel: [c2.android.aac.encoder#966] Created output block pool with allocatorID 16 => poolID 454 - OK
07-25 11:37:55.797 29635 29823 D BufferPoolAccessor2.0: bufferpool2 0xb400007bd4a6f828 : 0(0 size) total buffers - 0(0 size) used buffers - 3/9 (recycle/alloc) - 10/22 (fetch/transfer)
07-25 11:37:55.797 29635 29823 D BufferPoolAccessor2.0: Destruction - bufferpool2 0xb400007bd4a6f828 cached: 0/0M, 0/0% in use; allocs: 9, 33% recycled; transfers: 22, 55% unfetched
07-25 11:37:55.797 29635 29823 D BufferPoolAccessor2.0: bufferpool2 0xb400007bd0dc3e28 : 0(0 size) total buffers - 0(0 size) used buffers - 3/9 (recycle/alloc) - 6/40 (fetch/transfer)
07-25 11:37:55.797 29635 29823 D BufferPoolAccessor2.0: Destruction - bufferpool2 0xb400007bd0dc3e28 cached: 0/0M, 0/0% in use; allocs: 9, 33% recycled; transfers: 40, 85% unfetched
07-25 11:37:55.798 29635 30053 D CCodecBufferChannel: [c2.android.aac.encoder#966] Configured output block pool ids 454 => OK
07-25 11:37:55.798 29635 30053 D CCodecBufferChannel: [c2.android.aac.encoder#966] start: updating output delay 0
07-25 11:37:55.824 29635 29937 W JankMonitorFacade: VIDEO > abs Δ(result sensor timestamp) = 98.47 ms > 70.00 ms
07-25 11:37:55.843 29635 29635 W HDR+_command : CAM_FrameBufferMap
07-25 11:37:55.843 29635 29635 W HDR+_command : CAM_RequestQueue
07-25 11:37:55.845 29635 29635 W HDR+_command : CAM_SimpleReqProcessor
07-25 11:37:55.870 29635 30059 W AudioStreamImpl: Stale audio packet detected: 42284684506279 (start=50506060874478)
07-25 11:37:55.871 29635 30053 E FMQ     : grantorIdx must be less than 3
07-25 11:37:55.887 29635 29823 E FMQ     : grantorIdx must be less than 3
07-25 11:37:55.889 29635 30059 W AudioStreamImpl: Stale audio packet detected: 42284705855060 (start=50506060874478)
07-25 11:37:55.910 29635 30059 W AudioStreamImpl: Stale audio packet detected: 42284727216340 (start=50506060874478)
07-25 11:37:55.930 29635 30059 W AudioStreamImpl: Stale audio packet detected: 42284748575902 (start=50506060874478)
07-25 11:37:55.945 29635 29937 W JankMonitorFacade: VIDEO > abs Δ(result sensor timestamp) = 100.31 ms > 70.00 ms
07-25 11:37:55.949 29635 30059 W AudioStreamImpl: Stale audio packet detected: 42284769900829 (start=50506060874478)
07-25 11:37:55.969 29635 30059 W AudioStreamImpl: Stale audio packet detected: 42284791220339 (start=50506060874478)
07-25 11:37:55.989 29635 30059 W AudioStreamImpl: Stale audio packet detected: 42284812549484 (start=50506060874478)
07-25 11:37:56.009 29635 30059 W AudioStreamImpl: Stale audio packet detected: 42284833875504 (start=50506060874478)
07-25 11:37:56.029 29635 29665 W RenderInspector: DequeueBuffer time out on com.google.android.GoogleCamMGD/com.android.camera.CameraLauncher, count=14, avg=21 ms, max=30 ms.
07-25 11:37:56.030 29635 30059 W AudioStreamImpl: Stale audio packet detected: 42284855227827 (start=50506060874478)
07-25 11:37:56.050 29635 30059 W AudioStreamImpl: Stale audio packet detected: 42284876629941 (start=50506060874478)
07-25 11:37:56.053 29635 29937 W JankMonitorFacade: VIDEO > abs Δ(result sensor timestamp) = 100.32 ms > 70.00 ms
07-25 11:37:56.070 29635 30059 W AudioStreamImpl: Stale audio packet detected: 42284897879034 (start=50506060874478)
07-25 11:37:56.090 29635 30059 W AudioStreamImpl: Stale audio packet detected: 42284919216669 (start=50506060874478)
07-25 11:37:56.110 29635 30059 W AudioStreamImpl: Stale audio packet detected: 42284940533158 (start=50506060874478)
07-25 11:37:56.130 29635 30059 W AudioStreamImpl: Stale audio packet detected: 42284961885064 (start=50506060874478)
07-25 11:37:56.149 29635 30059 W AudioStreamImpl: Stale audio packet detected: 42284983256345 (start=50506060874478)
07-25 11:37:56.150 29635 29937 W JankMonitorFacade: VIDEO > abs Δ(result sensor timestamp) = 100.35 ms > 70.00 ms
07-25 11:37:56.189 29635 30059 W AudioStreamImpl: Stale audio packet detected: 42285004557893 (start=50506060874478)
07-25 11:37:56.210 29635 30059 W AudioStreamImpl: Stale audio packet detected: 42285025868445 (start=50506060874478)
07-25 11:37:56.229 29635 30059 W AudioStreamImpl: Stale audio packet detected: 42285047236861 (start=50506060874478)
07-25 11:37:56.234 29635 29937 W JankMonitorFacade: VIDEO > abs Δ(result sensor timestamp) = 100.45 ms > 70.00 ms
07-25 11:37:56.250 29635 30059 W AudioStreamImpl: Stale audio packet detected: 42285068555642 (start=50506060874478)
07-25 11:37:56.269 29635 30059 W AudioStreamImpl: Stale audio packet detected: 42285089894162 (start=50506060874478)
07-25 11:37:56.291 29635 30059 W AudioStreamImpl: Stale audio packet detected: 42285111184818 (start=50506060874478)
07-25 11:37:56.309 29635 30059 W AudioStreamImpl: Stale audio packet detected: 42285132494432 (start=50506060874478)
07-25 11:37:56.329 29635 30059 W AudioStreamImpl: Stale audio packet detected: 42285153823525 (start=50506060874478)
07-25 11:37:56.337 29635 29937 W JankMonitorFacade: VIDEO > abs Δ(result sensor timestamp) = 100.14 ms > 70.00 ms
07-25 11:37:56.349 29635 30059 W AudioStreamImpl: Stale audio packet detected: 42285175174441 (start=50506060874478)
07-25 11:37:56.369 29635 30059 W AudioStreamImpl: Stale audio packet detected: 42285196534003 (start=50506060874478)
07-25 11:37:56.389 29635 30059 W AudioStreamImpl: Stale audio packet detected: 42285217840753 (start=50506060874478)
07-25 11:37:56.409 29635 30059 W AudioStreamImpl: Stale audio packet detected: 42285239173284 (start=50506060874478)
07-25 11:37:56.430 29635 30059 W AudioStreamImpl: Stale audio packet detected: 42285260537012 (start=50506060874478)
07-25 11:37:56.438 29635 29937 W JankMonitorFacade: VIDEO > abs Δ(result sensor timestamp) = 100.46 ms > 70.00 ms
07-25 11:37:56.450 29635 30059 W AudioStreamImpl: Stale audio packet detected: 42285281863814 (start=50506060874478)
07-25 11:37:56.465 29635 29938 W HDR+_command : CAM_SimpleReqProcessor
07-25 11:37:56.467 29635 29937 W JankMonitorFacade: VIDEO > abs Δ(result sensor timestamp) = 103.75 ms > 70.00 ms
07-25 11:37:56.468 29635 29937 W JankMonitorFacade: VIDEO > result sensor delay = 3.11 > 1.10
07-25 11:37:56.469 29635 30059 W AudioStreamImpl: Stale audio packet detected: 42285303204313 (start=50506060874478)
07-25 11:37:56.473 29635 30045 D ACodec  : dataspace changed to 0x8c20000 (R:1(Full), P:3(BT601_6_625), M:3(BT601_6), T:3(SMPTE170M)) (R:1(Full), S:2(BT601_625), T:3(SMPTE_170M))
07-25 11:37:56.500 29635 29937 W JankMonitorFacade: VIDEO > rel Δ(result sensor timestamp) = 0.69 > 0.25
07-25 11:37:56.509 29635 30059 W AudioStreamImpl: Stale audio packet detected: 42285324519716 (start=50506060874478)
07-25 11:37:56.529 29635 30059 W AudioStreamImpl: Stale audio packet detected: 42285345836934 (start=50506060874478)
07-25 11:37:56.534 29635 29937 W JankMonitorFacade: VIDEO > result sensor delay = 1.13 > 1.10
07-25 11:37:56.550 29635 30059 W AudioStreamImpl: Stale audio packet detected: 42285367166444 (start=50506060874478)
07-25 11:37:56.569 29635 30059 W AudioStreamImpl: Stale audio packet detected: 42285388495798 (start=50506060874478)
07-25 11:37:56.589 29635 30059 W AudioStreamImpl: Stale audio packet detected: 42285409834370 (start=50506060874478)
07-25 11:37:56.609 29635 30059 W AudioStreamImpl: Stale audio packet detected: 42285431175964 (start=50506060874478)
07-25 11:37:56.629 29635 30059 W AudioStreamImpl: Stale audio packet detected: 42285452484015 (start=50506060874478)
07-25 11:37:56.650 29635 30059 W AudioStreamImpl: Stale audio packet detected: 42285473860348 (start=50506060874478)
07-25 11:37:56.669 29635 30059 W AudioStreamImpl: Stale audio packet detected: 42285495153920 (start=50506060874478)
07-25 11:37:56.678 29635 29651 W MessageQueue: Handler (android.os.Handler) {31e712c} sending message to a Handler on a dead thread
07-25 11:37:56.678 29635 29651 W MessageQueue: java.lang.IllegalStateException: Handler (android.os.Handler) {31e712c} sending message to a Handler on a dead thread
07-25 11:37:56.678 29635 29651 W MessageQueue: 	at android.os.MessageQueue.enqueueMessage(MessageQueue.java:563)
07-25 11:37:56.678 29635 29651 W MessageQueue: 	at android.os.Handler.enqueueMessage(Handler.java:778)
07-25 11:37:56.678 29635 29651 W MessageQueue: 	at android.os.Handler.sendMessageAtTime(Handler.java:727)
07-25 11:37:56.678 29635 29651 W MessageQueue: 	at android.os.Handler.sendMessageDelayed(Handler.java:697)
07-25 11:37:56.678 29635 29651 W MessageQueue: 	at android.os.Handler.post(Handler.java:427)
07-25 11:37:56.678 29635 29651 W MessageQueue: 	at msr.execute(Unknown Source:20)
07-25 11:37:56.678 29635 29651 W MessageQueue: 	at android.hardware.camera2.impl.CallbackProxies$SessionStateCallbackProxy.onClosed(CallbackProxies.java:104)
07-25 11:37:56.678 29635 29651 W MessageQueue: 	at android.hardware.camera2.impl.CameraCaptureSessionImpl.close(CameraCaptureSessionImpl.java:588)
07-25 11:37:56.678 29635 29651 W MessageQueue: 	at android.hardware.camera2.impl.CameraCaptureSessionImpl.finalize(CameraCaptureSessionImpl.java:879)
07-25 11:37:56.678 29635 29651 W MessageQueue: 	at java.lang.Daemons$FinalizerDaemon.doFinalize(Daemons.java:292)
07-25 11:37:56.678 29635 29651 W MessageQueue: 	at java.lang.Daemons$FinalizerDaemon.runInternal(Daemons.java:279)
07-25 11:37:56.678 29635 29651 W MessageQueue: 	at java.lang.Daemons$Daemon.run(Daemons.java:140)
07-25 11:37:56.678 29635 29651 W MessageQueue: 	at java.lang.Thread.run(Thread.java:923)
07-25 11:37:56.678 29635 29651 W MessageQueue: Handler (android.os.Handler) {144f98a} sending message to a Handler on a dead thread
07-25 11:37:56.678 29635 29651 W MessageQueue: java.lang.IllegalStateException: Handler (android.os.Handler) {144f98a} sending message to a Handler on a dead thread
07-25 11:37:56.678 29635 29651 W MessageQueue: 	at android.os.MessageQueue.enqueueMessage(MessageQueue.java:563)
07-25 11:37:56.678 29635 29651 W MessageQueue: 	at android.os.Handler.enqueueMessage(Handler.java:778)
07-25 11:37:56.678 29635 29651 W MessageQueue: 	at android.os.Handler.sendMessageAtTime(Handler.java:727)
07-25 11:37:56.678 29635 29651 W MessageQueue: 	at android.os.Handler.sendMessageDelayed(Handler.java:697)
07-25 11:37:56.678 29635 29651 W MessageQueue: 	at android.os.Handler.post(Handler.java:427)
07-25 11:37:56.678 29635 29651 W MessageQueue: 	at msr.execute(Unknown Source:20)
07-25 11:37:56.678 29635 29651 W MessageQueue: 	at android.hardware.camera2.impl.CallbackProxies$SessionStateCallbackProxy.onClosed(CallbackProxies.java:104)
07-25 11:37:56.678 29635 29651 W MessageQueue: 	at android.hardware.camera2.impl.CameraCaptureSessionImpl.close(CameraCaptureSessionImpl.java:588)
07-25 11:37:56.678 29635 29651 W MessageQueue: 	at android.hardware.camera2.impl.CameraCaptureSessionImpl.finalize(CameraCaptureSessionImpl.java:879)
07-25 11:37:56.678 29635 29651 W MessageQueue: 	at java.lang.Daemons$FinalizerDaemon.doFinalize(Daemons.java:292)
07-25 11:37:56.678 29635 29651 W MessageQueue: 	at java.lang.Daemons$FinalizerDaemon.runInternal(Daemons.java:279)
07-25 11:37:56.678 29635 29651 W MessageQueue: 	at java.lang.Daemons$Daemon.run(Daemons.java:140)
07-25 11:37:56.678 29635 29651 W MessageQueue: 	at java.lang.Thread.run(Thread.java:923)
07-25 11:37:56.689 29635 30059 W AudioStreamImpl: Stale audio packet detected: 42285516512493 (start=50506060874478)
07-25 11:37:56.709 29635 30059 W AudioStreamImpl: Stale audio packet detected: 42285537844138 (start=50506060874478)
07-25 11:37:56.729 29635 30059 W AudioStreamImpl: Stale audio packet detected: 42285559190992 (start=50506060874478)
07-25 11:37:56.750 29635 30059 W AudioStreamImpl: Stale audio packet detected: 42285580522116 (start=50506060874478)
07-25 11:37:56.769 29635 30059 W AudioStreamImpl: Stale audio packet detected: 42285601828553 (start=50506060874478)
07-25 11:37:56.789 29635 30059 W AudioStreamImpl: Stale audio packet detected: 42285623176501 (start=50506060874478)
07-25 11:37:56.829 29635 30059 W AudioStreamImpl: Stale audio packet detected: 42285644502841 (start=50506060874478)
07-25 11:37:56.849 29635 30059 W AudioStreamImpl: Stale audio packet detected: 42285665830320 (start=50506060874478)
07-25 11:37:56.870 29635 30059 W AudioStreamImpl: Stale audio packet detected: 42285687179517 (start=50506060874478)
07-25 11:37:56.889 29635 30059 W AudioStreamImpl: Stale audio packet detected: 42285708503558 (start=50506060874478)
07-25 11:37:56.899 29635 29665 W RenderInspector: DequeueBuffer time out on com.google.android.GoogleCamMGD/com.android.camera.CameraLauncher, count=5, avg=17 ms, max=29 ms.
07-25 11:37:56.910 29635 30059 W AudioStreamImpl: Stale audio packet detected: 42285729828745 (start=50506060874478)
07-25 11:37:56.931 29635 30059 W AudioStreamImpl: Stale audio packet detected: 42285751177838 (start=50506060874478)
07-25 11:37:56.949 29635 30059 W AudioStreamImpl: Stale audio packet detected: 42285772525161 (start=50506060874478)
07-25 11:37:56.969 29635 30059 W AudioStreamImpl: Stale audio packet detected: 42285793834254 (start=50506060874478)
07-25 11:37:56.989 29635 30059 W AudioStreamImpl: Stale audio packet detected: 42285815187254 (start=50506060874478)
07-25 11:37:57.009 29635 30059 W AudioStreamImpl: Stale audio packet detected: 42285836506034 (start=50506060874478)
07-25 11:37:57.029 29635 30059 W AudioStreamImpl: Stale audio packet detected: 42285857963200 (start=50506060874478)
07-25 11:37:57.049 29635 30059 W AudioStreamImpl: Stale audio packet detected: 42285879161929 (start=50506060874478)
07-25 11:37:57.069 29635 30059 W AudioStreamImpl: Stale audio packet detected: 42285900500137 (start=50506060874478)
07-25 11:37:57.089 29635 30059 W AudioStreamImpl: Stale audio packet detected: 42285921835272 (start=50506060874478)
07-25 11:37:57.110 29635 30059 W AudioStreamImpl: Stale audio packet detected: 42285943167334 (start=50506060874478)
07-25 11:37:57.149 29635 30059 W AudioStreamImpl: Stale audio packet detected: 42285964510497 (start=50506060874478)
07-25 11:37:57.169 29635 30059 W AudioStreamImpl: Stale audio packet detected: 42285985836153 (start=50506060874478)
07-25 11:37:57.189 29635 30059 W AudioStreamImpl: Stale audio packet detected: 42286007216756 (start=50506060874478)
07-25 11:37:57.202 29635 29665 W RenderInspector: DequeueBuffer time out on com.google.android.GoogleCamMGD/com.android.camera.CameraLauncher, count=4, avg=18 ms, max=30 ms.
07-25 11:37:57.210 29635 30059 W AudioStreamImpl: Stale audio packet detected: 42286028535433 (start=50506060874478)
07-25 11:37:57.229 29635 30059 W AudioStreamImpl: Stale audio packet detected: 42286049870412 (start=50506060874478)
07-25 11:37:57.250 29635 30059 W AudioStreamImpl: Stale audio packet detected: 42286071264817 (start=50506060874478)
07-25 11:37:57.269 29635 30059 W AudioStreamImpl: Stale audio packet detected: 42286092505161 (start=50506060874478)
07-25 11:37:57.289 29635 30059 W AudioStreamImpl: Stale audio packet detected: 42286113888889 (start=50506060874478)
07-25 11:37:57.309 29635 30059 W AudioStreamImpl: Stale audio packet detected: 42286135198712 (start=50506060874478)
07-25 11:37:57.329 29635 30059 W AudioStreamImpl: Stale audio packet detected: 42286156541763 (start=50506060874478)
07-25 11:37:57.349 29635 30059 W AudioStreamImpl: Stale audio packet detected: 42286177873304 (start=50506060874478)
07-25 11:37:57.369 29635 30059 W AudioStreamImpl: Stale audio packet detected: 42286199192033 (start=50506060874478)
07-25 11:37:57.390 29635 30059 W AudioStreamImpl: Stale audio packet detected: 42286220540137 (start=50506060874478)
07-25 11:37:57.409 29635 30059 W AudioStreamImpl: Stale audio packet detected: 42286241827980 (start=50506060874478)
07-25 11:37:57.429 29635 30059 W AudioStreamImpl: Stale audio packet detected: 42286263216813 (start=50506060874478)
07-25 11:37:57.470 29635 30059 W AudioStreamImpl: Stale audio packet detected: 42286284542112 (start=50506060874478)
07-25 11:37:57.489 29635 30059 W AudioStreamImpl: Stale audio packet detected: 42286305876309 (start=50506060874478)
07-25 11:37:57.509 29635 30059 W AudioStreamImpl: Stale audio packet detected: 42286327198944 (start=50506060874478)
07-25 11:37:57.529 29635 30059 W AudioStreamImpl: Stale audio packet detected: 42286348534131 (start=50506060874478)
07-25 11:37:57.550 29635 30059 W AudioStreamImpl: Stale audio packet detected: 42286369873485 (start=50506060874478)
07-25 11:37:57.570 29635 30059 W AudioStreamImpl: Stale audio packet detected: 42286391163671 (start=50506060874478)
07-25 11:37:57.589 29635 30059 W AudioStreamImpl: Stale audio packet detected: 42286412545161 (start=50506060874478)
07-25 11:37:57.609 29635 30059 W AudioStreamImpl: Stale audio packet detected: 42286433869775 (start=50506060874478)
07-25 11:37:57.629 29635 30059 W AudioStreamImpl: Stale audio packet detected: 42286455208035 (start=50506060874478)
07-25 11:37:57.650 29635 30059 W AudioStreamImpl: Stale audio packet detected: 42286476518482 (start=50506060874478)
07-25 11:37:57.669 29635 30059 W AudioStreamImpl: Stale audio packet detected: 42286497867159 (start=50506060874478)
07-25 11:37:57.690 29635 30059 W AudioStreamImpl: Stale audio packet detected: 42286519199377 (start=50506060874478)
07-25 11:37:57.709 29635 30059 W AudioStreamImpl: Stale audio packet detected: 42286540561647 (start=50506060874478)
07-25 11:37:57.729 29635 30059 W AudioStreamImpl: Stale audio packet detected: 42286561864855 (start=50506060874478)
07-25 11:37:57.749 29635 30059 W AudioStreamImpl: Stale audio packet detected: 42286583200563 (start=50506060874478)
07-25 11:37:57.790 29635 30059 W AudioStreamImpl: Stale audio packet detected: 42286604585966 (start=50506060874478)
07-25 11:37:57.810 29635 30059 W AudioStreamImpl: Stale audio packet detected: 42286625849278 (start=50506060874478)
07-25 11:37:57.830 29635 30059 W AudioStreamImpl: Stale audio packet detected: 42286647216860 (start=50506060874478)
07-25 11:37:57.849 29635 30059 W AudioStreamImpl: Stale audio packet detected: 42286668536370 (start=50506060874478)
07-25 11:37:57.869 29635 30059 W AudioStreamImpl: Stale audio packet detected: 42286689866818 (start=50506060874478)
07-25 11:37:57.876 29635 29665 W RenderInspector: DequeueBuffer time out on com.google.android.GoogleCamMGD/com.android.camera.CameraLauncher, count=1, avg=27 ms, max=27 ms.
07-25 11:37:57.890 29635 30059 W AudioStreamImpl: Stale audio packet detected: 42286711243255 (start=50506060874478)
07-25 11:37:57.909 29635 30059 W AudioStreamImpl: Stale audio packet detected: 42286732516775 (start=50506060874478)
07-25 11:37:57.929 29635 30059 W AudioStreamImpl: Stale audio packet detected: 42286753951077 (start=50506060874478)
07-25 11:37:57.949 29635 30059 W AudioStreamImpl: Stale audio packet detected: 42286775198347 (start=50506060874478)
07-25 11:37:57.970 29635 30059 W AudioStreamImpl: Stale audio packet detected: 42286796533274 (start=50506060874478)
07-25 11:37:57.989 29635 30059 W AudioStreamImpl: Stale audio packet detected: 42286817932836 (start=50506060874478)
07-25 11:37:58.009 29635 30059 W AudioStreamImpl: Stale audio packet detected: 42286839202554 (start=50506060874478)
07-25 11:37:58.029 29635 30059 W AudioStreamImpl: Stale audio packet detected: 42286860826595 (start=50506060874478)
07-25 11:37:58.049 29635 30059 W AudioStreamImpl: Stale audio packet detected: 42286881863292 (start=50506060874478)
07-25 11:37:58.069 29635 30059 W AudioStreamImpl: Stale audio packet detected: 42286903194938 (start=50506060874478)
07-25 11:37:58.109 29635 30059 W AudioStreamImpl: Stale audio packet detected: 42286924536799 (start=50506060874478)
07-25 11:37:58.129 29635 30059 W AudioStreamImpl: Stale audio packet detected: 42286945838548 (start=50506060874478)
07-25 11:37:58.149 29635 30059 W AudioStreamImpl: Stale audio packet detected: 42286967188214 (start=50506060874478)
07-25 11:37:58.169 29635 30059 W AudioStreamImpl: Stale audio packet detected: 42286988510954 (start=50506060874478)
07-25 11:37:58.191 29635 30059 W AudioStreamImpl: Stale audio packet detected: 42287009900932 (start=50506060874478)
07-25 11:37:58.209 29635 30059 W AudioStreamImpl: Stale audio packet detected: 42287031197421 (start=50506060874478)
07-25 11:37:58.229 29635 30059 W AudioStreamImpl: Stale audio packet detected: 42287052540577 (start=50506060874478)
07-25 11:37:58.249 29635 30059 W AudioStreamImpl: Stale audio packet detected: 42287073870191 (start=50506060874478)
07-25 11:37:58.270 29635 30059 W AudioStreamImpl: Stale audio packet detected: 42287095221732 (start=50506060874478)
07-25 11:37:58.291 29635 30059 W AudioStreamImpl: Stale audio packet detected: 42287116561450 (start=50506060874478)
07-25 11:37:58.310 29635 30059 W AudioStreamImpl: Stale audio packet detected: 42287137869710 (start=50506060874478)
07-25 11:37:58.329 29635 30059 W AudioStreamImpl: Stale audio packet detected: 42287159217814 (start=50506060874478)
07-25 11:37:58.349 29635 30059 W AudioStreamImpl: Stale audio packet detected: 42287180528157 (start=50506060874478)
07-25 11:37:58.369 29635 30059 W AudioStreamImpl: Stale audio packet detected: 42287201856938 (start=50506060874478)
07-25 11:37:58.390 29635 30059 W AudioStreamImpl: Stale audio packet detected: 42287223193792 (start=50506060874478)
07-25 11:37:58.392 29635 29937 W JankMonitorFacade: VIDEO > result sensor delay = 1.10 > 1.10
07-25 11:37:58.429 29635 30059 W AudioStreamImpl: Stale audio packet detected: 42287244498361 (start=50506060874478)
07-25 11:37:58.450 29635 30059 W AudioStreamImpl: Stale audio packet detected: 42287265871413 (start=50506060874478)
07-25 11:37:58.469 29635 30059 W AudioStreamImpl: Stale audio packet detected: 42287287170454 (start=50506060874478)
07-25 11:37:58.491 29635 30059 W AudioStreamImpl: Stale audio packet detected: 42287308574651 (start=50506060874478)
07-25 11:37:58.509 29635 30059 W AudioStreamImpl: Stale audio packet detected: 42287329817182 (start=50506060874478)
07-25 11:37:58.529 29635 30059 W AudioStreamImpl: Stale audio packet detected: 42287351165338 (start=50506060874478)
07-25 11:37:58.549 29635 30059 W AudioStreamImpl: Stale audio packet detected: 42287372530681 (start=50506060874478)
07-25 11:37:58.570 29635 30059 W AudioStreamImpl: Stale audio packet detected: 42287393866806 (start=50506060874478)
07-25 11:37:58.589 29635 30059 W AudioStreamImpl: Stale audio packet detected: 42287415217201 (start=50506060874478)
07-25 11:37:58.609 29635 30059 W AudioStreamImpl: Stale audio packet detected: 42287436497857 (start=50506060874478)
07-25 11:37:58.629 29635 30059 W AudioStreamImpl: Stale audio packet detected: 42287457860127 (start=50506060874478)
07-25 11:37:58.650 29635 30059 W AudioStreamImpl: Stale audio packet detected: 42287479281095 (start=50506060874478)
07-25 11:37:58.669 29635 30059 W AudioStreamImpl: Stale audio packet detected: 42287500512272 (start=50506060874478)
07-25 11:37:58.690 29635 30059 W AudioStreamImpl: Stale audio packet detected: 42287521877875 (start=50506060874478)
07-25 11:37:58.709 29635 30059 W AudioStreamImpl: Stale audio packet detected: 42287543227750 (start=50506060874478)
07-25 11:37:58.729 29635 29818 D CCodecBufferChannel: [c2.android.aac.encoder#966] DEBUG: elapsed: n=4 [in=0 pipeline=0 out=0 smoothness=4]
07-25 11:37:58.729 29635 29818 D PipelineWatcher: DEBUG: elapsed 0 / 4
07-25 11:37:58.750 29635 30059 W AudioStreamImpl: Stale audio packet detected: 42287564707319 (start=50506060874478)
07-25 11:37:58.770 29635 30059 W AudioStreamImpl: Stale audio packet detected: 42287585994329 (start=50506060874478)
07-25 11:37:58.790 29635 30059 W AudioStreamImpl: Stale audio packet detected: 42287607337745 (start=50506060874478)
07-25 11:37:58.810 29635 30059 W AudioStreamImpl: Stale audio packet detected: 42287628697985 (start=50506060874478)
07-25 11:37:58.829 29635 30059 W AudioStreamImpl: Stale audio packet detected: 42287649997859 (start=50506060874478)
07-25 11:37:58.851 29635 30059 W AudioStreamImpl: Stale audio packet detected: 42287671360077 (start=50506060874478)
07-25 11:37:58.869 29635 30059 W AudioStreamImpl: Stale audio packet detected: 42287692718858 (start=50506060874478)
07-25 11:37:58.890 29635 30059 W AudioStreamImpl: Stale audio packet detected: 42287714004201 (start=50506060874478)
07-25 11:37:58.909 29635 30059 W AudioStreamImpl: Stale audio packet detected: 42287735304128 (start=50506060874478)
07-25 11:37:58.929 29635 30059 W AudioStreamImpl: Stale audio packet detected: 42287756643325 (start=50506060874478)
07-25 11:37:58.949 29635 30059 W AudioStreamImpl: Stale audio packet detected: 42287777990700 (start=50506060874478)
07-25 11:37:58.969 29635 30059 W AudioStreamImpl: Stale audio packet detected: 42287799323439 (start=50506060874478)
07-25 11:37:58.989 29635 30059 W AudioStreamImpl: Stale audio packet detected: 42287820653678 (start=50506060874478)
07-25 11:37:59.010 29635 30059 W AudioStreamImpl: Stale audio packet detected: 42287841991990 (start=50506060874478)
07-25 11:37:59.030 29635 30059 W AudioStreamImpl: Stale audio packet detected: 42287863321864 (start=50506060874478)
07-25 11:37:59.069 29635 30059 W AudioStreamImpl: Stale audio packet detected: 42287884665028 (start=50506060874478)
07-25 11:37:59.090 29635 30059 W AudioStreamImpl: Stale audio packet detected: 42287906087871 (start=50506060874478)
07-25 11:37:59.109 29635 30059 W AudioStreamImpl: Stale audio packet detected: 42287927318527 (start=50506060874478)
07-25 11:37:59.129 29635 30059 W AudioStreamImpl: Stale audio packet detected: 42287948638818 (start=50506060874478)
07-25 11:37:59.149 29635 30059 W AudioStreamImpl: Stale audio packet detected: 42287969975151 (start=50506060874478)
07-25 11:37:59.169 29635 30059 W AudioStreamImpl: Stale audio packet detected: 42287991309660 (start=50506060874478)
07-25 11:37:59.190 29635 30059 W AudioStreamImpl: Stale audio packet detected: 42288012656097 (start=50506060874478)
07-25 11:37:59.210 29635 30059 W AudioStreamImpl: Stale audio packet detected: 42288034001232 (start=50506060874478)
07-25 11:37:59.230 29635 30059 W AudioStreamImpl: Stale audio packet detected: 42288055323763 (start=50506060874478)
07-25 11:37:59.249 29635 30059 W AudioStreamImpl: Stale audio packet detected: 42288076684992 (start=50506060874478)
07-25 11:37:59.269 29635 30059 W AudioStreamImpl: Stale audio packet detected: 42288097988668 (start=50506060874478)
07-25 11:37:59.290 29635 30059 W AudioStreamImpl: Stale audio packet detected: 42288119324324 (start=50506060874478)
07-25 11:37:59.309 29635 30059 W AudioStreamImpl: Stale audio packet detected: 42288140655709 (start=50506060874478)
07-25 11:37:59.330 29635 30059 W AudioStreamImpl: Stale audio packet detected: 42288161981886 (start=50506060874478)
07-25 11:37:59.350 29635 30059 W AudioStreamImpl: Stale audio packet detected: 42288183390666 (start=50506060874478)
07-25 11:37:59.389 29635 30059 W AudioStreamImpl: Stale audio packet detected: 42288204668777 (start=50506060874478)
07-25 11:37:59.409 29635 30059 W AudioStreamImpl: Stale audio packet detected: 42288226055162 (start=50506060874478)
07-25 11:37:59.430 29635 30059 W AudioStreamImpl: Stale audio packet detected: 42288247322120 (start=50506060874478)
07-25 11:37:59.450 29635 30059 W AudioStreamImpl: Stale audio packet detected: 42288268657672 (start=50506060874478)
07-25 11:37:59.469 29635 30059 W AudioStreamImpl: Stale audio packet detected: 42288289987182 (start=50506060874478)
07-25 11:37:59.490 29635 30059 W AudioStreamImpl: Stale audio packet detected: 42288311349921 (start=50506060874478)
07-25 11:37:59.510 29635 30059 W AudioStreamImpl: Stale audio packet detected: 42288332698806 (start=50506060874478)
07-25 11:37:59.530 29635 30059 W AudioStreamImpl: Stale audio packet detected: 42288353983264 (start=50506060874478)
07-25 11:37:59.550 29635 30059 W AudioStreamImpl: Stale audio packet detected: 42288375341159 (start=50506060874478)
07-25 11:37:59.569 29635 30059 W AudioStreamImpl: Stale audio packet detected: 42288396658325 (start=50506060874478)
07-25 11:37:59.589 29635 30059 W AudioStreamImpl: Stale audio packet detected: 42288417991637 (start=50506060874478)
07-25 11:37:59.609 29635 30059 W AudioStreamImpl: Stale audio packet detected: 42288439374480 (start=50506060874478)
07-25 11:37:59.629 29635 30059 W AudioStreamImpl: Stale audio packet detected: 42288460655448 (start=50506060874478)
07-25 11:37:59.649 29635 30059 W AudioStreamImpl: Stale audio packet detected: 42288481995323 (start=50506060874478)
07-25 11:37:59.669 29635 30059 W AudioStreamImpl: Stale audio packet detected: 42288503321083 (start=50506060874478)
07-25 11:37:59.710 29635 30059 W AudioStreamImpl: Stale audio packet detected: 42288524662944 (start=50506060874478)
07-25 11:37:59.729 29635 30059 W AudioStreamImpl: Stale audio packet detected: 42288545987246 (start=50506060874478)
07-25 11:37:59.750 29635 30059 W AudioStreamImpl: Stale audio packet detected: 42288567332016 (start=50506060874478)
07-25 11:37:59.769 29635 30059 W AudioStreamImpl: Stale audio packet detected: 42288588671526 (start=50506060874478)
07-25 11:37:59.790 29635 30059 W AudioStreamImpl: Stale audio packet detected: 42288609994629 (start=50506060874478)
07-25 11:37:59.810 29635 30059 W AudioStreamImpl: Stale audio packet detected: 42288631320441 (start=50506060874478)
07-25 11:37:59.830 29635 30059 W AudioStreamImpl: Stale audio packet detected: 42288652695212 (start=50506060874478)
07-25 11:37:59.850 29635 30059 W AudioStreamImpl: Stale audio packet detected: 42288674000763 (start=50506060874478)
07-25 11:37:59.869 29635 30059 W AudioStreamImpl: Stale audio packet detected: 42288695310430 (start=50506060874478)
07-25 11:37:59.889 29635 30059 W AudioStreamImpl: Stale audio packet detected: 42288716626762 (start=50506060874478)
07-25 11:37:59.909 29635 30059 W AudioStreamImpl: Stale audio packet detected: 42288737968356 (start=50506060874478)
07-25 11:37:59.929 29635 30059 W AudioStreamImpl: Stale audio packet detected: 42288759314376 (start=50506060874478)
07-25 11:37:59.949 29635 30059 W AudioStreamImpl: Stale audio packet detected: 42288780650188 (start=50506060874478)
07-25 11:37:59.973 29635 30059 W AudioStreamImpl: Stale audio packet detected: 42288801980219 (start=50506060874478)
07-25 11:37:59.989 29635 30059 W AudioStreamImpl: Stale audio packet detected: 42288823307176 (start=50506060874478)
07-25 11:38:00.029 29635 30059 W AudioStreamImpl: Stale audio packet detected: 42288844632006 (start=50506060874478)
07-25 11:38:00.050 29635 30059 W AudioStreamImpl: Stale audio packet detected: 42288865980787 (start=50506060874478)
07-25 11:38:00.070 29635 30059 W AudioStreamImpl: Stale audio packet detected: 42288887311755 (start=50506060874478)
07-25 11:38:00.090 29635 30059 W AudioStreamImpl: Stale audio packet detected: 42288908653609 (start=50506060874478)
07-25 11:38:00.111 29635 30059 W AudioStreamImpl: Stale audio packet detected: 42288929989369 (start=50506060874478)
07-25 11:38:00.130 29635 30059 W AudioStreamImpl: Stale audio packet detected: 42288951326014 (start=50506060874478)
07-25 11:38:00.150 29635 30059 W AudioStreamImpl: Stale audio packet detected: 42288972657347 (start=50506060874478)
07-25 11:38:00.169 29635 30059 W AudioStreamImpl: Stale audio packet detected: 42288994003888 (start=50506060874478)
07-25 11:38:00.189 29635 30059 W AudioStreamImpl: Stale audio packet detected: 42289015308086 (start=50506060874478)
07-25 11:38:00.209 29635 30059 W AudioStreamImpl: Stale audio packet detected: 42289036654523 (start=50506060874478)
07-25 11:38:00.229 29635 30059 W AudioStreamImpl: Stale audio packet detected: 42289057969866 (start=50506060874478)
07-25 11:38:00.249 29635 30059 W AudioStreamImpl: Stale audio packet detected: 42289079308126 (start=50506060874478)
07-25 11:38:00.269 29635 30059 W AudioStreamImpl: Stale audio packet detected: 42289100662792 (start=50506060874478)
07-25 11:38:00.290 29635 30059 W AudioStreamImpl: Stale audio packet detected: 42289121989854 (start=50506060874478)
07-25 11:38:00.311 29635 30059 W AudioStreamImpl: Stale audio packet detected: 42289143405822 (start=50506060874478)
07-25 11:38:00.350 29635 30059 W AudioStreamImpl: Stale audio packet detected: 42289164660392 (start=50506060874478)
07-25 11:38:00.370 29635 30059 W AudioStreamImpl: Stale audio packet detected: 42289185986725 (start=50506060874478)
07-25 11:38:00.389 29635 30059 W AudioStreamImpl: Stale audio packet detected: 42289207328266 (start=50506060874478)
07-25 11:38:00.412 29635 30059 W AudioStreamImpl: Stale audio packet detected: 42289228661258 (start=50506060874478)
07-25 11:38:00.430 29635 30059 W AudioStreamImpl: Stale audio packet detected: 42289249986660 (start=50506060874478)
07-25 11:38:00.449 29635 30059 W AudioStreamImpl: Stale audio packet detected: 42289271322160 (start=50506060874478)
07-25 11:38:00.470 29635 30059 W AudioStreamImpl: Stale audio packet detected: 42289292667659 (start=50506060874478)
07-25 11:38:00.490 29635 30059 W AudioStreamImpl: Stale audio packet detected: 42289314178315 (start=50506060874478)
07-25 11:38:00.511 29635 30059 W AudioStreamImpl: Stale audio packet detected: 42289335327148 (start=50506060874478)
07-25 11:38:00.529 29635 30059 W AudioStreamImpl: Stale audio packet detected: 42289356646918 (start=50506060874478)
07-25 11:38:00.550 29635 30059 W AudioStreamImpl: Stale audio packet detected: 42289377989918 (start=50506060874478)
07-25 11:38:00.569 29635 30059 W AudioStreamImpl: Stale audio packet detected: 42289399326459 (start=50506060874478)
07-25 11:38:00.589 29635 30059 W AudioStreamImpl: Stale audio packet detected: 42289420638104 (start=50506060874478)
07-25 11:38:00.610 29635 30059 W AudioStreamImpl: Stale audio packet detected: 42289441980479 (start=50506060874478)
07-25 11:38:00.629 29635 30059 W AudioStreamImpl: Stale audio packet detected: 42289463325510 (start=50506060874478)
07-25 11:38:00.669 29635 30059 W AudioStreamImpl: Stale audio packet detected: 42289484655131 (start=50506060874478)
07-25 11:38:00.690 29635 30059 W AudioStreamImpl: Stale audio packet detected: 42289505988183 (start=50506060874478)
07-25 11:38:00.711 29635 30059 W AudioStreamImpl: Stale audio packet detected: 42289527322641 (start=50506060874478)
07-25 11:38:00.729 29635 30059 W AudioStreamImpl: Stale audio packet detected: 42289548641942 (start=50506060874478)
07-25 11:38:00.750 29635 30059 W AudioStreamImpl: Stale audio packet detected: 42289570001608 (start=50506060874478)
07-25 11:38:00.769 29635 30059 W AudioStreamImpl: Stale audio packet detected: 42289591313306 (start=50506060874478)
07-25 11:38:00.789 29635 30059 W AudioStreamImpl: Stale audio packet detected: 42289612653076 (start=50506060874478)
07-25 11:38:00.799 29635 29822 D BufferPoolAccessor2.0: evictor expired: 4, evicted: 0
07-25 11:38:00.810 29635 30059 W AudioStreamImpl: Stale audio packet detected: 42289633997846 (start=50506060874478)
