--------- beginning of main
07-25 11:37:36.814 29635 29682 W LOG_CamIDList : [0, 1]
07-25 11:37:36.817 29635 29681 W VideoCapabilities: Unsupported mime image/vnd.android.heic
07-25 11:37:36.818 29635 29681 W VideoCapabilities: Unrecognized profile/level 0/3 for video/mpeg2
07-25 11:37:36.818 29635 29681 W VideoCapabilities: Unrecognized profile/level 0/3 for video/mpeg2
07-25 11:37:36.818 29635 29681 W VideoCapabilities: Unsupported mime video/x-ms-wmv
07-25 11:37:36.821 29635 29635 W CAM_Log : Tag ConfigGserviceSource is 1 chars longer than limit.
07-25 11:37:36.846 29635 29635 W HDR+_command : CAM_ActivityStartup
07-25 11:37:36.846 29635 29635 I chatty  : uid=10379(com.google.android.GoogleCamMGD) identical 2 lines
07-25 11:37:36.846 29635 29635 W HDR+_command : CAM_ActivityStartup
07-25 11:37:36.847 29635 29702 W HDR+_command : CAM_ActivityStartup
07-25 11:37:36.851 29635 29635 I MiuiMultiWindowUtils: isSupportMultiSwitchFeature = false
07-25 11:37:36.853 29635 29701 W id.GoogleCamMG: Accessing hidden field Ljava/util/Collections$SynchronizedCollection;->mutex:Ljava/lang/Object; (greylist-max-o, reflection, denied)
07-25 11:37:36.854 29635 29701 W id.GoogleCamMG: Accessing hidden method Ljava/util/Collections$SynchronizedSet;-><init>(Ljava/util/Set;Ljava/lang/Object;)V (greylist-max-o, reflection, denied)
07-25 11:37:36.857 29635 29702 W HDR+_command : CAM_ActivityStartup
07-25 11:37:36.857 29635 29701 W id.GoogleCamMG: Accessing hidden method Ljava/util/Collections$SynchronizedCollection;-><init>(Ljava/util/Collection;Ljava/lang/Object;)V (greylist-max-o, reflection, denied)
07-25 11:37:36.857 29635 29681 W CAM_StorageModule: Build number (V12.0.3.0.RJUIDXM) is not a number. Ignoring version check for b/149569689.
07-25 11:37:36.858 29635 29681 W LOG_CamIDList : [0, 1]
07-25 11:37:36.858 29635 29681 I CameraManagerGlobal: Connecting to camera service
07-25 11:37:36.860 29635 29702 W LOG_CamIDList : [0, 1]
07-25 11:37:36.865 29635 29681 I FeatureParser: can't find vayu.xml in assets/device_features/,it may be in /vendor/etc/device_features
07-25 11:37:36.867 29635 29681 W CameraManagerGlobal: [soar.cts] ignore the status update of camera: 2
07-25 11:37:36.867 29635 29681 W CameraManagerGlobal: [soar.cts] ignore the status update of camera: 3
07-25 11:37:36.867 29635 29681 W CameraManagerGlobal: [soar.cts] ignore the status update of camera: 4
07-25 11:37:36.867 29635 29681 W CameraManagerGlobal: [soar.cts] ignore the status update of camera: 5
07-25 11:37:36.867 29635 29681 W CameraManagerGlobal: [soar.cts] ignore the status update of camera: 6
07-25 11:37:36.867 29635 29681 W CameraManagerGlobal: [soar.cts] ignore the status update of camera: 7
07-25 11:37:36.867 29635 29681 W CameraManagerGlobal: [soar.cts] ignore the status update of camera: 8
07-25 11:37:36.867 29635 29655 W CameraManagerGlobal: ignore the torch status update of camera: 3
07-25 11:37:36.867 29635 29655 W CameraManagerGlobal: ignore the torch status update of camera: 4
07-25 11:37:36.867 29635 29655 W CameraManagerGlobal: ignore the torch status update of camera: 5
07-25 11:37:36.867 29635 29655 W CameraManagerGlobal: ignore the torch status update of camera: 6
07-25 11:37:36.867 29635 29655 W CameraManagerGlobal: ignore the torch status update of camera: 7
07-25 11:37:36.868 29635 29681 I CameraMetadataJV: setAppNameAndSensorId all [com.ludashi:0,add,8000x6000,33,false]
07-25 11:37:36.868 29635 29681 I CameraMetadataJV: setAppNameAndSensorId all [com.ludashi:1,add,5184x3880,33,false]
07-25 11:37:36.868 29635 29681 I CameraMetadataJV: setAppNameAndSensorId all [com.antutu:0,ssize,8000x6000,0,false]
07-25 11:37:36.868 29635 29681 I CameraMetadataJV: setAppNameAndSensorId all [com.antutu:1,ssize,5184x3880,0,false]
07-25 11:37:36.877 29635 29681 W HDR+_command : CAM_CameraMetadata
07-25 11:37:36.880 29635 29681 W HDR+_command : CAM_CameraMetadata
07-25 11:37:36.895 29635 29681 W LOG_CamIDList : [0, 1]
07-25 11:37:36.895 29635 29681 W HDR+_command : CAM_ActivityStartup
07-25 11:37:36.899 29635 29710 W HDR+_command : CAM_CptModuleCfgBldr
07-25 11:37:36.902 29635 29710 W HDR+_command : CAM_VirtualCameraMgr
07-25 11:37:36.902 29635 29710 W HDR+_command : CAM_ActivityStartup
07-25 11:37:36.902 29635 29710 W HDR+_command : CAM_ActivityStartup
07-25 11:37:36.907 29635 29710 W CAM_Log : Tag PckStreamConfigModule is 2 chars longer than limit.
07-25 11:37:36.914 29635 29714 E libc    : Access denied finding property "persist.vendor.camera.privapp.list"
07-25 11:37:36.925 29635 29715 I AdrenoGLES-0: QUALCOMM build                   : 3142bdd, I7afe4835b7
07-25 11:37:36.925 29635 29715 I AdrenoGLES-0: Build Date                       : 09/22/20
07-25 11:37:36.925 29635 29715 I AdrenoGLES-0: OpenGL ES Shader Compiler Version: EV031.32.02.00
07-25 11:37:36.925 29635 29715 I AdrenoGLES-0: Local Branch                     : mybrancheafcbb65-f91c-f1f0-b516-1458d0b52af0
07-25 11:37:36.925 29635 29715 I AdrenoGLES-0: Remote Branch                    : quic/gfx-adreno.lnx.1.0.r99-rel
07-25 11:37:36.925 29635 29715 I AdrenoGLES-0: Remote Branch                    : NONE
07-25 11:37:36.925 29635 29715 I AdrenoGLES-0: Reconstruct Branch               : NOTHING
07-25 11:37:36.925 29635 29715 I AdrenoGLES-0: Build Config                     : S P 10.0.6 AArch64
07-25 11:37:36.925 29635 29715 I AdrenoGLES-0: Driver Path                      : /vendor/lib64/egl/libGLESv2_adreno.so
07-25 11:37:36.929 29635 29654 W CameraManagerGlobal: ignore the torch status update of camera: 3
07-25 11:37:36.930 29635 29654 W CameraManagerGlobal: ignore the torch status update of camera: 4
07-25 11:37:36.930 29635 29654 W CameraManagerGlobal: ignore the torch status update of camera: 5
07-25 11:37:36.930 29635 29715 I AdrenoGLES-0: PFP: 0x016ee190, ME: 0x00000000
07-25 11:37:36.932 29635 29654 W CameraManagerGlobal: ignore the torch status update of camera: 6
07-25 11:37:36.932 29635 29654 W CameraManagerGlobal: ignore the torch status update of camera: 7
07-25 11:37:36.936 29635 29635 W CAM_Log : Tag ShutterBtnProgressOverlay is 6 chars longer than limit.
07-25 11:37:36.939 29635 29714 W HDR+_command : CAM_VirtualCameraMgr
07-25 11:37:36.942 29635 29635 W HDR+_command : CAM_ActivityUiStartup
07-25 11:37:36.942 29635 29635 I chatty  : uid=10379(com.google.android.GoogleCamMGD) identical 1 line
07-25 11:37:36.942 29635 29635 W HDR+_command : CAM_ActivityUiStartup
07-25 11:37:36.943 29635 29702 W HDR+_command : CAM_ActivityUiStartup
07-25 11:37:36.943 29635 29702 W HDR+_command : CAM_Viewfinder
07-25 11:37:36.819 29635 29635 W id.GoogleCamMGD: type=1400 audit(0.0:370682): avc: denied { read } for name="enforce" dev="selinuxfs" ino=4 scontext=u:r:untrusted_app:s0:c123,c257,c512,c768 tcontext=u:object_r:selinuxfs:s0 tclass=file permissive=0 app=com.google.android.GoogleCamMGD
07-25 11:37:36.946 29635 29635 W HDR+_command : CAM_CamDeviceWakelock
07-25 11:37:36.951 29635 29702 W CAM_Log : Tag ZoomLockViewController is 3 chars longer than limit.
07-25 11:37:36.951 29635 29702 W CAM_Log : Tag ShutterButtonAnimator is 2 chars longer than limit.
--------- beginning of system
07-25 11:37:36.960 29635 29635 W Looper  : PerfMonitor looperActivity : package=com.google.android.GoogleCamMGD/com.android.camera.CameraLauncher time=0ms latency=329ms running=0ms  procState=2 ClientTransaction{ callbacks=[android.app.servertransaction.TopResumedActivityChangeItem] } historyMsgCount=3 (msgIndex=2 wall=93ms seq=2 running=40ms runnable=11ms io=35ms binder=10ms late=1ms h=android.app.ActivityThread$H w=110) (msgIndex=3 wall=236ms seq=3 running=114ms runnable=20ms io=10ms binder=24ms late=94ms h=android.app.ActivityThread$H w=159)
07-25 11:37:36.971 29635 29702 V qyv     : PIXEL_AWB worked
07-25 11:37:36.971 29635 29702 W FIX_SENSOR_INFO_PHYSICAL_SIZE_getWidth: 4.0
07-25 11:37:36.971 29635 29702 W FIX_SENSOR_INFO_PHYSICAL_SIZE_getHeight: 3.0
07-25 11:37:36.972 29635 29702 W FIX_SENSOR_INFO_PIXEL_ARRAY_SIZE_getWidth: 4000
07-25 11:37:36.972 29635 29702 W FIX_SENSOR_INFO_PIXEL_ARRAY_SIZE_getHeight: 3000
07-25 11:37:36.909 29635 29635 W Camera-Ex: type=1400 audit(0.0:370683): avc: denied { read } for name="u:object_r:vendor_persist_camera_prop:s0" dev="tmpfs" ino=10180 scontext=u:r:untrusted_app:s0:c123,c257,c512,c768 tcontext=u:object_r:vendor_persist_camera_prop:s0 tclass=file permissive=0 app=com.google.android.GoogleCamMGD
07-25 11:37:36.987 29635 29702 V qyv     : PIXEL_AWB worked
07-25 11:37:36.988 29635 29702 W FIX_SENSOR_INFO_PHYSICAL_SIZE_getWidth: 2.592
07-25 11:37:36.988 29635 29702 W FIX_SENSOR_INFO_PHYSICAL_SIZE_getHeight: 1.94
07-25 11:37:36.988 29635 29702 W FIX_SENSOR_INFO_PIXEL_ARRAY_SIZE_getWidth: 2592
07-25 11:37:36.988 29635 29702 W FIX_SENSOR_INFO_PIXEL_ARRAY_SIZE_getHeight: 1940
07-25 11:37:36.991 29635 29702 W HDR+_command : CAM_HexagonEnv
07-25 11:37:36.995 29635 29702 I com.google.android.GoogleCamMGD: vendor/qcom/proprietary/commonsys-intf/adsprpc/src/rpcmem_android.c:141: rpcmem_init_internal: opened ION device fd 68, configured heap IDs: system (0x2000000), contig (0x400000), secure (0x200), secure flags (0x80080000)
07-25 11:37:36.996 29635 29702 I com.google.android.GoogleCamMGD: vendor/qcom/proprietary/commonsys-intf/adsprpc/src/fastrpc_apps_user.c:2736: fastrpc_apps_user_init done
07-25 11:37:36.996 29635 29702 W HDR+_command : CAM_HexagonEnv
07-25 11:37:37.011 29635 29702 W CAM_Log : Tag SceneDistanceAdviceSettings is 8 chars longer than limit.
07-25 11:37:37.015 29635 29702 E libc    : Access denied finding property "ro.vendor.df.effect.conflict"
07-25 11:37:37.015 29635 29702 E libc    : Access denied finding property "ro.vendor.knock.type"
07-25 11:37:37.015 29635 29702 W CAM_Log : Tag LongExposureStatechart is 3 chars longer than limit.
07-25 11:37:37.009 29635 29635 W 00UiWorker: type=1400 audit(0.0:370686): avc: denied { read } for name="u:object_r:vendor_displayfeature_prop:s0" dev="tmpfs" ino=10148 scontext=u:r:untrusted_app:s0:c123,c257,c512,c768 tcontext=u:object_r:vendor_displayfeature_prop:s0 tclass=file permissive=0 app=com.google.android.GoogleCamMGD
07-25 11:37:37.019 29635 29702 W CAM_Log : Tag MediaStoreDataLoader is 1 chars longer than limit.
07-25 11:37:37.109 29635 29635 W CAM_SlfUpdTemperature: Was already registered as ThermalStatusListener on AppStart
07-25 11:37:37.111 29635 29635 W CAM_Log : Tag HdrPlusTemperatureListener is 7 chars longer than limit.
07-25 11:37:37.114 29635 29635 W CAM_ModeSwitcher: ModeSwitcher WAS ALREADY ENABLED!
07-25 11:37:37.118 29635 29635 W HDR+_command : CAM_CptModuleCfgBldr
07-25 11:37:37.121 29635 29635 W HDR+_command : CAM_ActivityUiStartup
07-25 11:37:37.121 29635 29635 W HDR+_command : CAM_Viewfinder
07-25 11:37:37.121 29635 29635 I chatty  : uid=10379(com.google.android.GoogleCamMGD) identical 1 line
07-25 11:37:37.121 29635 29635 W HDR+_command : CAM_Viewfinder
07-25 11:37:37.125 29635 29714 W HDR+_command : CAM_AudioRestrictApi
07-25 11:37:37.125 29635 29635 W HDR+_command : CAM_DualEvCtrl
07-25 11:37:37.126 29635 29635 W HDR+_command : CAM_DualEvCtrl
07-25 11:37:37.135 29635 29635 D SurfaceView: UPDATE null, mIsCastMode = false
07-25 11:37:37.136 29635 29635 W HDR+_command : CAM_ViewfinderSV0
07-25 11:37:37.136 29635 29635 I chatty  : uid=10379(com.google.android.GoogleCamMGD) identical 2 lines
07-25 11:37:37.136 29635 29635 W HDR+_command : CAM_ViewfinderSV0
07-25 11:37:37.136 29635 29635 D SurfaceView: UPDATE Surface(name=SurfaceView - com.google.android.GoogleCamMGD/com.android.camera.CameraLauncher)/@0x6678914, mIsProjectionMode = false
07-25 11:37:38.012 29635 29710 W CAM_DeviceErrorBroadcas: Tag DeviceErrorBroadcaster is 3 chars longer than limit.
07-25 11:37:38.014 29635 29710 W HDR+_command : CAM_PRIVATEw800
07-25 11:37:38.014 29635 29710 W HDR+_command : CAM_PRIVATEw800
07-25 11:37:38.015 29635 29710 W HDR+_command : CAM_YUV_420_888w800
07-25 11:37:38.015 29635 29710 W HDR+_command : CAM_YUV_420_888w800
07-25 11:37:38.015 29635 29710 W HDR+_command : CAM_RAW10w4000
07-25 11:37:38.015 29635 29710 W HDR+_command : CAM_RAW10w4000
07-25 11:37:38.017 29635 29710 W HDR+_command : CAM_FrameServerLock
07-25 11:37:38.017 29635 29710 W HDR+_command : CAM_CamDeviceWakelock
07-25 11:37:38.017 29635 29710 W HDR+_command : CAM_FrameServer
07-25 11:37:38.017 29635 29710 I chatty  : uid=10379(com.google.android.GoogleCamMGD) CriticalPath identical 9 lines
07-25 11:37:38.018 29635 29710 W HDR+_command : CAM_FrameServer
07-25 11:37:38.018 29635 29710 W HDR+_command : CAM_CameraOpener
07-25 11:37:38.018 29635 29710 W HDR+_command : CAM_VirtualCameraMgr
07-25 11:37:38.018 29635 29710 W HDR+_command : CAM_VirtualCameraMgr
07-25 11:37:38.018 29635 29714 W HDR+_command : CAM_VirtualCameraMgr
07-25 11:37:38.018 29635 29710 W HDR+_command : CAM_FrameServer
07-25 11:37:38.020 29635 29710 E qyv     : Android Q or higher required.
07-25 11:37:38.026 29635 29710 V qyv     : PIXEL_AWB worked
07-25 11:37:38.026 29635 29710 W FIX_SENSOR_INFO_PHYSICAL_SIZE_getWidth: 4.0
07-25 11:37:38.026 29635 29710 W FIX_SENSOR_INFO_PHYSICAL_SIZE_getHeight: 3.0
07-25 11:37:38.026 29635 29710 W FIX_SENSOR_INFO_PIXEL_ARRAY_SIZE_getWidth: 4000
07-25 11:37:38.026 29635 29710 W FIX_SENSOR_INFO_PIXEL_ARRAY_SIZE_getHeight: 3000
07-25 11:37:38.028 29635 29654 W CameraManagerGlobal: ignore the torch status update of camera: 3
07-25 11:37:38.029 29635 29654 W CameraManagerGlobal: ignore the torch status update of camera: 4
07-25 11:37:38.029 29635 29654 W CameraManagerGlobal: ignore the torch status update of camera: 5
07-25 11:37:38.029 29635 29654 W CameraManagerGlobal: ignore the torch status update of camera: 6
07-25 11:37:38.029 29635 29654 W CameraManagerGlobal: ignore the torch status update of camera: 7
07-25 11:37:38.030 29635 29710 V qyv     : PIXEL_AWB worked
07-25 11:37:38.030 29635 29710 W FIX_SENSOR_INFO_PHYSICAL_SIZE_getWidth: 2.592
07-25 11:37:38.030 29635 29710 W FIX_SENSOR_INFO_PHYSICAL_SIZE_getHeight: 1.94
07-25 11:37:38.030 29635 29710 W FIX_SENSOR_INFO_PIXEL_ARRAY_SIZE_getWidth: 2592
07-25 11:37:38.030 29635 29710 W FIX_SENSOR_INFO_PIXEL_ARRAY_SIZE_getHeight: 1940
07-25 11:37:38.032 29635 29714 W HDR+_command : CAM_VirtualCameraMgr
07-25 11:37:38.033 29635 29714 E libc    : Access denied finding property "persist.vendor.camera.privapp.list"
07-25 11:37:38.033 29635 29710 E qyv     : Android Q or higher required.
07-25 11:37:38.033 29635 29710 W HDR+_command : CAM_PictureTakerModule
07-25 11:37:38.033 29635 29710 W HDR+_command : CAM_FrameStreamMap
07-25 11:37:38.033 29635 29710 W HDR+_command : CAM_FrameBufferMap
07-25 11:37:38.034 29635 29710 W HDR+_command : CAM_RequestQueue
07-25 11:37:38.034 29635 29710 W HDR+_command : CAM_DualEvCtrl
07-25 11:37:38.034 29635 29710 W HDR+_command : CAM_FrameStreamMap
07-25 11:37:38.034 29635 29710 W HDR+_command : CAM_FrameBufferMap
07-25 11:37:38.034 29635 29710 W HDR+_command : CAM_RequestQueue
07-25 11:37:38.035 29635 29710 W HDR+_command : CAM_PckOneCamera-0
07-25 11:37:38.036 29635 29710 W HDR+_command : CAM_FrameServer
07-25 11:37:38.019 29635 29635 W Camera-Ex: type=1400 audit(0.0:370687): avc: denied { read } for name="u:object_r:vendor_persist_camera_prop:s0" dev="tmpfs" ino=10180 scontext=u:r:untrusted_app:s0:c123,c257,c512,c768 tcontext=u:object_r:vendor_persist_camera_prop:s0 tclass=file permissive=0 app=com.google.android.GoogleCamMGD
07-25 11:37:38.037 29635 29773 W CAPTURE_REQUEST_MAP_ADD : android.control.afTrigger
07-25 11:37:38.037 29635 29681 W HDR+_command : CAM_FrameStreamMap
07-25 11:37:38.041 29635 29681 E qyv     : Android Q or higher required.
07-25 11:37:38.041 29635 29710 W HDR+_command : CAM_FrameStreamMap
07-25 11:37:38.041 29635 29710 W HDR+_command : CAM_FrameBufferMap
07-25 11:37:38.041 29635 29710 W HDR+_command : CAM_RequestQueue
07-25 11:37:38.042 29635 29681 W HDR+_command : CAM_FrameBufferMap
07-25 11:37:38.042 29635 29681 W HDR+_command : CAM_RequestQueue
07-25 11:37:38.045 29635 29710 W HDR+_command : CAM_PckOneCamera-0
07-25 11:37:38.046 29635 29654 W CameraManagerGlobal: ignore the torch status update of camera: 3
07-25 11:37:38.046 29635 29654 W CameraManagerGlobal: ignore the torch status update of camera: 4
07-25 11:37:38.046 29635 29654 W CameraManagerGlobal: ignore the torch status update of camera: 5
07-25 11:37:38.046 29635 29654 W CameraManagerGlobal: ignore the torch status update of camera: 6
07-25 11:37:38.048 29635 29654 W CameraManagerGlobal: ignore the torch status update of camera: 7
07-25 11:37:38.048 29635 29635 W CAM_Log : Tag SmartsGestureListener is 2 chars longer than limit.
07-25 11:37:38.049 29635 29635 W CAM_ModeSwitcher: ModeSwitcher WAS ALREADY ENABLED!
07-25 11:37:38.050 29635 29714 W HDR+_command : CAM_VirtualCameraMgr
07-25 11:37:38.050 29635 29714 W HDR+_command : CAM_CameraDeviceState
07-25 11:37:38.051 29635 29714 W HDR+_command : CAM_SessionOpener
07-25 11:37:38.053 29635 29681 W HDR+_command : CAM_FrameStreamMap
07-25 11:37:38.053 29635 29681 W HDR+_command : CAM_FrameBufferMap
07-25 11:37:38.053 29635 29681 W HDR+_command : CAM_RequestQueue
07-25 11:37:38.057 29635 29681 W HDR+_command : CAM_PckHdrPImgCapCmd
07-25 11:37:38.057 29635 29681 W HDR+_command : CAM_PckHdrPImgCapCmd
07-25 11:37:38.058 29635 29681 W HDR+_command : CAM_FrameStreamMap
07-25 11:37:38.058 29635 29681 W HDR+_command : CAM_FrameBufferMap
07-25 11:37:38.058 29635 29681 W HDR+_command : CAM_RequestQueue
07-25 11:37:38.060 29635 29681 W HDR+_command : CAM_ImgCptrCmdReady
07-25 11:37:38.134 29635 29766 W HDR+_command : CAM_SimpleReqProcessor
07-25 11:37:38.139 29635 29766 W HDR+_command : CAM_CaptureSessionState
07-25 11:37:38.139 29635 29766 W HDR+_command : CAM_CaptureSessionState
07-25 11:37:38.278 29635 29765 W CameraMetadataJV: Expect face scores and rectangles to be non-null
07-25 11:37:38.279 29635 29789 E OisListener: Null pointer for OIS data. OIS API version: 2
07-25 11:37:38.284 29635 29765 W CAM_Log : Tag DeviceStabilitySmplr is 1 chars longer than limit.
07-25 11:37:38.288 29635 29791 W qyv     : CaptureResult is present COLOR_CORRECTION_GAINS FIX.
07-25 11:37:38.289 29635 29791 E qyv     : Unexpected STATISTICS_SCENE_FLICKER type!
07-25 11:37:38.292 29635 29791 E libgcam : [gcam.cc:873]: TemporallyBinViewfinderFrame: [zsl-ns] AE produced invalid result: can't run binning.
07-25 11:37:38.310 29635 29766 W HDR+_command : CAM_SimpleReqProcessor
07-25 11:37:38.311 29635 29765 W CameraMetadataJV: Expect face scores and rectangles to be non-null
07-25 11:37:38.312 29635 29682 W HDR+_command : CAM_FrameStreamMap
07-25 11:37:38.312 29635 29682 W HDR+_command : CAM_FrameBufferMap
07-25 11:37:38.312 29635 29682 W HDR+_command : CAM_RequestQueue
07-25 11:37:38.315 29635 29682 W FeatureExtractors: Extractor (frame) of type feature.acmi.imu.frame-straightness depends on foreign type feature.acmi.imu.camera-orientation! Feature values may be calculated out of order!
07-25 11:37:38.315 29635 29682 W FeatureExtractors: Extractor (frame) of type feature.acmi.imu.frame-straightness depends on foreign type feature.acmi.imu.camera-orientation! Feature values may be calculated out of order!
07-25 11:37:38.325 29635 29635 W HDR+_command : CAM_ActivityUiStartup
07-25 11:37:38.325 29635 29635 W HDR+_command : CAM_ActivityUiStartup
07-25 11:37:38.330 29635 29791 W qyv     : CaptureResult is present COLOR_CORRECTION_GAINS FIX.
07-25 11:37:38.335 29635 29791 E libgcam : [gcam.cc:873]: TemporallyBinViewfinderFrame: [zsl-ns] AE produced invalid result: can't run binning.
07-25 11:37:38.337 29635 29793 W HDR+_command : CAM_FrameStreamMap
07-25 11:37:38.338 29635 29793 W HDR+_command : CAM_FrameBufferMap
07-25 11:37:38.338 29635 29793 W HDR+_command : CAM_RequestQueue
07-25 11:37:38.347 29635 29765 W CameraMetadataJV: Expect face scores and rectangles to be non-null
07-25 11:37:38.348 29635 29702 W CAM_Log : Tag LensLiteTemperatureListener is 8 chars longer than limit.
07-25 11:37:38.358 29635 29791 W qyv     : CaptureResult is present COLOR_CORRECTION_GAINS FIX.
07-25 11:37:38.359 29635 29811 W HDR+_command : Generic
07-25 11:37:38.361 29635 29791 E libgcam : [gcam.cc:873]: TemporallyBinViewfinderFrame: [zsl-ns] AE produced invalid result: can't run binning.
07-25 11:37:38.362 29635 29635 W CAM_OptionsBarCtlr2: Tried to get MenuOption for property ipe@5e56cd4 with value false but value wasn't found in map. Returning default instead: UNKNOWN
07-25 11:37:38.362 29635 29635 W CAM_OptionsBarCtlr2: Property value false is not associated with a MenuOption.
07-25 11:37:38.363 29635 29635 W CAM_OptionsBarCtlr2: Tried to get MenuOption for property ipe@8954172 with value false but value wasn't found in map. Returning default instead: UNKNOWN
07-25 11:37:38.363 29635 29635 W CAM_OptionsBarCtlr2: Property value false is not associated with a MenuOption.
07-25 11:37:38.375 29635 29682 W CAM_CameraDeviceVerifie: Tag CameraDeviceVerifier is 1 chars longer than limit.
07-25 11:37:38.377 29635 29681 I tflite  : Initialized TensorFlow Lite runtime.
07-25 11:37:38.378 29635 29682 W HDR+_command : CAM_ShotTracker
07-25 11:37:38.381 29635 29793 D AudioRecord: set(): inputSource 5, sampleRate 48000, format 0x1, channelMask 0xc, frameCount 3840, notificationFrames 0, sessionId 0, transferType 0, flags 0, opPackageName com.google.android.GoogleCamMGD uid -1, pid -1
07-25 11:37:38.387 29635 29816 D CCodec  : allocate(c2.android.vorbis.decoder)
07-25 11:37:38.390 29635 29816 I Codec2Client: Available Codec2 services: "default" "software"
07-25 11:37:38.392 29635 29765 W CameraMetadataJV: Expect face scores and rectangles to be non-null
07-25 11:37:38.393 29635 29765 W JankMonitorFacade: UNINITIALIZED > rel Δ(result sensor timestamp) = 0.38 > 0.25
07-25 11:37:38.394 29635 29817 D CCodec  : allocate(c2.android.vorbis.decoder)
07-25 11:37:38.395 29635 29816 I CCodec  : setting up 'default' as default (vendor) store
07-25 11:37:38.402 29635 29816 I CCodec  : Created component [c2.android.vorbis.decoder]
07-25 11:37:38.403 29635 29817 I CCodec  : setting up 'default' as default (vendor) store
07-25 11:37:38.403 29635 29816 D CCodecConfig: read media type: audio/vorbis
07-25 11:37:38.404 29635 29817 I CCodec  : Created component [c2.android.vorbis.decoder]
07-25 11:37:38.404 29635 29817 D CCodecConfig: read media type: audio/vorbis
07-25 11:37:38.406 29635 29817 D ReflectedParamUpdater: extent() != 1 for single value type: algo.buffers.max-count.values
07-25 11:37:38.406 29635 29817 D ReflectedParamUpdater: extent() != 1 for single value type: output.subscribed-indices.values
07-25 11:37:38.406 29635 29817 D ReflectedParamUpdater: extent() != 1 for single value type: input.buffers.allocator-ids.values
07-25 11:37:38.406 29635 29817 D ReflectedParamUpdater: extent() != 1 for single value type: output.buffers.allocator-ids.values
07-25 11:37:38.406 29635 29817 D ReflectedParamUpdater: extent() != 1 for single value type: algo.buffers.allocator-ids.values
07-25 11:37:38.406 29635 29817 D ReflectedParamUpdater: extent() != 1 for single value type: output.buffers.pool-ids.values
07-25 11:37:38.407 29635 29817 D ReflectedParamUpdater: extent() != 1 for single value type: algo.buffers.pool-ids.values
07-25 11:37:38.407 29635 29817 I CCodecConfig: query failed after returning 7 values (BAD_INDEX)
07-25 11:37:38.407 29635 29817 D CCodecConfig: c2 config diff is Dict {
07-25 11:37:38.407 29635 29817 D CCodecConfig:   c2::u32 coded.bitrate.value = 64000
07-25 11:37:38.407 29635 29817 D CCodecConfig:   c2::u32 input.buffers.max-size.value = 32768
07-25 11:37:38.407 29635 29817 D CCodecConfig:   c2::u32 input.delay.value = 0
07-25 11:37:38.407 29635 29817 D CCodecConfig:   string input.media-type.value = "audio/vorbis"
07-25 11:37:38.407 29635 29817 D CCodecConfig:   string output.media-type.value = "audio/raw"
07-25 11:37:38.407 29635 29817 D CCodecConfig:   c2::u32 raw.channel-count.value = 1
07-25 11:37:38.407 29635 29817 D CCodecConfig:   c2::u32 raw.sample-rate.value = 48000
07-25 11:37:38.407 29635 29817 D CCodecConfig: }
07-25 11:37:38.408 29635 29816 D ReflectedParamUpdater: extent() != 1 for single value type: algo.buffers.max-count.values
07-25 11:37:38.408 29635 29816 D ReflectedParamUpdater: extent() != 1 for single value type: output.subscribed-indices.values
07-25 11:37:38.408 29635 29816 D ReflectedParamUpdater: extent() != 1 for single value type: input.buffers.allocator-ids.values
07-25 11:37:38.408 29635 29816 D ReflectedParamUpdater: extent() != 1 for single value type: output.buffers.allocator-ids.values
07-25 11:37:38.408 29635 29816 D ReflectedParamUpdater: extent() != 1 for single value type: algo.buffers.allocator-ids.values
07-25 11:37:38.408 29635 29817 D CCodec  : [c2.android.vorbis.decoder] buffers are bound to CCodec for this session
07-25 11:37:38.408 29635 29816 D ReflectedParamUpdater: extent() != 1 for single value type: output.buffers.pool-ids.values
07-25 11:37:38.408 29635 29817 D CCodecConfig: no c2 equivalents for durationUs
07-25 11:37:38.408 29635 29817 D CCodecConfig: no c2 equivalents for track-id
07-25 11:37:38.408 29635 29817 D CCodecConfig: no c2 equivalents for csd-1
07-25 11:37:38.408 29635 29817 D CCodecConfig: no c2 equivalents for language
07-25 11:37:38.408 29635 29817 D CCodecConfig: no c2 equivalents for file-format
07-25 11:37:38.408 29635 29817 D CCodecConfig: no c2 equivalents for flags
07-25 11:37:38.408 29635 29816 D ReflectedParamUpdater: extent() != 1 for single value type: algo.buffers.pool-ids.values
07-25 11:37:38.408 29635 29681 W HDR+_command : CAM_CptrIndDskCsh
07-25 11:37:38.408 29635 29817 D CCodecConfig: config failed => CORRUPTED
07-25 11:37:38.408 29635 29817 W Codec2Client: query -- param skipped: index = 1107298332.
07-25 11:37:38.408 29635 29817 D CCodec  : setup formats input: AMessage(what = 0x00000000) = {
07-25 11:37:38.408 29635 29817 D CCodec  :   int32_t channel-count = 1
07-25 11:37:38.408 29635 29817 D CCodec  :   int32_t max-input-size = 65307
07-25 11:37:38.408 29635 29817 D CCodec  :   string mime = "audio/vorbis"
07-25 11:37:38.408 29635 29817 D CCodec  :   int32_t sample-rate = 48000
07-25 11:37:38.408 29635 29817 D CCodec  : } and output: AMessage(what = 0x00000000) = {
07-25 11:37:38.408 29635 29817 D CCodec  :   int32_t channel-count = 1
07-25 11:37:38.408 29635 29817 D CCodec  :   string mime = "audio/raw"
07-25 11:37:38.408 29635 29817 D CCodec  :   int32_t sample-rate = 48000
07-25 11:37:38.408 29635 29817 D CCodec  : }
07-25 11:37:38.409 29635 29816 I CCodecConfig: query failed after returning 7 values (BAD_INDEX)
07-25 11:37:38.409 29635 29816 D CCodecConfig: c2 config diff is Dict {
07-25 11:37:38.409 29635 29816 D CCodecConfig:   c2::u32 coded.bitrate.value = 64000
07-25 11:37:38.409 29635 29816 D CCodecConfig:   c2::u32 input.buffers.max-size.value = 32768
07-25 11:37:38.409 29635 29816 D CCodecConfig:   c2::u32 input.delay.value = 0
07-25 11:37:38.409 29635 29816 D CCodecConfig:   string input.media-type.value = "audio/vorbis"
07-25 11:37:38.409 29635 29816 D CCodecConfig:   string output.media-type.value = "audio/raw"
07-25 11:37:38.409 29635 29816 D CCodecConfig:   c2::u32 raw.channel-count.value = 1
07-25 11:37:38.409 29635 29816 D CCodecConfig:   c2::u32 raw.sample-rate.value = 48000
07-25 11:37:38.409 29635 29816 D CCodecConfig: }
07-25 11:37:38.409 29635 29682 W LOG_CamIDList : [0, 1]
07-25 11:37:38.410 29635 29816 D CCodec  : [c2.android.vorbis.decoder] buffers are bound to CCodec for this session
07-25 11:37:38.410 29635 29816 D CCodecConfig: no c2 equivalents for durationUs
07-25 11:37:38.410 29635 29816 D CCodecConfig: no c2 equivalents for track-id
07-25 11:37:38.410 29635 29816 D CCodecConfig: no c2 equivalents for csd-1
07-25 11:37:38.410 29635 29816 D CCodecConfig: no c2 equivalents for language
07-25 11:37:38.410 29635 29816 D CCodecConfig: no c2 equivalents for file-format
07-25 11:37:38.410 29635 29816 D CCodecConfig: no c2 equivalents for flags
07-25 11:37:38.410 29635 29817 W Codec2Client: query -- param skipped: index = 1342179345.
07-25 11:37:38.410 29635 29817 W Codec2Client: query -- param skipped: index = 2415921170.
07-25 11:37:38.410 29635 29816 D CCodecConfig: config failed => CORRUPTED
07-25 11:37:38.410 29635 29816 W Codec2Client: query -- param skipped: index = 1107298332.
07-25 11:37:38.410 29635 29816 D CCodec  : setup formats input: AMessage(what = 0x00000000) = {
07-25 11:37:38.410 29635 29816 D CCodec  :   int32_t channel-count = 1
07-25 11:37:38.410 29635 29816 D CCodec  :   int32_t max-input-size = 65307
07-25 11:37:38.410 29635 29816 D CCodec  :   string mime = "audio/vorbis"
07-25 11:37:38.410 29635 29816 D CCodec  :   int32_t sample-rate = 48000
07-25 11:37:38.410 29635 29816 D CCodec  : } and output: AMessage(what = 0x00000000) = {
07-25 11:37:38.410 29635 29816 D CCodec  :   int32_t channel-count = 1
07-25 11:37:38.410 29635 29816 D CCodec  :   string mime = "audio/raw"
07-25 11:37:38.410 29635 29816 D CCodec  :   int32_t sample-rate = 48000
07-25 11:37:38.410 29635 29816 D CCodec  : }
07-25 11:37:38.410 29635 29817 E FMQ     : grantorIdx must be less than 3
07-25 11:37:38.411 29635 29817 E FMQ     : grantorIdx must be less than 3
07-25 11:37:38.411 29635 29817 D CCodecBufferChannel: [c2.android.vorbis.decoder#199] Created input block pool with allocatorID 16 => poolID 17 - OK (0)
07-25 11:37:38.411 29635 29817 I CCodecBufferChannel: [c2.android.vorbis.decoder#199] Created output block pool with allocatorID 16 => poolID 450 - OK
07-25 11:37:38.411 29635 29817 D CCodecBufferChannel: [c2.android.vorbis.decoder#199] Configured output block pool ids 450 => OK
07-25 11:37:38.411 29635 29817 D CCodecBufferChannel: [c2.android.vorbis.decoder#199] start: updating output delay 0
07-25 11:37:38.411 29635 29791 W qyv     : CaptureResult is present COLOR_CORRECTION_GAINS FIX.
07-25 11:37:38.412 29635 29817 E ion     : ioctl c0044901 failed with code -1: Inappropriate ioctl for device
07-25 11:37:38.413 29635 29817 E FMQ     : grantorIdx must be less than 3
07-25 11:37:38.416 29635 29816 W Codec2Client: query -- param skipped: index = 1342179345.
07-25 11:37:38.416 29635 29816 W Codec2Client: query -- param skipped: index = 2415921170.
07-25 11:37:38.416 29635 29791 E libgcam : [gcam.cc:873]: TemporallyBinViewfinderFrame: [zsl-ns] AE produced invalid result: can't run binning.
07-25 11:37:38.416 29635 29816 E FMQ     : grantorIdx must be less than 3
07-25 11:37:38.416 29635 29816 E FMQ     : grantorIdx must be less than 3
07-25 11:37:38.416 29635 29816 D CCodecBufferChannel: [c2.android.vorbis.decoder#620] Created input block pool with allocatorID 16 => poolID 18 - OK (0)
07-25 11:37:38.417 29635 29816 I CCodecBufferChannel: [c2.android.vorbis.decoder#620] Created output block pool with allocatorID 16 => poolID 451 - OK
07-25 11:37:38.417 29635 29816 D CCodecBufferChannel: [c2.android.vorbis.decoder#620] Configured output block pool ids 451 => OK
07-25 11:37:38.417 29635 29816 D CCodecBufferChannel: [c2.android.vorbis.decoder#620] start: updating output delay 0
07-25 11:37:38.418 29635 29816 E FMQ     : grantorIdx must be less than 3
07-25 11:37:38.419 29635 29823 E FMQ     : grantorIdx must be less than 3
07-25 11:37:38.431 29635 29823 E FMQ     : grantorIdx must be less than 3
07-25 11:37:38.435 29635 29765 W CameraMetadataJV: Expect face scores and rectangles to be non-null
07-25 11:37:38.435 29635 29765 W JankMonitorFacade: PHOTO > rel Δ(result sensor timestamp) = 0.80 > 0.25
07-25 11:37:38.437 29635 29681 W LOG_CamIDList : [0, 1]
07-25 11:37:38.437 29635 29682 W CAM_HdrPlusPrewarm: Failed to set mallopt options.
07-25 11:37:38.449 29635 29791 W qyv     : CaptureResult is present COLOR_CORRECTION_GAINS FIX.
07-25 11:37:38.454 29635 29791 E libgcam : [gcam.cc:873]: TemporallyBinViewfinderFrame: [zsl-ns] AE produced invalid result: can't run binning.
07-25 11:37:38.459 29635 29816 D CCodecBufferChannel: [c2.android.vorbis.decoder#620] MediaCodec discarded an unknown buffer
07-25 11:37:38.459 29635 29816 I chatty  : uid=10379(com.google.android.GoogleCamMGD) identical 1 line
07-25 11:37:38.459 29635 29816 D CCodecBufferChannel: [c2.android.vorbis.decoder#620] MediaCodec discarded an unknown buffer
07-25 11:37:38.461 29635 29816 E libc    : Access denied finding property "ro.vendor.media.video.frc.support"
07-25 11:37:38.462 29635 29832 I hw-BpHwBinder: onLastStrongRef automatically unlinking death recipients
07-25 11:37:38.463 29635 29681 W EngineApiLoaderContr: All remote package attempts fail.
07-25 11:37:38.464 29635 29681 W EngineApiLoaderContr: EngineApi implementation not found
07-25 11:37:38.469 29635 29833 D CCodec  : allocate(c2.android.vorbis.decoder)
07-25 11:37:38.471 29635 29833 I CCodec  : setting up 'default' as default (vendor) store
07-25 11:37:38.474 29635 29833 I CCodec  : Created component [c2.android.vorbis.decoder]
07-25 11:37:38.475 29635 29833 D CCodecConfig: read media type: audio/vorbis
07-25 11:37:38.476 29635 29817 D CCodecBufferChannel: [c2.android.vorbis.decoder#199] MediaCodec discarded an unknown buffer
07-25 11:37:38.476 29635 29817 I chatty  : uid=10379(com.google.android.GoogleCamMGD) identical 1 line
07-25 11:37:38.476 29635 29817 D CCodecBufferChannel: [c2.android.vorbis.decoder#199] MediaCodec discarded an unknown buffer
07-25 11:37:38.479 29635 29817 E libc    : Access denied finding property "ro.vendor.media.video.frc.support"
07-25 11:37:38.480 29635 29835 I hw-BpHwBinder: onLastStrongRef automatically unlinking death recipients
07-25 11:37:38.485 29635 29837 D CCodec  : allocate(c2.android.vorbis.decoder)
07-25 11:37:38.485 29635 29833 D ReflectedParamUpdater: extent() != 1 for single value type: algo.buffers.max-count.values
07-25 11:37:38.486 29635 29833 D ReflectedParamUpdater: extent() != 1 for single value type: output.subscribed-indices.values
07-25 11:37:38.486 29635 29833 D ReflectedParamUpdater: extent() != 1 for single value type: input.buffers.allocator-ids.values
07-25 11:37:38.486 29635 29833 D ReflectedParamUpdater: extent() != 1 for single value type: output.buffers.allocator-ids.values
07-25 11:37:38.486 29635 29833 D ReflectedParamUpdater: extent() != 1 for single value type: algo.buffers.allocator-ids.values
07-25 11:37:38.486 29635 29833 D ReflectedParamUpdater: extent() != 1 for single value type: output.buffers.pool-ids.values
07-25 11:37:38.486 29635 29833 D ReflectedParamUpdater: extent() != 1 for single value type: algo.buffers.pool-ids.values
07-25 11:37:38.487 29635 29833 I CCodecConfig: query failed after returning 7 values (BAD_INDEX)
07-25 11:37:38.487 29635 29833 D CCodecConfig: c2 config diff is Dict {
07-25 11:37:38.487 29635 29833 D CCodecConfig:   c2::u32 coded.bitrate.value = 64000
07-25 11:37:38.487 29635 29833 D CCodecConfig:   c2::u32 input.buffers.max-size.value = 32768
07-25 11:37:38.487 29635 29833 D CCodecConfig:   c2::u32 input.delay.value = 0
07-25 11:37:38.487 29635 29833 D CCodecConfig:   string input.media-type.value = "audio/vorbis"
07-25 11:37:38.487 29635 29833 D CCodecConfig:   string output.media-type.value = "audio/raw"
07-25 11:37:38.487 29635 29833 D CCodecConfig:   c2::u32 raw.channel-count.value = 1
07-25 11:37:38.487 29635 29833 D CCodecConfig:   c2::u32 raw.sample-rate.value = 48000
07-25 11:37:38.487 29635 29833 D CCodecConfig: }
07-25 11:37:38.487 29635 29833 D CCodec  : [c2.android.vorbis.decoder] buffers are bound to CCodec for this session
07-25 11:37:38.487 29635 29833 D CCodecConfig: no c2 equivalents for durationUs
07-25 11:37:38.487 29635 29833 D CCodecConfig: no c2 equivalents for track-id
07-25 11:37:38.487 29635 29833 D CCodecConfig: no c2 equivalents for csd-1
07-25 11:37:38.487 29635 29833 D CCodecConfig: no c2 equivalents for language
07-25 11:37:38.487 29635 29833 D CCodecConfig: no c2 equivalents for file-format
07-25 11:37:38.487 29635 29833 D CCodecConfig: no c2 equivalents for flags
07-25 11:37:38.488 29635 29833 D CCodecConfig: config failed => CORRUPTED
07-25 11:37:38.488 29635 29833 W Codec2Client: query -- param skipped: index = 1107298332.
07-25 11:37:38.488 29635 29833 D CCodec  : setup formats input: AMessage(what = 0x00000000) = {
07-25 11:37:38.488 29635 29833 D CCodec  :   int32_t channel-count = 1
07-25 11:37:38.488 29635 29833 D CCodec  :   int32_t max-input-size = 65307
07-25 11:37:38.488 29635 29833 D CCodec  :   string mime = "audio/vorbis"
07-25 11:37:38.488 29635 29833 D CCodec  :   int32_t sample-rate = 48000
07-25 11:37:38.488 29635 29833 D CCodec  : } and output: AMessage(what = 0x00000000) = {
07-25 11:37:38.488 29635 29833 D CCodec  :   int32_t channel-count = 1
07-25 11:37:38.488 29635 29833 D CCodec  :   string mime = "audio/raw"
07-25 11:37:38.488 29635 29833 D CCodec  :   int32_t sample-rate = 48000
07-25 11:37:38.488 29635 29833 D CCodec  : }
07-25 11:37:38.488 29635 29833 W Codec2Client: query -- param skipped: index = 1342179345.
07-25 11:37:38.488 29635 29833 W Codec2Client: query -- param skipped: index = 2415921170.
07-25 11:37:38.489 29635 29837 I CCodec  : setting up 'default' as default (vendor) store
07-25 11:37:38.489 29635 29833 E FMQ     : grantorIdx must be less than 3
07-25 11:37:38.489 29635 29833 E FMQ     : grantorIdx must be less than 3
07-25 11:37:38.489 29635 29833 D CCodecBufferChannel: [c2.android.vorbis.decoder#840] Created input block pool with allocatorID 16 => poolID 19 - OK (0)
07-25 11:37:38.491 29635 29833 I CCodecBufferChannel: [c2.android.vorbis.decoder#840] Created output block pool with allocatorID 16 => poolID 452 - OK
07-25 11:37:38.491 29635 29833 D CCodecBufferChannel: [c2.android.vorbis.decoder#840] Configured output block pool ids 452 => OK
07-25 11:37:38.491 29635 29833 D CCodecBufferChannel: [c2.android.vorbis.decoder#840] start: updating output delay 0
07-25 11:37:38.492 29635 29833 E FMQ     : grantorIdx must be less than 3
07-25 11:37:38.495 29635 29837 I CCodec  : Created component [c2.android.vorbis.decoder]
07-25 11:37:38.495 29635 29837 D CCodecConfig: read media type: audio/vorbis
07-25 11:37:38.496 29635 29837 D ReflectedParamUpdater: extent() != 1 for single value type: algo.buffers.max-count.values
07-25 11:37:38.496 29635 29837 D ReflectedParamUpdater: extent() != 1 for single value type: output.subscribed-indices.values
07-25 11:37:38.496 29635 29837 D ReflectedParamUpdater: extent() != 1 for single value type: input.buffers.allocator-ids.values
07-25 11:37:38.497 29635 29837 D ReflectedParamUpdater: extent() != 1 for single value type: output.buffers.allocator-ids.values
07-25 11:37:38.497 29635 29837 D ReflectedParamUpdater: extent() != 1 for single value type: algo.buffers.allocator-ids.values
07-25 11:37:38.497 29635 29837 D ReflectedParamUpdater: extent() != 1 for single value type: output.buffers.pool-ids.values
07-25 11:37:38.497 29635 29837 D ReflectedParamUpdater: extent() != 1 for single value type: algo.buffers.pool-ids.values
07-25 11:37:38.498 29635 29837 I CCodecConfig: query failed after returning 7 values (BAD_INDEX)
07-25 11:37:38.498 29635 29837 D CCodecConfig: c2 config diff is Dict {
07-25 11:37:38.498 29635 29837 D CCodecConfig:   c2::u32 coded.bitrate.value = 64000
07-25 11:37:38.498 29635 29837 D CCodecConfig:   c2::u32 input.buffers.max-size.value = 32768
07-25 11:37:38.498 29635 29837 D CCodecConfig:   c2::u32 input.delay.value = 0
07-25 11:37:38.498 29635 29837 D CCodecConfig:   string input.media-type.value = "audio/vorbis"
07-25 11:37:38.498 29635 29837 D CCodecConfig:   string output.media-type.value = "audio/raw"
07-25 11:37:38.498 29635 29837 D CCodecConfig:   c2::u32 raw.channel-count.value = 1
07-25 11:37:38.498 29635 29837 D CCodecConfig:   c2::u32 raw.sample-rate.value = 48000
07-25 11:37:38.498 29635 29837 D CCodecConfig: }
07-25 11:37:38.498 29635 29837 D CCodec  : [c2.android.vorbis.decoder] buffers are bound to CCodec for this session
07-25 11:37:38.498 29635 29837 D CCodecConfig: no c2 equivalents for durationUs
07-25 11:37:38.498 29635 29837 D CCodecConfig: no c2 equivalents for track-id
07-25 11:37:38.498 29635 29837 D CCodecConfig: no c2 equivalents for csd-1
07-25 11:37:38.498 29635 29837 D CCodecConfig: no c2 equivalents for language
07-25 11:37:38.498 29635 29837 D CCodecConfig: no c2 equivalents for file-format
07-25 11:37:38.498 29635 29837 D CCodecConfig: no c2 equivalents for flags
07-25 11:37:38.499 29635 29837 D CCodecConfig: config failed => CORRUPTED
07-25 11:37:38.499 29635 29837 W Codec2Client: query -- param skipped: index = 1107298332.
07-25 11:37:38.499 29635 29837 D CCodec  : setup formats input: AMessage(what = 0x00000000) = {
07-25 11:37:38.499 29635 29837 D CCodec  :   int32_t channel-count = 1
07-25 11:37:38.499 29635 29837 D CCodec  :   int32_t max-input-size = 65307
07-25 11:37:38.499 29635 29837 D CCodec  :   string mime = "audio/vorbis"
07-25 11:37:38.499 29635 29837 D CCodec  :   int32_t sample-rate = 48000
07-25 11:37:38.499 29635 29837 D CCodec  : } and output: AMessage(what = 0x00000000) = {
07-25 11:37:38.499 29635 29837 D CCodec  :   int32_t channel-count = 1
07-25 11:37:38.499 29635 29837 D CCodec  :   string mime = "audio/raw"
07-25 11:37:38.499 29635 29837 D CCodec  :   int32_t sample-rate = 48000
07-25 11:37:38.499 29635 29837 D CCodec  : }
07-25 11:37:38.503 29635 29823 E FMQ     : grantorIdx must be less than 3
07-25 11:37:38.504 29635 29837 W Codec2Client: query -- param skipped: index = 1342179345.
07-25 11:37:38.504 29635 29837 W Codec2Client: query -- param skipped: index = 2415921170.
07-25 11:37:38.507 29635 29837 E FMQ     : grantorIdx must be less than 3
07-25 11:37:38.507 29635 29837 E FMQ     : grantorIdx must be less than 3
07-25 11:37:38.507 29635 29837 D CCodecBufferChannel: [c2.android.vorbis.decoder#631] Created input block pool with allocatorID 16 => poolID 20 - OK (0)
07-25 11:37:38.508 29635 29837 I CCodecBufferChannel: [c2.android.vorbis.decoder#631] Created output block pool with allocatorID 16 => poolID 453 - OK
07-25 11:37:38.508 29635 29837 D CCodecBufferChannel: [c2.android.vorbis.decoder#631] Configured output block pool ids 453 => OK
07-25 11:37:38.508 29635 29837 D CCodecBufferChannel: [c2.android.vorbis.decoder#631] start: updating output delay 0
07-25 11:37:38.509 29635 29837 E FMQ     : grantorIdx must be less than 3
07-25 11:37:38.509 29635 29765 W CameraMetadataJV: Expect face scores and rectangles to be non-null
07-25 11:37:38.510 29635 29765 W JankMonitorFacade: PHOTO > rel Δ(result sensor timestamp) = 0.36 > 0.25
07-25 11:37:38.518 29635 29833 D CCodecBufferChannel: [c2.android.vorbis.decoder#840] MediaCodec discarded an unknown buffer
07-25 11:37:38.518 29635 29833 I chatty  : uid=10379(com.google.android.GoogleCamMGD) identical 1 line
07-25 11:37:38.518 29635 29833 D CCodecBufferChannel: [c2.android.vorbis.decoder#840] MediaCodec discarded an unknown buffer
07-25 11:37:38.521 29635 29823 E FMQ     : grantorIdx must be less than 3
07-25 11:37:38.522 29635 29833 I hw-BpHwBinder: onLastStrongRef automatically unlinking death recipients
07-25 11:37:38.522 29635 29833 E libc    : Access denied finding property "ro.vendor.media.video.frc.support"
07-25 11:37:38.524 29635 29791 W qyv     : CaptureResult is present COLOR_CORRECTION_GAINS FIX.
07-25 11:37:38.529 29635 29791 E libgcam : [gcam.cc:873]: TemporallyBinViewfinderFrame: [zsl-ns] AE produced invalid result: can't run binning.
07-25 11:37:38.531 29635 29700 W CAM_VidRotDataLoader: Framerate metadata does not exist for the video at content://media/external/video/media/68453
07-25 11:37:38.531 29635 29682 I tflite  : Initialized TensorFlow Lite runtime.
07-25 11:37:38.538 29635 29837 D CCodecBufferChannel: [c2.android.vorbis.decoder#631] MediaCodec discarded an unknown buffer
07-25 11:37:38.538 29635 29837 I chatty  : uid=10379(com.google.android.GoogleCamMGD) identical 1 line
07-25 11:37:38.538 29635 29837 D CCodecBufferChannel: [c2.android.vorbis.decoder#631] MediaCodec discarded an unknown buffer
07-25 11:37:38.539 29635 29842 I hw-BpHwBinder: onLastStrongRef automatically unlinking death recipients
07-25 11:37:38.539 29635 29837 E libc    : Access denied finding property "ro.vendor.media.video.frc.support"
07-25 11:37:38.547 29635 29700 W CAM_VidRotDataLoader: Framerate metadata does not exist for the video at content://media/external/video/media/68450
07-25 11:37:38.560 29635 29700 W CAM_VidRotDataLoader: Framerate metadata does not exist for the video at content://media/external/video/media/68448
07-25 11:37:38.576 29635 29765 W CameraMetadataJV: Expect face scores and rectangles to be non-null
07-25 11:37:38.576 29635 29765 W JankMonitorFacade: PHOTO > abs Δ(result sensor timestamp) = 70.53 ms > 70.00 ms
07-25 11:37:38.576 29635 29765 W JankMonitorFacade: PHOTO > rel Δ(result sensor timestamp) = 0.40 > 0.25
07-25 11:37:38.581 29635 29681 W qyv     : CaptureResult is present COLOR_CORRECTION_GAINS FIX.
07-25 11:37:38.598 29635 29791 W qyv     : CaptureResult is present COLOR_CORRECTION_GAINS FIX.
07-25 11:37:38.599 29635 29791 E libgcam : [gcam.cc:873]: TemporallyBinViewfinderFrame: [zsl-ns] AE produced invalid result: can't run binning.
07-25 11:37:38.601 29635 29700 W CAM_VidRotDataLoader: Framerate metadata does not exist for the video at content://media/external/video/media/68443
07-25 11:37:38.614 29635 29681 W qyv     : CaptureResult is present COLOR_CORRECTION_GAINS FIX.
07-25 11:37:38.626 29635 29700 W CAM_VidRotDataLoader: Framerate metadata does not exist for the video at content://media/external/video/media/66219
07-25 11:37:38.647 29635 29765 W CameraMetadataJV: Expect face scores and rectangles to be non-null
07-25 11:37:38.647 29635 29765 W JankMonitorFacade: PHOTO > abs Δ(result sensor timestamp) = 70.50 ms > 70.00 ms
07-25 11:37:38.674 29635 29651 W System  : A resource failed to call end. 
07-25 11:37:38.716 29635 29765 W CameraMetadataJV: Expect face scores and rectangles to be non-null
07-25 11:37:38.717 29635 29682 W CAM_RectifaceImpl: Expected firefly to be initialized, but it wasn't. Initializing again.
07-25 11:37:38.717 29635 29765 W JankMonitorFacade: PHOTO > abs Δ(result sensor timestamp) = 70.52 ms > 70.00 ms
07-25 11:37:38.720 29635 29682 W qyv     : CaptureResult is present COLOR_CORRECTION_GAINS FIX.
07-25 11:37:38.734 29635 29682 W qyv     : CaptureResult is present COLOR_CORRECTION_GAINS FIX.
07-25 11:37:38.787 29635 29766 W HDR+_command : CAM_SimpleReqProcessor
07-25 11:37:38.788 29635 29765 W CameraMetadataJV: Expect face scores and rectangles to be non-null
07-25 11:37:38.788 29635 29765 W JankMonitorFacade: PHOTO > abs Δ(result sensor timestamp) = 70.53 ms > 70.00 ms
07-25 11:37:38.860 29635 29765 W CameraMetadataJV: Expect face scores and rectangles to be non-null
07-25 11:37:38.860 29635 29765 W JankMonitorFacade: PHOTO > abs Δ(result sensor timestamp) = 70.50 ms > 70.00 ms
07-25 11:37:38.871 29635 29682 W qyv     : CaptureResult is present COLOR_CORRECTION_GAINS FIX.
07-25 11:37:38.894 29635 29682 W qyv     : CaptureResult is present COLOR_CORRECTION_GAINS FIX.
07-25 11:37:38.919 29635 29869 E native  : tf_lite_error_reporter.cc:15 Following operations are not supported by GPU delegate:
07-25 11:37:38.919 29635 29869 E native  : DEQUANTIZE: 
07-25 11:37:38.919 29635 29869 E native  : 71 operations will run on the GPU, and the remaining 0 operations will run on the CPU.
07-25 11:37:38.936 29635 29765 W CameraMetadataJV: Expect face scores and rectangles to be non-null
07-25 11:37:38.936 29635 29765 W JankMonitorFacade: PHOTO > abs Δ(result sensor timestamp) = 70.53 ms > 70.00 ms
07-25 11:37:38.965 29635 29866 E libc    : Access denied finding property "ro.hardware.chipname"
07-25 11:37:38.991 29635 29872 E native  : tf_lite_error_reporter.cc:15 Following operations are not supported by GPU delegate:
07-25 11:37:38.991 29635 29872 E native  : DEQUANTIZE: 
07-25 11:37:38.991 29635 29872 E native  : 76 operations will run on the GPU, and the remaining 0 operations will run on the CPU.
07-25 11:37:38.998 29635 29765 W CameraMetadataJV: Expect face scores and rectangles to be non-null
07-25 11:37:38.998 29635 29765 W JankMonitorFacade: PHOTO > abs Δ(result sensor timestamp) = 70.52 ms > 70.00 ms
07-25 11:37:39.002 29635 29682 W qyv     : CaptureResult is present COLOR_CORRECTION_GAINS FIX.
07-25 11:37:39.013 29635 29682 W qyv     : CaptureResult is present COLOR_CORRECTION_GAINS FIX.
07-25 11:37:39.073 29635 29765 W CameraMetadataJV: Expect face scores and rectangles to be non-null
07-25 11:37:39.074 29635 29765 W JankMonitorFacade: PHOTO > abs Δ(result sensor timestamp) = 70.51 ms > 70.00 ms
07-25 11:37:39.083 29635 29873 E native  : tf_lite_error_reporter.cc:15 Following operations are not supported by GPU delegate:
07-25 11:37:39.083 29635 29873 E native  : DEQUANTIZE: 
07-25 11:37:39.083 29635 29873 E native  : 76 operations will run on the GPU, and the remaining 0 operations will run on the CPU.
07-25 11:37:39.142 29635 29765 W CameraMetadataJV: Expect face scores and rectangles to be non-null
07-25 11:37:39.142 29635 29765 W JankMonitorFacade: PHOTO > abs Δ(result sensor timestamp) = 70.53 ms > 70.00 ms
07-25 11:37:39.147 29635 29682 W qyv     : CaptureResult is present COLOR_CORRECTION_GAINS FIX.
07-25 11:37:39.158 29635 29682 W qyv     : CaptureResult is present COLOR_CORRECTION_GAINS FIX.
07-25 11:37:39.212 29635 29765 W CameraMetadataJV: Expect face scores and rectangles to be non-null
07-25 11:37:39.212 29635 29765 W JankMonitorFacade: PHOTO > abs Δ(result sensor timestamp) = 71.87 ms > 70.00 ms
07-25 11:37:39.286 29635 29765 W CameraMetadataJV: Expect face scores and rectangles to be non-null
07-25 11:37:39.301 29635 29681 W qyv     : CaptureResult is present COLOR_CORRECTION_GAINS FIX.
07-25 11:37:39.325 29635 29681 W qyv     : CaptureResult is present COLOR_CORRECTION_GAINS FIX.
07-25 11:37:39.351 29635 29765 W CameraMetadataJV: Expect face scores and rectangles to be non-null
07-25 11:37:39.351 29635 29765 W JankMonitorFacade: PHOTO > abs Δ(result sensor timestamp) = 70.51 ms > 70.00 ms
07-25 11:37:39.427 29635 29765 W CameraMetadataJV: Expect face scores and rectangles to be non-null
