07-24 17:59:41.339 20791 20791 W CAM_OptionsBarCtlr2: Tried to get MenuOption for property ipe@3099b57 with value false but value wasn't found in map. Returning default instead: UNKNOWN
07-24 17:59:41.339 20791 20791 W CAM_OptionsBarCtlr2: Property value false is not associated with a MenuOption.
07-24 17:59:41.339 20791 20977 D ReflectedParamUpdater: extent() != 1 for single value type: algo.buffers.max-count.values
07-24 17:59:41.339 20791 20791 W CAM_OptionsBarCtlr2: Tried to get MenuOption for property ipe@4b5d644 with value false but value wasn't found in map. Returning default instead: UNKNOWN
07-24 17:59:41.339 20791 20791 W CAM_OptionsBarCtlr2: Property value false is not associated with a MenuOption.
07-24 17:59:41.339 20791 20977 D ReflectedParamUpdater: extent() != 1 for single value type: output.subscribed-indices.values
07-24 17:59:41.339 20791 20977 D ReflectedParamUpdater: extent() != 1 for single value type: input.buffers.allocator-ids.values
07-24 17:59:41.339 20791 20977 D ReflectedParamUpdater: extent() != 1 for single value type: output.buffers.allocator-ids.values
07-24 17:59:41.339 20791 20977 D ReflectedParamUpdater: extent() != 1 for single value type: algo.buffers.allocator-ids.values
07-24 17:59:41.339 20791 20977 D ReflectedParamUpdater: extent() != 1 for single value type: output.buffers.pool-ids.values
07-24 17:59:41.340 20791 20977 D ReflectedParamUpdater: extent() != 1 for single value type: algo.buffers.pool-ids.values
07-24 17:59:41.340 20791 20977 I CCodecConfig: query failed after returning 7 values (BAD_INDEX)
07-24 17:59:41.340 20791 20977 D CCodecConfig: c2 config diff is Dict {
07-24 17:59:41.340 20791 20977 D CCodecConfig:   c2::u32 coded.bitrate.value = 64000
07-24 17:59:41.340 20791 20977 D CCodecConfig:   c2::u32 input.buffers.max-size.value = 32768
07-24 17:59:41.340 20791 20977 D CCodecConfig:   c2::u32 input.delay.value = 0
07-24 17:59:41.340 20791 20977 D CCodecConfig:   string input.media-type.value = "audio/vorbis"
07-24 17:59:41.340 20791 20977 D CCodecConfig:   string output.media-type.value = "audio/raw"
07-24 17:59:41.340 20791 20977 D CCodecConfig:   c2::u32 raw.channel-count.value = 1
07-24 17:59:41.340 20791 20977 D CCodecConfig:   c2::u32 raw.sample-rate.value = 48000
07-24 17:59:41.340 20791 20977 D CCodecConfig: }
07-24 17:59:41.340 20791 20977 D CCodec  : [c2.android.vorbis.decoder] buffers are bound to CCodec for this session
07-24 17:59:41.340 20791 20977 D CCodecConfig: no c2 equivalents for durationUs
07-24 17:59:41.340 20791 20977 D CCodecConfig: no c2 equivalents for track-id
07-24 17:59:41.341 20791 20977 D CCodecConfig: no c2 equivalents for csd-1
07-24 17:59:41.341 20791 20977 D CCodecConfig: no c2 equivalents for language
07-24 17:59:41.341 20791 20977 D CCodecConfig: no c2 equivalents for file-format
07-24 17:59:41.341 20791 20977 D CCodecConfig: no c2 equivalents for flags
07-24 17:59:41.341 20791 20977 D CCodecConfig: config failed => CORRUPTED
07-24 17:59:41.341 20791 20977 W Codec2Client: query -- param skipped: index = 1107298332.
07-24 17:59:41.341 20791 20977 D CCodec  : setup formats input: AMessage(what = 0x00000000) = {
07-24 17:59:41.341 20791 20977 D CCodec  :   int32_t channel-count = 1
07-24 17:59:41.341 20791 20977 D CCodec  :   int32_t max-input-size = 65307
07-24 17:59:41.341 20791 20977 D CCodec  :   string mime = "audio/vorbis"
07-24 17:59:41.341 20791 20977 D CCodec  :   int32_t sample-rate = 48000
07-24 17:59:41.341 20791 20977 D CCodec  : } and output: AMessage(what = 0x00000000) = {
07-24 17:59:41.341 20791 20977 D CCodec  :   int32_t channel-count = 1
07-24 17:59:41.341 20791 20977 D CCodec  :   string mime = "audio/raw"
07-24 17:59:41.341 20791 20977 D CCodec  :   int32_t sample-rate = 48000
07-24 17:59:41.341 20791 20977 D CCodec  : }
07-24 17:59:41.341 20791 20978 W Codec2Client: query -- param skipped: index = 1342179345.
07-24 17:59:41.341 20791 20978 W Codec2Client: query -- param skipped: index = 2415921170.
07-24 17:59:41.342 20791 20978 E FMQ     : grantorIdx must be less than 3
07-24 17:59:41.342 20791 20978 E FMQ     : grantorIdx must be less than 3
07-24 17:59:41.342 20791 20978 D CCodecBufferChannel: [c2.android.vorbis.decoder#633] Created input block pool with allocatorID 16 => poolID 17 - OK (0)
07-24 17:59:41.343 20791 20977 W Codec2Client: query -- param skipped: index = 1342179345.
07-24 17:59:41.343 20791 20977 W Codec2Client: query -- param skipped: index = 2415921170.
07-24 17:59:41.344 20791 20977 E FMQ     : grantorIdx must be less than 3
07-24 17:59:41.344 20791 20977 E FMQ     : grantorIdx must be less than 3
07-24 17:59:41.344 20791 20978 I CCodecBufferChannel: [c2.android.vorbis.decoder#633] Created output block pool with allocatorID 16 => poolID 11048 - OK
07-24 17:59:41.344 20791 20977 D CCodecBufferChannel: [c2.android.vorbis.decoder#156] Created input block pool with allocatorID 16 => poolID 18 - OK (0)
07-24 17:59:41.344 20791 20978 D CCodecBufferChannel: [c2.android.vorbis.decoder#633] Configured output block pool ids 11048 => OK
07-24 17:59:41.344 20791 20978 D CCodecBufferChannel: [c2.android.vorbis.decoder#633] start: updating output delay 0
07-24 17:59:41.344 20791 20978 E ion     : ioctl c0044901 failed with code -1: Inappropriate ioctl for device
07-24 17:59:41.347 20791 20977 I CCodecBufferChannel: [c2.android.vorbis.decoder#156] Created output block pool with allocatorID 16 => poolID 11049 - OK
07-24 17:59:41.347 20791 20977 D CCodecBufferChannel: [c2.android.vorbis.decoder#156] Configured output block pool ids 11049 => OK
07-24 17:59:41.347 20791 20978 E FMQ     : grantorIdx must be less than 3
07-24 17:59:41.348 20791 20977 D CCodecBufferChannel: [c2.android.vorbis.decoder#156] start: updating output delay 0
07-24 17:59:41.349 20791 20977 E FMQ     : grantorIdx must be less than 3
07-24 17:59:41.353 20791 20984 E FMQ     : grantorIdx must be less than 3
07-24 17:59:41.356 20791 20984 E FMQ     : grantorIdx must be less than 3
07-24 17:59:41.373 20791 20791 W GET camera ID : 4
07-24 17:59:41.393 20791 20843 W CameraMetadataJV: Expect face scores and rectangles to be non-null
07-24 17:59:41.393 20791 20977 D CCodecBufferChannel: [c2.android.vorbis.decoder#156] MediaCodec discarded an unknown buffer
07-24 17:59:41.393 20791 20977 I chatty  : uid=10266(org.codeaurora.snapcam) identical 1 line
07-24 17:59:41.393 20791 20977 D CCodecBufferChannel: [c2.android.vorbis.decoder#156] MediaCodec discarded an unknown buffer
07-24 17:59:41.400 20791 20825 W EngineApiLoaderContr: All remote package attempts fail.
07-24 17:59:41.401 20791 20825 W EngineApiLoaderContr: EngineApi implementation not found
07-24 17:59:41.402 20791 20989 I hw-BpHwBinder: onLastStrongRef automatically unlinking death recipients
07-24 17:59:41.403 20791 20977 E libc    : Access denied finding property "ro.vendor.media.video.frc.support"
07-24 17:59:41.407 20791 20978 D CCodecBufferChannel: [c2.android.vorbis.decoder#633] MediaCodec discarded an unknown buffer
07-24 17:59:41.407 20791 20978 I chatty  : uid=10266(org.codeaurora.snapcam) NDK MediaCodec_ identical 1 line
07-24 17:59:41.407 20791 20978 D CCodecBufferChannel: [c2.android.vorbis.decoder#633] MediaCodec discarded an unknown buffer
07-24 17:59:41.412 20791 20994 D CCodec  : allocate(c2.android.vorbis.decoder)
07-24 17:59:41.413 20791 20993 I hw-BpHwBinder: onLastStrongRef automatically unlinking death recipients
07-24 17:59:41.414 20791 20978 E libc    : Access denied finding property "ro.vendor.media.video.frc.support"
07-24 17:59:41.414 20791 20994 I CCodec  : setting up 'default' as default (vendor) store
07-24 17:59:41.418 20791 20994 I CCodec  : Created component [c2.android.vorbis.decoder]
07-24 17:59:41.418 20791 20994 D CCodecConfig: read media type: audio/vorbis
07-24 17:59:41.419 20791 20994 D ReflectedParamUpdater: extent() != 1 for single value type: algo.buffers.max-count.values
07-24 17:59:41.420 20791 20994 D ReflectedParamUpdater: extent() != 1 for single value type: output.subscribed-indices.values
07-24 17:59:41.420 20791 20994 D ReflectedParamUpdater: extent() != 1 for single value type: input.buffers.allocator-ids.values
07-24 17:59:41.420 20791 20994 D ReflectedParamUpdater: extent() != 1 for single value type: output.buffers.allocator-ids.values
07-24 17:59:41.421 20791 20994 D ReflectedParamUpdater: extent() != 1 for single value type: algo.buffers.allocator-ids.values
07-24 17:59:41.421 20791 20994 D ReflectedParamUpdater: extent() != 1 for single value type: output.buffers.pool-ids.values
07-24 17:59:41.421 20791 20994 D ReflectedParamUpdater: extent() != 1 for single value type: algo.buffers.pool-ids.values
07-24 17:59:41.422 20791 20994 I CCodecConfig: query failed after returning 7 values (BAD_INDEX)
07-24 17:59:41.422 20791 20994 D CCodecConfig: c2 config diff is Dict {
07-24 17:59:41.422 20791 20994 D CCodecConfig:   c2::u32 coded.bitrate.value = 64000
07-24 17:59:41.422 20791 20994 D CCodecConfig:   c2::u32 input.buffers.max-size.value = 32768
07-24 17:59:41.422 20791 20994 D CCodecConfig:   c2::u32 input.delay.value = 0
07-24 17:59:41.422 20791 20994 D CCodecConfig:   string input.media-type.value = "audio/vorbis"
07-24 17:59:41.422 20791 20994 D CCodecConfig:   string output.media-type.value = "audio/raw"
07-24 17:59:41.422 20791 20994 D CCodecConfig:   c2::u32 raw.channel-count.value = 1
07-24 17:59:41.422 20791 20994 D CCodecConfig:   c2::u32 raw.sample-rate.value = 48000
07-24 17:59:41.422 20791 20994 D CCodecConfig: }
07-24 17:59:41.422 20791 20994 D CCodec  : [c2.android.vorbis.decoder] buffers are bound to CCodec for this session
07-24 17:59:41.422 20791 20994 D CCodecConfig: no c2 equivalents for durationUs
07-24 17:59:41.422 20791 20994 D CCodecConfig: no c2 equivalents for track-id
07-24 17:59:41.422 20791 20994 D CCodecConfig: no c2 equivalents for csd-1
07-24 17:59:41.422 20791 20994 D CCodecConfig: no c2 equivalents for language
07-24 17:59:41.422 20791 20994 D CCodecConfig: no c2 equivalents for file-format
07-24 17:59:41.422 20791 20994 D CCodecConfig: no c2 equivalents for flags
07-24 17:59:41.422 20791 20994 D CCodecConfig: config failed => CORRUPTED
07-24 17:59:41.423 20791 20994 W Codec2Client: query -- param skipped: index = 1107298332.
07-24 17:59:41.423 20791 20994 D CCodec  : setup formats input: AMessage(what = 0x00000000) = {
07-24 17:59:41.423 20791 20994 D CCodec  :   int32_t channel-count = 1
07-24 17:59:41.423 20791 20994 D CCodec  :   int32_t max-input-size = 65307
07-24 17:59:41.423 20791 20994 D CCodec  :   string mime = "audio/vorbis"
07-24 17:59:41.423 20791 20994 D CCodec  :   int32_t sample-rate = 48000
07-24 17:59:41.423 20791 20994 D CCodec  : } and output: AMessage(what = 0x00000000) = {
07-24 17:59:41.423 20791 20994 D CCodec  :   int32_t channel-count = 1
07-24 17:59:41.423 20791 20994 D CCodec  :   string mime = "audio/raw"
07-24 17:59:41.423 20791 20994 D CCodec  :   int32_t sample-rate = 48000
07-24 17:59:41.423 20791 20994 D CCodec  : }
07-24 17:59:41.423 20791 21000 D CCodec  : allocate(c2.android.vorbis.decoder)
07-24 17:59:41.423 20791 20994 W Codec2Client: query -- param skipped: index = 1342179345.
07-24 17:59:41.423 20791 20994 W Codec2Client: query -- param skipped: index = 2415921170.
07-24 17:59:41.426 20791 20994 E FMQ     : grantorIdx must be less than 3
07-24 17:59:41.433 20791 20994 E FMQ     : grantorIdx must be less than 3
07-24 17:59:41.434 20791 21000 I CCodec  : setting up 'default' as default (vendor) store
07-24 17:59:41.435 20791 21000 I CCodec  : Created component [c2.android.vorbis.decoder]
07-24 17:59:41.435 20791 21000 D CCodecConfig: read media type: audio/vorbis
07-24 17:59:41.436 20791 21000 D ReflectedParamUpdater: extent() != 1 for single value type: algo.buffers.max-count.values
07-24 17:59:41.436 20791 21000 D ReflectedParamUpdater: extent() != 1 for single value type: output.subscribed-indices.values
07-24 17:59:41.436 20791 21000 D ReflectedParamUpdater: extent() != 1 for single value type: input.buffers.allocator-ids.values
07-24 17:59:41.436 20791 21000 D ReflectedParamUpdater: extent() != 1 for single value type: output.buffers.allocator-ids.values
07-24 17:59:41.436 20791 21000 D ReflectedParamUpdater: extent() != 1 for single value type: algo.buffers.allocator-ids.values
07-24 17:59:41.436 20791 21000 D ReflectedParamUpdater: extent() != 1 for single value type: output.buffers.pool-ids.values
07-24 17:59:41.436 20791 21000 D ReflectedParamUpdater: extent() != 1 for single value type: algo.buffers.pool-ids.values
07-24 17:59:41.437 20791 21000 I CCodecConfig: query failed after returning 7 values (BAD_INDEX)
07-24 17:59:41.437 20791 21000 D CCodecConfig: c2 config diff is Dict {
07-24 17:59:41.437 20791 21000 D CCodecConfig:   c2::u32 coded.bitrate.value = 64000
07-24 17:59:41.437 20791 21000 D CCodecConfig:   c2::u32 input.buffers.max-size.value = 32768
07-24 17:59:41.437 20791 21000 D CCodecConfig:   c2::u32 input.delay.value = 0
07-24 17:59:41.437 20791 21000 D CCodecConfig:   string input.media-type.value = "audio/vorbis"
07-24 17:59:41.437 20791 21000 D CCodecConfig:   string output.media-type.value = "audio/raw"
07-24 17:59:41.437 20791 21000 D CCodecConfig:   c2::u32 raw.channel-count.value = 1
07-24 17:59:41.437 20791 21000 D CCodecConfig:   c2::u32 raw.sample-rate.value = 48000
07-24 17:59:41.437 20791 21000 D CCodecConfig: }
07-24 17:59:41.437 20791 21000 D CCodec  : [c2.android.vorbis.decoder] buffers are bound to CCodec for this session
07-24 17:59:41.437 20791 21000 D CCodecConfig: no c2 equivalents for durationUs
07-24 17:59:41.437 20791 21000 D CCodecConfig: no c2 equivalents for track-id
07-24 17:59:41.437 20791 21000 D CCodecConfig: no c2 equivalents for csd-1
07-24 17:59:41.437 20791 21000 D CCodecConfig: no c2 equivalents for language
07-24 17:59:41.437 20791 21000 D CCodecConfig: no c2 equivalents for file-format
07-24 17:59:41.437 20791 21000 D CCodecConfig: no c2 equivalents for flags
07-24 17:59:41.437 20791 21000 D CCodecConfig: config failed => CORRUPTED
07-24 17:59:41.437 20791 21000 W Codec2Client: query -- param skipped: index = 1107298332.
07-24 17:59:41.437 20791 21000 D CCodec  : setup formats input: AMessage(what = 0x00000000) = {
07-24 17:59:41.437 20791 21000 D CCodec  :   int32_t channel-count = 1
07-24 17:59:41.437 20791 21000 D CCodec  :   int32_t max-input-size = 65307
07-24 17:59:41.437 20791 21000 D CCodec  :   string mime = "audio/vorbis"
07-24 17:59:41.437 20791 21000 D CCodec  :   int32_t sample-rate = 48000
07-24 17:59:41.437 20791 21000 D CCodec  : } and output: AMessage(what = 0x00000000) = {
07-24 17:59:41.437 20791 21000 D CCodec  :   int32_t channel-count = 1
07-24 17:59:41.437 20791 21000 D CCodec  :   string mime = "audio/raw"
07-24 17:59:41.437 20791 21000 D CCodec  :   int32_t sample-rate = 48000
07-24 17:59:41.437 20791 21000 D CCodec  : }
07-24 17:59:41.437 20791 20994 D CCodecBufferChannel: [c2.android.vorbis.decoder#22] Created input block pool with allocatorID 16 => poolID 19 - OK (0)
07-24 17:59:41.440 20791 20994 I CCodecBufferChannel: [c2.android.vorbis.decoder#22] Created output block pool with allocatorID 16 => poolID 11050 - OK
07-24 17:59:41.440 20791 20994 D CCodecBufferChannel: [c2.android.vorbis.decoder#22] Configured output block pool ids 11050 => OK
07-24 17:59:41.440 20791 20994 D CCodecBufferChannel: [c2.android.vorbis.decoder#22] start: updating output delay 0
07-24 17:59:41.441 20791 20994 E FMQ     : grantorIdx must be less than 3
07-24 17:59:41.444 20791 21000 W Codec2Client: query -- param skipped: index = 1342179345.
07-24 17:59:41.444 20791 21000 W Codec2Client: query -- param skipped: index = 2415921170.
07-24 17:59:41.445 20791 21000 E FMQ     : grantorIdx must be less than 3
07-24 17:59:41.446 20791 21000 E FMQ     : grantorIdx must be less than 3
07-24 17:59:41.447 20791 21000 D CCodecBufferChannel: [c2.android.vorbis.decoder#620] Created input block pool with allocatorID 16 => poolID 20 - OK (0)
07-24 17:59:41.449 20791 21000 I CCodecBufferChannel: [c2.android.vorbis.decoder#620] Created output block pool with allocatorID 16 => poolID 11051 - OK
07-24 17:59:41.449 20791 21000 D CCodecBufferChannel: [c2.android.vorbis.decoder#620] Configured output block pool ids 11051 => OK
07-24 17:59:41.449 20791 21000 D CCodecBufferChannel: [c2.android.vorbis.decoder#620] start: updating output delay 0
07-24 17:59:41.450 20791 21000 E FMQ     : grantorIdx must be less than 3
07-24 17:59:41.453 20791 20984 E FMQ     : grantorIdx must be less than 3
07-24 17:59:41.467 20791 20843 W CameraMetadataJV: Expect face scores and rectangles to be non-null
07-24 17:59:41.468 20791 20843 W JankMonitorFacade: PHOTO > abs (result sensor timestamp) = 70.66 ms > 70.00 ms
07-24 17:59:41.470 20791 20984 E FMQ     : grantorIdx must be less than 3
07-24 17:59:41.472 20791 20994 D CCodecBufferChannel: [c2.android.vorbis.decoder#22] MediaCodec discarded an unknown buffer
07-24 17:59:41.472 20791 20994 D CCodecBufferChannel: [c2.android.vorbis.decoder#22] MediaCodec discarded an unknown buffer
07-24 17:59:41.473 20791 20994 I hw-BpHwBinder: onLastStrongRef automatically unlinking death recipients
07-24 17:59:41.475 20791 20994 E libc    : Access denied finding property "ro.vendor.media.video.frc.support"
07-24 17:59:41.502 20791 21000 D CCodecBufferChannel: [c2.android.vorbis.decoder#620] MediaCodec discarded an unknown buffer
07-24 17:59:41.502 20791 21000 I chatty  : uid=10266(org.codeaurora.snapcam) identical 1 line
07-24 17:59:41.502 20791 21000 D CCodecBufferChannel: [c2.android.vorbis.decoder#620] MediaCodec discarded an unknown buffer
07-24 17:59:41.508 20791 21003 I hw-BpHwBinder: onLastStrongRef automatically unlinking death recipients
07-24 17:59:41.508 20791 21000 E libc    : Access denied finding property "ro.vendor.media.video.frc.support"
07-24 17:59:41.510 20791 20824 W TEST_ISO: [8.0, 1.005] MAX_ISO = 8.0 MAX_DIGITAL_ISO = 2.0
07-24 17:59:41.510 20791 20824 W sGetActual_analog_gain: 8.0
07-24 17:59:41.510 20791 20824 W sGetApplied_digital_gain: 1.005
07-24 17:59:41.510 20791 20824 W sGetPost_raw_digital_gain: 1.33
07-24 17:59:41.510 20791 20824 W qyv     : CaptureResult is present COLOR_CORRECTION_GAINS FIX.
07-24 17:59:41.518 20791 20824 W GET camera ID : 4
07-24 17:59:41.519 20791 20826 W CAM_VidRotDataLoader: Framerate metadata does not exist for the video at content://media/external/video/media/68453
07-24 17:59:41.522 20791 20824 W GET camera ID : 4
07-24 17:59:41.538 20791 20843 W CameraMetadataJV: Expect face scores and rectangles to be non-null
07-24 17:59:41.539 20791 20843 W JankMonitorFacade: PHOTO > abs (result sensor timestamp) = 72.00 ms > 70.00 ms
07-24 17:59:41.559 20791 20826 W CAM_VidRotDataLoader: Framerate metadata does not exist for the video at content://media/external/video/media/68450
07-24 17:59:41.576 20791 20826 W CAM_VidRotDataLoader: Framerate metadata does not exist for the video at content://media/external/video/media/68448
07-24 17:59:41.600 20791 20826 W CAM_VidRotDataLoader: Framerate metadata does not exist for the video at content://media/external/video/media/68443
07-24 17:59:41.611 20791 20843 W CameraMetadataJV: Expect face scores and rectangles to be non-null
07-24 17:59:41.613 20791 20843 W JankMonitorFacade: PHOTO > abs (result sensor timestamp) = 72.04 ms > 70.00 ms
07-24 17:59:41.641 20791 20826 W CAM_VidRotDataLoader: Framerate metadata does not exist for the video at content://media/external/video/media/66219
07-24 17:59:41.682 20791 20844 W HDR+_command : CAM_SimpleReqProcessor
07-24 17:59:41.682 20791 20843 W CameraMetadataJV: Expect face scores and rectangles to be non-null
07-24 17:59:41.686 20791 20843 W GyroTransformCalc: Previous or current projection matrix cannot be computed. Defaulting to identity
07-24 17:59:41.686 20791 20843 W HDR+_command : CAM_LowLightAfLock
07-24 17:59:41.687 20791 20802 I eaurora.snapca: Compiler allocated 6540KB to compile void bk.A()
07-24 17:59:41.687 20791 20843 W JankMonitorFacade: PHOTO > abs (result sensor timestamp) = 71.95 ms > 70.00 ms
07-24 17:59:41.752 20791 20843 W CameraMetadataJV: Expect face scores and rectangles to be non-null
07-24 17:59:41.753 20791 20843 W JankMonitorFacade: PHOTO > abs (result sensor timestamp) = 72.00 ms > 70.00 ms
07-24 17:59:41.824 20791 20843 W CameraMetadataJV: Expect face scores and rectangles to be non-null
07-24 17:59:41.824 20791 20843 W JankMonitorFacade: PHOTO > abs (result sensor timestamp) = 71.99 ms > 70.00 ms
07-24 17:59:41.902 20791 20843 W CameraMetadataJV: Expect face scores and rectangles to be non-null
07-24 17:59:41.903 20791 20843 W JankMonitorFacade: PHOTO > abs (result sensor timestamp) = 72.03 ms > 70.00 ms
07-24 17:59:41.942 20791 20825 W TEST_ISO: [8.0, 1.005] MAX_ISO = 8.0 MAX_DIGITAL_ISO = 2.0
07-24 17:59:41.942 20791 20825 W sGetActual_analog_gain: 8.0
07-24 17:59:41.942 20791 20825 W sGetApplied_digital_gain: 1.005
07-24 17:59:41.942 20791 20825 W sGetPost_raw_digital_gain: 1.37
07-24 17:59:41.942 20791 20825 W qyv     : CaptureResult is present COLOR_CORRECTION_GAINS FIX.
07-24 17:59:41.943 20791 20825 W GET camera ID : 4
07-24 17:59:41.945 20791 20825 W GET camera ID : 4
07-24 17:59:41.975 20791 20843 W CameraMetadataJV: Expect face scores and rectangles to be non-null
07-24 17:59:41.976 20791 20843 W JankMonitorFacade: PHOTO > abs (result sensor timestamp) = 71.97 ms > 70.00 ms
07-24 17:59:42.047 20791 20843 W CameraMetadataJV: Expect face scores and rectangles to be non-null
07-24 17:59:42.051 20791 20843 W JankMonitorFacade: PHOTO > abs (result sensor timestamp) = 72.19 ms > 70.00 ms
07-24 17:59:42.125 20791 20843 W CameraMetadataJV: Expect face scores and rectangles to be non-null
07-24 17:59:42.127 20791 20843 W JankMonitorFacade: PHOTO > abs (result sensor timestamp) = 71.88 ms > 70.00 ms
07-24 17:59:42.190 20791 20843 W CameraMetadataJV: Expect face scores and rectangles to be non-null
07-24 17:59:42.196 20791 20843 W HDR+_command : CAM_LowLightAfLock
07-24 17:59:42.197 20791 20843 W JankMonitorFacade: PHOTO > abs (result sensor timestamp) = 71.91 ms > 70.00 ms
07-24 17:59:42.265 20791 20843 W CameraMetadataJV: Expect face scores and rectangles to be non-null
07-24 17:59:42.266 20791 20843 W JankMonitorFacade: PHOTO > abs (result sensor timestamp) = 72.01 ms > 70.00 ms
07-24 17:59:42.331 20791 20843 W CameraMetadataJV: Expect face scores and rectangles to be non-null
07-24 17:59:42.332 20791 20843 W JankMonitorFacade: PHOTO > abs (result sensor timestamp) = 72.06 ms > 70.00 ms
07-24 17:59:42.374 20791 20824 W TEST_ISO: [8.0, 1.005] MAX_ISO = 8.0 MAX_DIGITAL_ISO = 2.0
07-24 17:59:42.374 20791 20824 W sGetActual_analog_gain: 8.0
07-24 17:59:42.374 20791 20824 W sGetApplied_digital_gain: 1.005
07-24 17:59:42.374 20791 20824 W sGetPost_raw_digital_gain: 1.27
07-24 17:59:42.374 20791 20824 W qyv     : CaptureResult is present COLOR_CORRECTION_GAINS FIX.
07-24 17:59:42.375 20791 20824 W GET camera ID : 4
07-24 17:59:42.380 20791 20824 W GET camera ID : 4
07-24 17:59:42.407 20791 20843 W CameraMetadataJV: Expect face scores and rectangles to be non-null
07-24 17:59:42.408 20791 20843 W JankMonitorFacade: PHOTO > abs (result sensor timestamp) = 71.91 ms > 70.00 ms
07-24 17:59:42.479 20791 20843 W CameraMetadataJV: Expect face scores and rectangles to be non-null
07-24 17:59:42.480 20791 20843 W JankMonitorFacade: PHOTO > abs (result sensor timestamp) = 72.00 ms > 70.00 ms
07-24 17:59:42.549 20791 20843 W CameraMetadataJV: Expect face scores and rectangles to be non-null
07-24 17:59:42.550 20791 20843 W JankMonitorFacade: PHOTO > abs (result sensor timestamp) = 72.17 ms > 70.00 ms
07-24 17:59:42.622 20791 20843 W CameraMetadataJV: Expect face scores and rectangles to be non-null
07-24 17:59:42.624 20791 20843 W JankMonitorFacade: PHOTO > abs (result sensor timestamp) = 71.88 ms > 70.00 ms
07-24 17:59:42.694 20791 20843 W CameraMetadataJV: Expect face scores and rectangles to be non-null
07-24 17:59:42.696 20791 20843 W HDR+_command : CAM_LowLightAfLock
07-24 17:59:42.697 20791 20843 W JankMonitorFacade: PHOTO > abs (result sensor timestamp) = 71.95 ms > 70.00 ms
07-24 17:59:42.775 20791 20843 W CameraMetadataJV: Expect face scores and rectangles to be non-null
07-24 17:59:42.781 20791 20843 W JankMonitorFacade: PHOTO > abs (result sensor timestamp) = 72.09 ms > 70.00 ms
07-24 17:59:42.805 20791 20824 W TEST_ISO: [8.0, 1.0] MAX_ISO = 8.0 MAX_DIGITAL_ISO = 2.0
07-24 17:59:42.805 20791 20824 W sGetActual_analog_gain: 8.0
07-24 17:59:42.805 20791 20824 W sGetApplied_digital_gain: 1.0
07-24 17:59:42.805 20791 20824 W sGetPost_raw_digital_gain: 1.24
07-24 17:59:42.805 20791 20824 W qyv     : CaptureResult is present COLOR_CORRECTION_GAINS FIX.
07-24 17:59:42.806 20791 20824 W GET camera ID : 4
07-24 17:59:42.807 20791 20824 W GET camera ID : 4
07-24 17:59:42.824 20791 20791 D MIUIInput: [KeyEvent] ViewRootImpl KeyEvent { action=ACTION_DOWN, keyCode=KEYCODE_BACK, scanCode=0, metaState=0, flags=0x8, repeatCount=0, eventTime=881162521, downTime=881162521, deviceId=-1, source=0x101, displayId=-1 }
07-24 17:59:42.826 20791 20791 D MIUIInput: [KeyEvent] ViewRootImpl KeyEvent { action=ACTION_UP, keyCode=KEYCODE_BACK, scanCode=0, metaState=0, flags=0x8, repeatCount=0, eventTime=881162521, downTime=881162521, deviceId=-1, source=0x101, displayId=-1 }
07-24 17:59:42.838 20791 20843 W CameraMetadataJV: Expect face scores and rectangles to be non-null
07-24 17:59:42.839 20791 20843 W JankMonitorFacade: PHOTO > abs (result sensor timestamp) = 71.88 ms > 70.00 ms
07-24 17:59:42.855 20791 20835 W HDR+_command : CAM_AudioRestrictApi
07-24 17:59:42.856 20791 20835 W HDR+_command : CAM_AudioRestrictApi
07-24 17:59:42.927 20791 20843 W CameraMetadataJV: Expect face scores and rectangles to be non-null
07-24 17:59:42.930 20791 20843 W JankMonitorFacade: PHOTO > abs (result sensor timestamp) = 72.24 ms > 70.00 ms
07-24 17:59:42.984 20791 20843 W CameraMetadataJV: Expect face scores and rectangles to be non-null
07-24 17:59:42.986 20791 20843 W JankMonitorFacade: PHOTO > abs (result sensor timestamp) = 71.75 ms > 70.00 ms
07-24 17:59:43.100 20791 20843 W CameraMetadataJV: Expect face scores and rectangles to be non-null
07-24 17:59:43.101 20791 20843 W JankMonitorFacade: PHOTO > abs (result sensor timestamp) = 73.07 ms > 70.00 ms
07-24 17:59:43.122 20791 20843 W CameraMetadataJV: Expect face scores and rectangles to be non-null
07-24 17:59:43.124 20791 20843 W JankMonitorFacade: PHOTO > abs (result sensor timestamp) = 80.55 ms > 70.00 ms
07-24 17:59:43.124 20791 20843 W JankMonitorFacade: PHOTO > result sensor delay = 1.15 > 1.10
07-24 17:59:43.196 20791 20843 W CameraMetadataJV: Expect face scores and rectangles to be non-null
07-24 17:59:43.203 20791 20843 W HDR+_command : CAM_LowLightAfLock
07-24 17:59:43.236 20791 20825 W TEST_ISO: [8.0, 1.005] MAX_ISO = 8.0 MAX_DIGITAL_ISO = 2.0
07-24 17:59:43.236 20791 20825 W sGetActual_analog_gain: 8.0
07-24 17:59:43.236 20791 20825 W sGetApplied_digital_gain: 1.005
07-24 17:59:43.236 20791 20825 W sGetPost_raw_digital_gain: 1.29
07-24 17:59:43.236 20791 20825 W qyv     : CaptureResult is present COLOR_CORRECTION_GAINS FIX.
07-24 17:59:43.237 20791 20825 W GET camera ID : 4
07-24 17:59:43.238 20791 20825 W GET camera ID : 4
07-24 17:59:43.271 20791 20843 W CameraMetadataJV: Expect face scores and rectangles to be non-null
07-24 17:59:43.273 20791 20843 W JankMonitorFacade: PHOTO > abs (result sensor timestamp) = 71.97 ms > 70.00 ms
07-24 17:59:43.347 20791 20843 W CameraMetadataJV: Expect face scores and rectangles to be non-null
07-24 17:59:43.350 20791 20843 W JankMonitorFacade: PHOTO > abs (result sensor timestamp) = 71.99 ms > 70.00 ms
07-24 17:59:43.412 20791 20843 W CameraMetadataJV: Expect face scores and rectangles to be non-null
07-24 17:59:43.413 20791 20843 W JankMonitorFacade: PHOTO > abs (result sensor timestamp) = 72.00 ms > 70.00 ms
07-24 17:59:43.487 20791 20843 W CameraMetadataJV: Expect face scores and rectangles to be non-null
07-24 17:59:43.489 20791 20843 W JankMonitorFacade: PHOTO > abs (result sensor timestamp) = 72.00 ms > 70.00 ms
07-24 17:59:43.558 20791 20843 W CameraMetadataJV: Expect face scores and rectangles to be non-null
07-24 17:59:43.561 20791 20843 W JankMonitorFacade: PHOTO > abs (result sensor timestamp) = 71.99 ms > 70.00 ms
07-24 17:59:43.613 20791 20791 W HDR+_command : CAM_ViewfinderSV0
07-24 17:59:43.615 20791 20830 W HDR+_command : CAM_FrameServer
07-24 17:59:43.616 20791 20830 W HDR+_command : CAM_CamDeviceWakelock
07-24 17:59:43.616 20791 20844 W HDR+_command : CAM_CaptureSessionState
07-24 17:59:43.617 20791 20830 W HDR+_command : CAM_FrameServer
07-24 17:59:43.617 20791 20830 W HDR+_command : CAM_PckOneCamera-0
07-24 17:59:43.682 20791 20830 W HDR+_command : CAM_LowLightAfLock
07-24 17:59:43.687 20791 20830 W HDR+_command : CAM_gyro-scn-ch
07-24 17:59:43.695 20791 20791 W ProxyAndroidLoggerBackend: Too many Flogger logs received before configuration. Dropping old logs.
07-24 17:59:43.698 20791 20830 W HDR+_command : CAM_PckOneCamera-0
07-24 17:59:43.707 20791 20791 W HDR+_command : CAM_CamDeviceWakelock
07-24 17:59:43.715 20791 20791 W ContentCatcher: Failed to notify a WebView
07-24 17:59:43.730 20791 20826 W ProxyAndroidLoggerBackend: Too many Flogger logs received before configuration. Dropping old logs.
07-24 17:59:43.733 20791 20826 W ProxyAndroidLoggerBackend: Too many Flogger logs received before configuration. Dropping old logs.
07-24 17:59:43.737 20791 20826 W ProxyAndroidLoggerBackend: Too many Flogger logs received before configuration. Dropping old logs.
07-24 17:59:43.738 20791 20826 W ProxyAndroidLoggerBackend: Too many Flogger logs received before configuration. Dropping old logs.
07-24 17:59:43.739 20791 20843 W CameraMetadataJV: Expect face scores and rectangles to be non-null
07-24 17:59:43.739 20791 20826 W ProxyAndroidLoggerBackend: Too many Flogger logs received before configuration. Dropping old logs.
07-24 17:59:43.740 20791 20844 W CAM_MetadataDst: onCaptureFailed for Frame 39
07-24 17:59:43.741 20791 20843 W JankMonitorFacade: PHOTO > abs (result sensor timestamp) = 72.09 ms > 70.00 ms
07-24 17:59:43.742 20791 20826 W ProxyAndroidLoggerBackend: Too many Flogger logs received before configuration. Dropping old logs.
07-24 17:59:43.743 20791 20826 W ProxyAndroidLoggerBackend: Too many Flogger logs received before configuration. Dropping old logs.
07-24 17:59:43.744 20791 20826 W ProxyAndroidLoggerBackend: Too many Flogger logs received before configuration. Dropping old logs.
07-24 17:59:43.746 20791 20844 W CAM_MetadataDst: onCaptureFailed for Frame 41
07-24 17:59:43.746 20791 20844 W CAM_MetadataDst: onCaptureFailed for Frame 40
07-24 17:59:43.746 20791 20844 W CAM_MetadataDst: onCaptureFailed for Frame 37
07-24 17:59:43.747 20791 20844 W CAM_MetadataDst: onCaptureFailed for Frame 38
07-24 17:59:43.747 20791 20844 W CAM_PRIVATEw1440: Distributing null to Stream-0 for frame 37 at 1203717599141172 because the buffer was lost.
07-24 17:59:43.747 20791 20844 W CAM_YUV_420_888w1280: Distributing null to Stream-1 for frame 37 at 1203717599141172 because the buffer was lost.
07-24 17:59:43.747 20791 20844 W CAM_PRIVATEw1440: Received onBufferLost from Stream-0 for frame 38 but was unable to find a matching request to abort.
07-24 17:59:43.747 20791 20844 W CAM_YUV_420_888w1280: Received onBufferLost from Stream-1 for frame 38 but was unable to find a matching request to abort.
07-24 17:59:43.747 20791 20844 W CAM_RAW10w1600: Received onBufferLost from Stream-2 for frame 38 but was unable to find a matching request to abort.
07-24 17:59:43.747 20791 20844 W CAM_PRIVATEw1440: Received onBufferLost from Stream-0 for frame 39 but was unable to find a matching request to abort.
07-24 17:59:43.747 20791 20844 W CAM_YUV_420_888w1280: Received onBufferLost from Stream-1 for frame 39 but was unable to find a matching request to abort.
07-24 17:59:43.748 20791 20844 W CAM_RAW10w1600: Received onBufferLost from Stream-2 for frame 39 but was unable to find a matching request to abort.
07-24 17:59:43.748 20791 20844 W CAM_PRIVATEw1440: Received onBufferLost from Stream-0 for frame 40 but was unable to find a matching request to abort.
07-24 17:59:43.748 20791 20844 W CAM_YUV_420_888w1280: Received onBufferLost from Stream-1 for frame 40 but was unable to find a matching request to abort.
07-24 17:59:43.748 20791 20844 W CAM_RAW10w1600: Received onBufferLost from Stream-2 for frame 40 but was unable to find a matching request to abort.
07-24 17:59:43.748 20791 20844 W CAM_PRIVATEw1440: Received onBufferLost from Stream-0 for frame 41 but was unable to find a matching request to abort.
07-24 17:59:43.748 20791 20844 W CAM_YUV_420_888w1280: Received onBufferLost from Stream-1 for frame 41 but was unable to find a matching request to abort.
07-24 17:59:43.748 20791 20844 W CAM_RAW10w1600: Received onBufferLost from Stream-2 for frame 41 but was unable to find a matching request to abort.
07-24 17:59:43.748 20791 20844 W HDR+_command : CAM_CaptureSessionState
07-24 17:59:44.008 20791 20826 W ProxyAndroidLoggerBackend: Too many Flogger logs received before configuration. Dropping old logs.
07-24 17:59:44.141 20791 20802 I eaurora.snapca: Compiler allocated 5258KB to compile void rdc.Y(java.lang.Object, raz)
07-24 17:59:44.720 20791 20825 W HDR+_command : CAM_VirtualCameraMgr
07-24 17:59:44.721 20791 20835 W HDR+_command : CAM_VirtualCameraMgr
07-24 17:59:44.804 20791 20835 W HDR+_command : CAM_VirtualCameraMgr
07-24 17:59:45.629 20791 20839 W HDR+_command : CAM_FrameServer
07-24 17:59:45.631 20791 20839 W HDR+_command : CAM_FrameServer
07-24 17:59:46.343 20791 20983 D BufferPoolAccessor2.0: bufferpool2 0x7d8e841028 : 0(0 size) total buffers - 0(0 size) used buffers - 3/9 (recycle/alloc) - 6/58 (fetch/transfer)
07-24 17:59:46.343 20791 20983 D BufferPoolAccessor2.0: evictor expired: 1, evicted: 1
07-24 17:59:47.344 20791 20983 D BufferPoolAccessor2.0: bufferpool2 0x7d66cdb428 : 0(0 size) total buffers - 0(0 size) used buffers - 1/9 (recycle/alloc) - 8/32 (fetch/transfer)
07-24 17:59:47.344 20791 20983 D BufferPoolAccessor2.0: bufferpool2 0x7e22375a28 : 0(0 size) total buffers - 0(0 size) used buffers - 3/9 (recycle/alloc) - 9/22 (fetch/transfer)
07-24 17:59:47.344 20791 20983 D BufferPoolAccessor2.0: bufferpool2 0x7d7cff9228 : 0(0 size) total buffers - 0(0 size) used buffers - 1/9 (recycle/alloc) - 8/40 (fetch/transfer)
07-24 17:59:47.344 20791 20983 D BufferPoolAccessor2.0: evictor expired: 3, evicted: 3
07-24 17:59:47.727 20791 20826 W ProxyAndroidLoggerBackend: Too many Flogger logs received before configuration. Dropping old logs.
07-24 17:59:48.026 20791 20805 D AudioRecord: stop mSessionID=99729
07-24 17:59:48.026 20791 20805 D AudioRecord: stop(18333): mActive:0
07-24 17:59:48.027 20791 20805 D AudioService: broadcastRecorderState:org.codeaurora.snapcam
07-24 17:59:48.027 20791 20805 D AudioRecord: stop mSessionID=99729
07-24 17:59:48.027 20791 20805 D AudioRecord: stop(18333): mActive:0
07-24 17:59:48.027 20791 20805 D AudioRecord: stop mSessionID=99729
07-24 17:59:48.027 20791 20805 D AudioRecord: stop(18333): mActive:0
