07-25 11:37:39.427 29635 29765 W JankMonitorFacade: PHOTO > abs Δ(result sensor timestamp) = 70.87 ms > 70.00 ms
07-25 11:37:39.434 29635 29682 W qyv     : CaptureResult is present COLOR_CORRECTION_GAINS FIX.
07-25 11:37:39.454 29635 29682 W qyv     : CaptureResult is present COLOR_CORRECTION_GAINS FIX.
07-25 11:37:39.494 29635 29765 W CameraMetadataJV: Expect face scores and rectangles to be non-null
07-25 11:37:39.494 29635 29765 W JankMonitorFacade: PHOTO > abs Δ(result sensor timestamp) = 70.17 ms > 70.00 ms
07-25 11:37:39.567 29635 29765 W CameraMetadataJV: Expect face scores and rectangles to be non-null
07-25 11:37:39.567 29635 29765 W JankMonitorFacade: PHOTO > abs Δ(result sensor timestamp) = 70.54 ms > 70.00 ms
07-25 11:37:39.575 29635 29681 W qyv     : CaptureResult is present COLOR_CORRECTION_GAINS FIX.
07-25 11:37:39.592 29635 29681 W qyv     : CaptureResult is present COLOR_CORRECTION_GAINS FIX.
07-25 11:37:39.643 29635 29765 W CameraMetadataJV: Expect face scores and rectangles to be non-null
07-25 11:37:39.643 29635 29765 W JankMonitorFacade: PHOTO > abs Δ(result sensor timestamp) = 70.56 ms > 70.00 ms
07-25 11:37:39.711 29635 29765 W CameraMetadataJV: Expect face scores and rectangles to be non-null
07-25 11:37:39.713 29635 29765 W JankMonitorFacade: PHOTO > abs Δ(result sensor timestamp) = 70.57 ms > 70.00 ms
07-25 11:37:39.724 29635 29681 W qyv     : CaptureResult is present COLOR_CORRECTION_GAINS FIX.
07-25 11:37:39.738 29635 29681 W qyv     : CaptureResult is present COLOR_CORRECTION_GAINS FIX.
07-25 11:37:39.790 29635 29765 W CameraMetadataJV: Expect face scores and rectangles to be non-null
07-25 11:37:39.790 29635 29765 W JankMonitorFacade: PHOTO > abs Δ(result sensor timestamp) = 70.43 ms > 70.00 ms
07-25 11:37:39.848 29635 29765 W CameraMetadataJV: Expect face scores and rectangles to be non-null
07-25 11:37:39.848 29635 29765 W JankMonitorFacade: PHOTO > abs Δ(result sensor timestamp) = 70.50 ms > 70.00 ms
07-25 11:37:39.855 29635 29681 W qyv     : CaptureResult is present COLOR_CORRECTION_GAINS FIX.
07-25 11:37:39.872 29635 29681 W qyv     : CaptureResult is present COLOR_CORRECTION_GAINS FIX.
07-25 11:37:39.916 29635 29765 W CameraMetadataJV: Expect face scores and rectangles to be non-null
07-25 11:37:39.917 29635 29765 W JankMonitorFacade: PHOTO > abs Δ(result sensor timestamp) = 70.52 ms > 70.00 ms
07-25 11:37:39.987 29635 29765 W CameraMetadataJV: Expect face scores and rectangles to be non-null
07-25 11:37:39.987 29635 29765 W JankMonitorFacade: PHOTO > abs Δ(result sensor timestamp) = 70.52 ms > 70.00 ms
07-25 11:37:39.995 29635 29681 W qyv     : CaptureResult is present COLOR_CORRECTION_GAINS FIX.
07-25 11:37:40.014 29635 29681 W qyv     : CaptureResult is present COLOR_CORRECTION_GAINS FIX.
07-25 11:37:40.058 29635 29765 W CameraMetadataJV: Expect face scores and rectangles to be non-null
07-25 11:37:40.058 29635 29765 W JankMonitorFacade: PHOTO > abs Δ(result sensor timestamp) = 70.52 ms > 70.00 ms
07-25 11:37:40.130 29635 29765 W CameraMetadataJV: Expect face scores and rectangles to be non-null
07-25 11:37:40.130 29635 29765 W JankMonitorFacade: PHOTO > abs Δ(result sensor timestamp) = 70.51 ms > 70.00 ms
07-25 11:37:40.138 29635 29681 W qyv     : CaptureResult is present COLOR_CORRECTION_GAINS FIX.
07-25 11:37:40.155 29635 29681 W qyv     : CaptureResult is present COLOR_CORRECTION_GAINS FIX.
07-25 11:37:40.200 29635 29765 W CameraMetadataJV: Expect face scores and rectangles to be non-null
07-25 11:37:40.200 29635 29765 W JankMonitorFacade: PHOTO > abs Δ(result sensor timestamp) = 70.54 ms > 70.00 ms
07-25 11:37:40.278 29635 29765 W CameraMetadataJV: Expect face scores and rectangles to be non-null
07-25 11:37:40.279 29635 29765 W JankMonitorFacade: PHOTO > abs Δ(result sensor timestamp) = 70.63 ms > 70.00 ms
07-25 11:37:40.297 29635 29682 W qyv     : CaptureResult is present COLOR_CORRECTION_GAINS FIX.
07-25 11:37:40.315 29635 29682 W qyv     : CaptureResult is present COLOR_CORRECTION_GAINS FIX.
07-25 11:37:40.340 29635 29766 W HDR+_command : CAM_SimpleReqProcessor
07-25 11:37:40.341 29635 29765 W CameraMetadataJV: Expect face scores and rectangles to be non-null
07-25 11:37:40.341 29635 29765 W JankMonitorFacade: PHOTO > abs Δ(result sensor timestamp) = 72.56 ms > 70.00 ms
07-25 11:37:40.416 29635 29765 W CameraMetadataJV: Expect face scores and rectangles to be non-null
07-25 11:37:40.417 29635 29765 W JankMonitorFacade: PHOTO > abs Δ(result sensor timestamp) = 70.68 ms > 70.00 ms
07-25 11:37:40.425 29635 29682 W qyv     : CaptureResult is present COLOR_CORRECTION_GAINS FIX.
07-25 11:37:40.438 29635 29682 W qyv     : CaptureResult is present COLOR_CORRECTION_GAINS FIX.
07-25 11:37:40.485 29635 29765 W CameraMetadataJV: Expect face scores and rectangles to be non-null
07-25 11:37:40.532 29635 29635 V MiuiFrameworkFactory: get AllImpl object = android.common.MiuiFrameworkFactoryImpl@9546f12
07-25 11:37:40.535 29635 29635 W MirrorManager: this model don't Support
07-25 11:37:40.557 29635 29765 W CameraMetadataJV: Expect face scores and rectangles to be non-null
07-25 11:37:40.557 29635 29765 W JankMonitorFacade: PHOTO > abs Δ(result sensor timestamp) = 70.03 ms > 70.00 ms
07-25 11:37:40.573 29635 29681 W qyv     : CaptureResult is present COLOR_CORRECTION_GAINS FIX.
07-25 11:37:40.598 29635 29681 W qyv     : CaptureResult is present COLOR_CORRECTION_GAINS FIX.
07-25 11:37:40.625 29635 29765 W CameraMetadataJV: Expect face scores and rectangles to be non-null
07-25 11:37:40.625 29635 29765 W JankMonitorFacade: PHOTO > abs Δ(result sensor timestamp) = 70.52 ms > 70.00 ms
07-25 11:37:40.636 29635 29635 W HDR+_command : CAM_OrientMgrImpl
07-25 11:37:40.650 29635 29665 W OpenGLRenderer: Surface doesn't have any previously queued frames, nothing to readback from
07-25 11:37:40.661 29635 29710 W HDR+_command : CAM_FrameServer
07-25 11:37:40.662 29635 29710 W HDR+_command : CAM_CamDeviceWakelock
07-25 11:37:40.662 29635 29710 W HDR+_command : CAM_FrameServer
07-25 11:37:40.662 29635 29766 W HDR+_command : CAM_CaptureSessionState
07-25 11:37:40.662 29635 29710 W HDR+_command : CAM_PckOneCamera-0
07-25 11:37:40.683 29635 29635 W id.GoogleCamMG: Class ccj failed lock verification and will run slower.
07-25 11:37:40.683 29635 29635 W id.GoogleCamMG: Common causes for lock verification issues are non-optimized dex code
07-25 11:37:40.683 29635 29635 W id.GoogleCamMG: and incorrect proguard optimizations.
07-25 11:37:40.689 29635 29710 W HDR+_command : CAM_PckOneCamera-0
07-25 11:37:40.720 29635 29635 W HDR+_command : CAM_Viewfinder
07-25 11:37:40.720 29635 29635 W HDR+_command : CAM_Viewfinder
07-25 11:37:40.720 29635 29635 D SurfaceView: UPDATE Surface(name=SurfaceView - com.google.android.GoogleCamMGD/com.android.camera.CameraLauncher)/@0x6678914, mIsCastMode = false
07-25 11:37:40.720 29635 29635 D SurfaceView: UPDATE Surface(name=SurfaceView - com.google.android.GoogleCamMGD/com.android.camera.CameraLauncher)/@0x6678914, mIsProjectionMode = false
07-25 11:37:40.721 29635 29635 W HDR+_command : CAM_Viewfinder
07-25 11:37:40.724 29635 29887 I OMXClient: IOmx service obtained
07-25 11:37:40.726 29635 29887 W MediaFsQModule: Returning Q MediaFs implementation
07-25 11:37:40.726 29635 29635 W CAM_OptionsBarCtlr2: Tried to get MenuOption for property ipe@5e56cd4 with value false but value wasn't found in map. Returning default instead: UNKNOWN
07-25 11:37:40.726 29635 29635 W CAM_OptionsBarCtlr2: Property value false is not associated with a MenuOption.
07-25 11:37:40.727 29635 29887 W HDR+_command : CAM_GcaMediaStorage
07-25 11:37:40.727 29635 29887 W HDR+_command : CAM_MediaGroup
07-25 11:37:40.727 29635 29887 W HDR+_command : CAM_MediaGroup
07-25 11:37:40.731 29635 29635 D SurfaceView: UPDATE null, mIsCastMode = false
07-25 11:37:40.732 29635 29635 W HDR+_command : CAM_ViewfinderSV1
07-25 11:37:40.732 29635 29635 I chatty  : uid=10379(com.google.android.GoogleCamMGD) identical 2 lines
07-25 11:37:40.732 29635 29635 W HDR+_command : CAM_ViewfinderSV1
07-25 11:37:40.733 29635 29635 D SurfaceView: UPDATE Surface(name=SurfaceView - com.google.android.GoogleCamMGD/com.android.camera.CameraLauncher)/@0x29aba05, mIsProjectionMode = false
07-25 11:37:40.738 29635 29819 D CompatibilityChangeReporter: Compat change id reported: 150939131; UID 10379; state: ENABLED
07-25 11:37:40.742 29635 29888 W HDR+_command : CAM_MediaFile
07-25 11:37:40.750 29635 29890 I OMXClient: IOmx service obtained
07-25 11:37:40.761 29635 29889 I MediaCodec: MediaCodec will operate in async mode
07-25 11:37:40.762 29635 29890 I ExtendedACodec: setupVideoEncoder()
07-25 11:37:40.763 29635 29890 W OMXUtils: do not know color format 0x7fa30c06 = 2141391878
07-25 11:37:40.763 29635 29890 W OMXUtils: do not know color format 0x7fa30c04 = 2141391876
07-25 11:37:40.763 29635 29890 W OMXUtils: do not know color format 0x7fa30c00 = 2141391872
07-25 11:37:40.763 29635 29890 W OMXUtils: do not know color format 0x7fa30c09 = 2141391881
07-25 11:37:40.764 29635 29890 W OMXUtils: do not know color format 0x7fa30c0a = 2141391882
07-25 11:37:40.764 29635 29890 W OMXUtils: do not know color format 0x7fa30c08 = 2141391880
07-25 11:37:40.764 29635 29890 W OMXUtils: do not know color format 0x7fa30c07 = 2141391879
07-25 11:37:40.764 29635 29890 W OMXUtils: do not know color format 0x7f000789 = 2130708361
07-25 11:37:40.769 29635 29890 W AString : ctor got NULL, using empty string instead
07-25 11:37:40.769 29635 29890 I ACodec  : setupAVCEncoderParameters with [profile: Baseline] [level: Level3]
07-25 11:37:40.770 29635 29890 I ACodec  : [OMX.qcom.video.encoder.avc] cannot encode HDR static metadata. Ignoring.
07-25 11:37:40.770 29635 29890 I ACodec  : setupVideoEncoder succeeded
07-25 11:37:40.770 29635 29890 I ExtendedACodec: [OMX.qcom.video.encoder.avc] configure, AMessage : AMessage(what = 'conf', target = 14) = {
07-25 11:37:40.770 29635 29890 I ExtendedACodec:   int32_t color-format = 2130708361
07-25 11:37:40.770 29635 29890 I ExtendedACodec:   int32_t i-frame-interval = 2
07-25 11:37:40.770 29635 29890 I ExtendedACodec:   int32_t level = 256
07-25 11:37:40.770 29635 29890 I ExtendedACodec:   string mime = "video/avc"
07-25 11:37:40.770 29635 29890 I ExtendedACodec:   int32_t profile = 8
07-25 11:37:40.770 29635 29890 I ExtendedACodec:   int32_t create-input-buffers-suspended = 1
07-25 11:37:40.770 29635 29890 I ExtendedACodec:   int32_t bitrate = 13333333
07-25 11:37:40.770 29635 29890 I ExtendedACodec:   int32_t color-standard = 2
07-25 11:37:40.770 29635 29890 I ExtendedACodec:   int32_t capture-rate = 30
07-25 11:37:40.770 29635 29890 I ExtendedACodec:   int32_t color-transfer = 3
07-25 11:37:40.770 29635 29890 I ExtendedACodec:   int32_t width = 1920
07-25 11:37:40.770 29635 29890 I ExtendedACodec:   int32_t color-range = 1
07-25 11:37:40.770 29635 29890 I ExtendedACodec:   int32_t frame-rate = 30
07-25 11:37:40.770 29635 29890 I ExtendedACodec:   int32_t height = 1080
07-25 11:37:40.770 29635 29890 I ExtendedACodec:   int32_t flags = 1
07-25 11:37:40.770 29635 29890 I ExtendedACodec:   int32_t encoder = 1
07-25 11:37:40.770 29635 29890 I ExtendedACodec: }
07-25 11:37:40.770 29635 29890 W OMXUtils: do not know color format 0x7f000789 = 2130708361
07-25 11:37:40.771 29635 29890 I ACodec  : [OMX.qcom.video.encoder.avc] input format is AMessage(what = 0x00000000) = {
07-25 11:37:40.771 29635 29890 I ACodec  :   string mime = "video/raw"
07-25 11:37:40.771 29635 29890 I ACodec  :   int32_t stride = 1920
07-25 11:37:40.771 29635 29890 I ACodec  :   int32_t slice-height = 1080
07-25 11:37:40.771 29635 29890 I ACodec  :   int32_t color-format = 2130708361
07-25 11:37:40.771 29635 29890 I ACodec  :   int32_t color-range = 1
07-25 11:37:40.771 29635 29890 I ACodec  :   int32_t color-standard = 2
07-25 11:37:40.771 29635 29890 I ACodec  :   int32_t color-transfer = 3
07-25 11:37:40.771 29635 29890 I ACodec  :   int32_t width = 1920
07-25 11:37:40.771 29635 29890 I ACodec  :   int32_t height = 1080
07-25 11:37:40.771 29635 29890 I ACodec  : }
07-25 11:37:40.773 29635 29766 W CAM_MetadataDst: onCaptureFailed for Frame 39
07-25 11:37:40.774 29635 29766 W CAM_MetadataDst: onCaptureFailed for Frame 41
07-25 11:37:40.775 29635 29890 I ACodec  : [OMX.qcom.video.encoder.avc] output format is AMessage(what = 0x00000000) = {
07-25 11:37:40.775 29635 29890 I ACodec  :   int32_t bitrate = 13333333
07-25 11:37:40.775 29635 29890 I ACodec  :   int32_t max-bitrate = 13333333
07-25 11:37:40.775 29635 29890 I ACodec  :   int32_t frame-rate = 30
07-25 11:37:40.775 29635 29890 I ACodec  :   int32_t color-range = 1
07-25 11:37:40.775 29635 29890 I ACodec  :   int32_t color-standard = 2
07-25 11:37:40.775 29635 29890 I ACodec  :   int32_t color-transfer = 3
07-25 11:37:40.775 29635 29890 I ACodec  :   string mime = "video/avc"
07-25 11:37:40.775 29635 29890 I ACodec  :   int32_t width = 1920
07-25 11:37:40.775 29635 29890 I ACodec  :   int32_t height = 1080
07-25 11:37:40.775 29635 29890 I ACodec  : }
07-25 11:37:40.776 29635 29765 W CameraMetadataJV: Expect face scores and rectangles to be non-null
07-25 11:37:40.777 29635 29765 W JankMonitorFacade: VIDEO > abs Δ(result sensor timestamp) = 70.53 ms > 70.00 ms
07-25 11:37:40.778 29635 29890 I ACodec  : Need to setDefaultCodecColorAspectsIfNeeded
07-25 11:37:40.778 29635 29766 W CAM_MetadataDst: onCaptureFailed for Frame 40
07-25 11:37:40.779 29635 29766 W CAM_MetadataDst: onCaptureFailed for Frame 37
07-25 11:37:40.779 29635 29766 W CAM_MetadataDst: onCaptureFailed for Frame 38
07-25 11:37:40.779 29635 29766 W CAM_PRIVATEw800: Distributing null to Stream-0 for frame 37 at 50490923703892 because the buffer was lost.
07-25 11:37:40.779 29635 29766 W CAM_YUV_420_888w800: Distributing null to Stream-1 for frame 37 at 50490923703892 because the buffer was lost.
07-25 11:37:40.779 29635 29766 W CAM_RAW10w4000: Received onBufferLost from Stream-2 for frame 38 but was unable to find a matching request to abort.
07-25 11:37:40.779 29635 29766 W CAM_PRIVATEw800: Received onBufferLost from Stream-0 for frame 38 but was unable to find a matching request to abort.
07-25 11:37:40.779 29635 29766 W CAM_YUV_420_888w800: Received onBufferLost from Stream-1 for frame 38 but was unable to find a matching request to abort.
07-25 11:37:40.779 29635 29766 W CAM_RAW10w4000: Received onBufferLost from Stream-2 for frame 39 but was unable to find a matching request to abort.
07-25 11:37:40.779 29635 29766 W CAM_PRIVATEw800: Received onBufferLost from Stream-0 for frame 39 but was unable to find a matching request to abort.
07-25 11:37:40.779 29635 29766 W CAM_YUV_420_888w800: Received onBufferLost from Stream-1 for frame 39 but was unable to find a matching request to abort.
07-25 11:37:40.779 29635 29766 W CAM_RAW10w4000: Received onBufferLost from Stream-2 for frame 40 but was unable to find a matching request to abort.
07-25 11:37:40.779 29635 29766 W CAM_PRIVATEw800: Received onBufferLost from Stream-0 for frame 40 but was unable to find a matching request to abort.
07-25 11:37:40.779 29635 29766 W CAM_YUV_420_888w800: Received onBufferLost from Stream-1 for frame 40 but was unable to find a matching request to abort.
07-25 11:37:40.779 29635 29766 W CAM_RAW10w4000: Received onBufferLost from Stream-2 for frame 41 but was unable to find a matching request to abort.
07-25 11:37:40.779 29635 29766 W CAM_PRIVATEw800: Received onBufferLost from Stream-0 for frame 41 but was unable to find a matching request to abort.
07-25 11:37:40.779 29635 29766 W CAM_YUV_420_888w800: Received onBufferLost from Stream-1 for frame 41 but was unable to find a matching request to abort.
07-25 11:37:40.779 29635 29766 W HDR+_command : CAM_CaptureSessionState
07-25 11:37:40.781 29635 29887 D AudioRecord: set(): inputSource 5, sampleRate 48000, format 0x1, channelMask 0xc, frameCount 19200, notificationFrames 0, sessionId 0, transferType 0, flags 0, opPackageName com.google.android.GoogleCamMGD uid -1, pid -1
07-25 11:37:40.793 29635 29900 D CCodec  : allocate(c2.android.aac.encoder)
07-25 11:37:40.794 29635 29900 I CCodec  : setting up 'default' as default (vendor) store
07-25 11:37:40.796 29635 29900 I CCodec  : Created component [c2.android.aac.encoder]
07-25 11:37:40.796 29635 29900 D CCodecConfig: read media type: audio/mp4a-latm
07-25 11:37:40.797 29635 29900 D ReflectedParamUpdater: extent() != 1 for single value type: algo.buffers.max-count.values
07-25 11:37:40.797 29635 29900 D ReflectedParamUpdater: extent() != 1 for single value type: output.subscribed-indices.values
07-25 11:37:40.797 29635 29900 D ReflectedParamUpdater: extent() != 1 for single value type: input.buffers.allocator-ids.values
07-25 11:37:40.797 29635 29900 D ReflectedParamUpdater: extent() != 1 for single value type: output.buffers.allocator-ids.values
07-25 11:37:40.797 29635 29900 D ReflectedParamUpdater: extent() != 1 for single value type: algo.buffers.allocator-ids.values
07-25 11:37:40.797 29635 29900 D ReflectedParamUpdater: extent() != 1 for single value type: output.buffers.pool-ids.values
07-25 11:37:40.797 29635 29900 D ReflectedParamUpdater: extent() != 1 for single value type: algo.buffers.pool-ids.values
07-25 11:37:40.798 29635 29900 I CCodecConfig: query failed after returning 9 values (BAD_INDEX)
07-25 11:37:40.798 29635 29900 D CCodecConfig: c2 config diff is Dict {
07-25 11:37:40.798 29635 29900 D CCodecConfig:   c2::u32 coded.bitrate.value = 64000
07-25 11:37:40.798 29635 29900 D CCodecConfig:   c2::u32 coded.pl.level = 0
07-25 11:37:40.798 29635 29900 D CCodecConfig:   c2::u32 coded.pl.profile = 8192
07-25 11:37:40.798 29635 29900 D CCodecConfig:   c2::u32 coding.aac-sbr-mode.value = 3
07-25 11:37:40.798 29635 29900 D CCodecConfig:   c2::u32 input.buffers.max-size.value = 2048
07-25 11:37:40.798 29635 29900 D CCodecConfig:   c2::u32 input.delay.value = 0
07-25 11:37:40.798 29635 29900 D CCodecConfig:   string input.media-type.value = "audio/raw"
07-25 11:37:40.798 29635 29900 D CCodecConfig:   string output.media-type.value = "audio/mp4a-latm"
07-25 11:37:40.798 29635 29900 D CCodecConfig:   c2::u32 raw.channel-count.value = 1
07-25 11:37:40.798 29635 29900 D CCodecConfig:   c2::u32 raw.sample-rate.value = 44100
07-25 11:37:40.798 29635 29900 D CCodecConfig: }
07-25 11:37:40.799 29635 29900 I MediaCodec: MediaCodec will operate in async mode
07-25 11:37:40.799 29635 29900 D CCodec  : [c2.android.aac.encoder] buffers are bound to CCodec for this session
07-25 11:37:40.799 29635 29900 D CCodecConfig: no c2 equivalents for aac-profile
07-25 11:37:40.799 29635 29900 D CCodecConfig: no c2 equivalents for flags
07-25 11:37:40.799 29635 29900 D CCodecConfig: no c2 equivalents for encoder
07-25 11:37:40.799 29635 29900 D CCodecConfig: c2 config diff is   c2::u32 coded.bitrate.value = 192000
07-25 11:37:40.799 29635 29900 D CCodecConfig:   c2::u32 raw.channel-count.value = 2
07-25 11:37:40.799 29635 29900 D CCodecConfig:   c2::u32 raw.sample-rate.value = 48000
07-25 11:37:40.799 29635 29900 W Codec2Client: query -- param skipped: index = 1107298332.
07-25 11:37:40.799 29635 29900 D CCodec  : setup formats input: AMessage(what = 0x00000000) = {
07-25 11:37:40.799 29635 29900 D CCodec  :   int32_t aac-sbr-mode = 3
07-25 11:37:40.799 29635 29900 D CCodec  :   int32_t channel-count = 2
07-25 11:37:40.799 29635 29900 D CCodec  :   int32_t max-input-size = 4096
07-25 11:37:40.799 29635 29900 D CCodec  :   string mime = "audio/raw"
07-25 11:37:40.799 29635 29900 D CCodec  :   int32_t sample-rate = 48000
07-25 11:37:40.799 29635 29900 D CCodec  : } and output: AMessage(what = 0x00000000) = {
07-25 11:37:40.799 29635 29900 D CCodec  :   int32_t aac-sbr-mode = 3
07-25 11:37:40.799 29635 29900 D CCodec  :   int32_t bitrate = 192000
07-25 11:37:40.799 29635 29900 D CCodec  :   int32_t channel-count = 2
07-25 11:37:40.799 29635 29900 D CCodec  :   int32_t level = 0
07-25 11:37:40.799 29635 29900 D CCodec  :   int32_t max-bitrate = 192000
07-25 11:37:40.799 29635 29900 D CCodec  :   string mime = "audio/mp4a-latm"
07-25 11:37:40.799 29635 29900 D CCodec  :   int32_t profile = 2
07-25 11:37:40.799 29635 29900 D CCodec  :   int32_t sample-rate = 48000
07-25 11:37:40.799 29635 29900 D CCodec  : }
07-25 11:37:40.806 29635 29710 W CAM_DeviceErrorBroadcas: Tag DeviceErrorBroadcaster is 3 chars longer than limit.
07-25 11:37:40.807 29635 29710 W HDR+_command : CAM_JPEGw4000
07-25 11:37:40.807 29635 29710 W HDR+_command : CAM_JPEGw4000
07-25 11:37:40.808 29635 29710 W GET camera ID : 0
07-25 11:37:40.809 29635 29710 W HDR+_command : CAM_FrameServerLock
07-25 11:37:40.809 29635 29710 W HDR+_command : CAM_CamDeviceWakelock
07-25 11:37:40.809 29635 29710 W HDR+_command : CAM_FrameServer
07-25 11:37:40.809 29635 29710 I chatty  : uid=10379(com.google.android.GoogleCamMGD) CriticalPath identical 13 lines
07-25 11:37:40.809 29635 29710 W HDR+_command : CAM_FrameServer
07-25 11:37:40.809 29635 29710 W HDR+_command : CAM_CameraOpener
07-25 11:37:40.809 29635 29710 W HDR+_command : CAM_VirtualCameraMgr
07-25 11:37:40.809 29635 29710 W HDR+_command : CAM_VirtualCameraMgr
07-25 11:37:40.809 29635 29714 W HDR+_command : CAM_VirtualCameraMgr
07-25 11:37:40.810 29635 29710 W HDR+_command : CAM_FrameServer
07-25 11:37:40.811 29635 29710 W HDR+_command : CAM_FrameStreamMap
07-25 11:37:40.812 29635 29710 W HDR+_command : CAM_FrameBufferMap
07-25 11:37:40.812 29635 29907 W CAPTURE_REQUEST_MAP_ADD : android.control.afTrigger
07-25 11:37:40.812 29635 29907 W HDR+_command : CAM_RequestQueue
07-25 11:37:40.812 29635 29710 W HDR+_command : CAM_FrameStreamMap
07-25 11:37:40.812 29635 29906 W HDR+_command : CAM_SurfaceMap
07-25 11:37:40.812 29635 29710 W HDR+_command : CAM_FrameStreamMap
07-25 11:37:40.812 29635 29710 W HDR+_command : CAM_FrameBufferMap
07-25 11:37:40.813 29635 29906 W HDR+_command : CAM_RequestQueue
07-25 11:37:40.813 29635 29906 W HDR+_command : CAM_SurfaceMap
07-25 11:37:40.931 29635 29839 W CameraManagerGlobal: ignore the torch status update of camera: 3
07-25 11:37:40.931 29635 29896 W CameraManagerGlobal: ignore the torch status update of camera: 4
07-25 11:37:40.931 29635 29896 W CameraManagerGlobal: ignore the torch status update of camera: 5
07-25 11:37:40.932 29635 29896 W CameraManagerGlobal: ignore the torch status update of camera: 6
07-25 11:37:40.932 29635 29896 W CameraManagerGlobal: ignore the torch status update of camera: 7
07-25 11:37:40.947 29635 29714 W HDR+_command : CAM_VirtualCameraMgr
07-25 11:37:40.948 29635 29714 E libc    : Access denied finding property "persist.vendor.camera.privapp.list"
07-25 11:37:40.939 29635 29635 W Camera-Ex: type=1400 audit(0.0:370690): avc: denied { read } for name="u:object_r:vendor_persist_camera_prop:s0" dev="tmpfs" ino=10180 scontext=u:r:untrusted_app:s0:c123,c257,c512,c768 tcontext=u:object_r:vendor_persist_camera_prop:s0 tclass=file permissive=0 app=com.google.android.GoogleCamMGD
07-25 11:37:40.962 29635 29839 W CameraManagerGlobal: ignore the torch status update of camera: 3
07-25 11:37:40.963 29635 29839 W CameraManagerGlobal: ignore the torch status update of camera: 4
07-25 11:37:40.965 29635 29839 W CameraManagerGlobal: ignore the torch status update of camera: 5
07-25 11:37:40.965 29635 29839 W CameraManagerGlobal: ignore the torch status update of camera: 6
07-25 11:37:40.965 29635 29839 W CameraManagerGlobal: ignore the torch status update of camera: 7
07-25 11:37:40.968 29635 29714 W HDR+_command : CAM_VirtualCameraMgr
07-25 11:37:40.968 29635 29714 W HDR+_command : CAM_CameraDeviceState
07-25 11:37:40.969 29635 29714 W HDR+_command : CAM_SessionOpener
07-25 11:37:41.059 29635 29714 W HDR+_command : CAM_SimpleReqProcessor
07-25 11:37:41.061 29635 29906 W HDR+_command : CAM_CaptureSessionState
07-25 11:37:41.061 29635 29906 W HDR+_command : CAM_CaptureSessionState
07-25 11:37:41.301 29635 29635 W CAM_ModeSwitcher: ModeSwitcher WAS ALREADY ENABLED!
07-25 11:37:41.302 29635 29635 W CAM_ModeSwitcher: ModeSwitcher WAS ALREADY ENABLED!
07-25 11:37:41.307 29635 29635 W CAM_OptionsBarCtlr2: Tried to get MenuOption for property ipe@5e56cd4 with value false but value wasn't found in map. Returning default instead: UNKNOWN
07-25 11:37:41.307 29635 29635 W CAM_OptionsBarCtlr2: Property value false is not associated with a MenuOption.
07-25 11:37:41.313 29635 29682 W HDR+_command : CAM_RequestQueue
07-25 11:37:41.314 29635 29682 W HDR+_command : CAM_SimpleReqProcessor
07-25 11:37:41.321 29635 29905 W JankMonitorFacade: VIDEO > abs Δ(result sensor timestamp) = 631.89 ms > 70.00 ms
07-25 11:37:41.321 29635 29905 W JankMonitorFacade: VIDEO > rel Δ(result sensor timestamp) = 7.96 > 0.25
07-25 11:37:41.321 29635 29905 W JankMonitorFacade: VIDEO > result sensor delay = 8.94 > 1.10
07-25 11:37:41.390 29635 29905 W JankMonitorFacade: VIDEO > abs Δ(result sensor timestamp) = 70.70 ms > 70.00 ms
07-25 11:37:41.390 29635 29905 W JankMonitorFacade: VIDEO > rel Δ(result sensor timestamp) = 0.89 > 0.25
07-25 11:37:41.462 29635 29905 W JankMonitorFacade: VIDEO > abs Δ(result sensor timestamp) = 70.67 ms > 70.00 ms
07-25 11:37:41.535 29635 29905 W JankMonitorFacade: VIDEO > abs Δ(result sensor timestamp) = 70.68 ms > 70.00 ms
07-25 11:37:41.562 29635 29635 W HDR+_command : CAM_OrientMgrImpl
07-25 11:37:41.562 29635 29635 W HDR+_command : CAM_OrientMgrImpl
07-25 11:37:41.603 29635 29905 W JankMonitorFacade: VIDEO > abs Δ(result sensor timestamp) = 70.71 ms > 70.00 ms
07-25 11:37:41.674 29635 29905 W JankMonitorFacade: VIDEO > abs Δ(result sensor timestamp) = 70.66 ms > 70.00 ms
07-25 11:37:41.687 29635 29818 D CCodecBufferChannel: [c2.android.aac.encoder#775] DEBUG: elapsed: n=4 [in=0 pipeline=0 out=0 smoothness=4]
07-25 11:37:41.687 29635 29818 D PipelineWatcher: DEBUG: elapsed 0 / 4
07-25 11:37:41.744 29635 29906 W HDR+_command : CAM_SimpleReqProcessor
07-25 11:37:41.745 29635 29905 W JankMonitorFacade: VIDEO > abs Δ(result sensor timestamp) = 70.68 ms > 70.00 ms
07-25 11:37:41.815 29635 29905 W JankMonitorFacade: VIDEO > abs Δ(result sensor timestamp) = 70.68 ms > 70.00 ms
07-25 11:37:41.886 29635 29905 W JankMonitorFacade: VIDEO > abs Δ(result sensor timestamp) = 70.68 ms > 70.00 ms
07-25 11:37:41.957 29635 29905 W JankMonitorFacade: VIDEO > abs Δ(result sensor timestamp) = 70.69 ms > 70.00 ms
07-25 11:37:42.039 29635 29905 W JankMonitorFacade: VIDEO > abs Δ(result sensor timestamp) = 70.69 ms > 70.00 ms
07-25 11:37:42.106 29635 29905 W JankMonitorFacade: VIDEO > abs Δ(result sensor timestamp) = 70.71 ms > 70.00 ms
07-25 11:37:42.177 29635 29905 W JankMonitorFacade: VIDEO > abs Δ(result sensor timestamp) = 70.67 ms > 70.00 ms
07-25 11:37:42.248 29635 29905 W JankMonitorFacade: VIDEO > abs Δ(result sensor timestamp) = 70.69 ms > 70.00 ms
07-25 11:37:42.320 29635 29905 W JankMonitorFacade: VIDEO > abs Δ(result sensor timestamp) = 70.65 ms > 70.00 ms
07-25 11:37:42.391 29635 29905 W JankMonitorFacade: VIDEO > abs Δ(result sensor timestamp) = 73.92 ms > 70.00 ms
07-25 11:37:42.527 29635 29905 W JankMonitorFacade: VIDEO > abs Δ(result sensor timestamp) = 70.70 ms > 70.00 ms
07-25 11:37:42.603 29635 29905 W JankMonitorFacade: VIDEO > abs Δ(result sensor timestamp) = 70.64 ms > 70.00 ms
07-25 11:37:42.664 29635 29761 W HDR+_command : CAM_FrameServer
07-25 11:37:42.666 29635 29761 W HDR+_command : CAM_FrameServer
07-25 11:37:42.672 29635 29905 W JankMonitorFacade: VIDEO > abs Δ(result sensor timestamp) = 70.70 ms > 70.00 ms
07-25 11:37:42.742 29635 29905 W JankMonitorFacade: VIDEO > abs Δ(result sensor timestamp) = 70.66 ms > 70.00 ms
07-25 11:37:42.816 29635 29905 W JankMonitorFacade: VIDEO > abs Δ(result sensor timestamp) = 70.69 ms > 70.00 ms
07-25 11:37:42.890 29635 29905 W JankMonitorFacade: VIDEO > abs Δ(result sensor timestamp) = 70.69 ms > 70.00 ms
07-25 11:37:42.913 29635 29635 W CAM_Log : Tag OptionsMenuAnimation is 1 chars longer than limit.
07-25 11:37:42.958 29635 29905 W JankMonitorFacade: VIDEO > abs Δ(result sensor timestamp) = 70.68 ms > 70.00 ms
07-25 11:37:43.029 29635 29905 W JankMonitorFacade: VIDEO > abs Δ(result sensor timestamp) = 70.68 ms > 70.00 ms
07-25 11:37:43.095 29635 29905 W JankMonitorFacade: VIDEO > abs Δ(result sensor timestamp) = 70.68 ms > 70.00 ms
07-25 11:37:43.167 29635 29905 W JankMonitorFacade: VIDEO > abs Δ(result sensor timestamp) = 70.71 ms > 70.00 ms
07-25 11:37:43.244 29635 29905 W JankMonitorFacade: VIDEO > abs Δ(result sensor timestamp) = 70.75 ms > 70.00 ms
07-25 11:37:43.306 29635 29905 W JankMonitorFacade: VIDEO > abs Δ(result sensor timestamp) = 70.59 ms > 70.00 ms
07-25 11:37:43.378 29635 29905 W JankMonitorFacade: VIDEO > abs Δ(result sensor timestamp) = 70.69 ms > 70.00 ms
07-25 11:37:43.416 29635 29822 D BufferPoolAccessor2.0: bufferpool2 0xb400007bd0dc3a28 : 0(0 size) total buffers - 0(0 size) used buffers - 2/9 (recycle/alloc) - 8/58 (fetch/transfer)
07-25 11:37:43.416 29635 29822 D BufferPoolAccessor2.0: evictor expired: 1, evicted: 1
07-25 11:37:43.448 29635 29905 W JankMonitorFacade: VIDEO > abs Δ(result sensor timestamp) = 70.87 ms > 70.00 ms
07-25 11:37:43.521 29635 29905 W JankMonitorFacade: VIDEO > abs Δ(result sensor timestamp) = 70.50 ms > 70.00 ms
07-25 11:37:43.590 29635 29905 W JankMonitorFacade: VIDEO > abs Δ(result sensor timestamp) = 73.63 ms > 70.00 ms
07-25 11:37:43.737 29635 29905 W JankMonitorFacade: VIDEO > abs Δ(result sensor timestamp) = 70.65 ms > 70.00 ms
07-25 11:37:43.802 29635 29905 W JankMonitorFacade: VIDEO > abs Δ(result sensor timestamp) = 70.79 ms > 70.00 ms
07-25 11:37:43.876 29635 29905 W JankMonitorFacade: VIDEO > abs Δ(result sensor timestamp) = 70.55 ms > 70.00 ms
07-25 11:37:43.946 29635 29905 W JankMonitorFacade: VIDEO > abs Δ(result sensor timestamp) = 70.71 ms > 70.00 ms
07-25 11:37:44.017 29635 29905 W JankMonitorFacade: VIDEO > abs Δ(result sensor timestamp) = 70.70 ms > 70.00 ms
07-25 11:37:44.088 29635 29905 W JankMonitorFacade: VIDEO > abs Δ(result sensor timestamp) = 70.65 ms > 70.00 ms
07-25 11:37:44.161 29635 29905 W JankMonitorFacade: VIDEO > abs Δ(result sensor timestamp) = 70.76 ms > 70.00 ms
07-25 11:37:44.227 29635 29905 W JankMonitorFacade: VIDEO > abs Δ(result sensor timestamp) = 70.62 ms > 70.00 ms
07-25 11:37:44.296 29635 29905 W JankMonitorFacade: VIDEO > abs Δ(result sensor timestamp) = 70.89 ms > 70.00 ms
07-25 11:37:44.370 29635 29905 W JankMonitorFacade: VIDEO > abs Δ(result sensor timestamp) = 70.47 ms > 70.00 ms
07-25 11:37:44.416 29635 29822 D BufferPoolAccessor2.0: bufferpool2 0xb400007bd4a6f828 : 0(0 size) total buffers - 0(0 size) used buffers - 3/9 (recycle/alloc) - 10/22 (fetch/transfer)
07-25 11:37:44.416 29635 29822 D BufferPoolAccessor2.0: bufferpool2 0xb400007bd0dbb628 : 0(0 size) total buffers - 0(0 size) used buffers - 1/9 (recycle/alloc) - 8/32 (fetch/transfer)
07-25 11:37:44.416 29635 29822 D BufferPoolAccessor2.0: bufferpool2 0xb400007bd0dc3e28 : 0(0 size) total buffers - 0(0 size) used buffers - 3/9 (recycle/alloc) - 6/40 (fetch/transfer)
07-25 11:37:44.416 29635 29822 D BufferPoolAccessor2.0: evictor expired: 3, evicted: 3
07-25 11:37:44.437 29635 29905 W JankMonitorFacade: VIDEO > abs Δ(result sensor timestamp) = 70.69 ms > 70.00 ms
07-25 11:37:44.509 29635 29905 W JankMonitorFacade: VIDEO > abs Δ(result sensor timestamp) = 70.66 ms > 70.00 ms
07-25 11:37:44.579 29635 29905 W JankMonitorFacade: VIDEO > abs Δ(result sensor timestamp) = 70.74 ms > 70.00 ms
07-25 11:37:44.651 29635 29905 W JankMonitorFacade: VIDEO > abs Δ(result sensor timestamp) = 70.62 ms > 70.00 ms
07-25 11:37:44.723 29635 29905 W JankMonitorFacade: VIDEO > abs Δ(result sensor timestamp) = 70.71 ms > 70.00 ms
07-25 11:37:44.790 29635 29905 W JankMonitorFacade: VIDEO > abs Δ(result sensor timestamp) = 70.68 ms > 70.00 ms
07-25 11:37:44.862 29635 29905 W JankMonitorFacade: VIDEO > abs Δ(result sensor timestamp) = 70.86 ms > 70.00 ms
07-25 11:37:44.935 29635 29905 W JankMonitorFacade: VIDEO > abs Δ(result sensor timestamp) = 70.50 ms > 70.00 ms
07-25 11:37:45.006 29635 29905 W JankMonitorFacade: VIDEO > abs Δ(result sensor timestamp) = 70.69 ms > 70.00 ms
07-25 11:37:45.075 29635 29905 W JankMonitorFacade: VIDEO > abs Δ(result sensor timestamp) = 72.44 ms > 70.00 ms
07-25 11:37:45.221 29635 29905 W JankMonitorFacade: VIDEO > abs Δ(result sensor timestamp) = 70.68 ms > 70.00 ms
07-25 11:37:45.293 29635 29905 W JankMonitorFacade: VIDEO > abs Δ(result sensor timestamp) = 70.71 ms > 70.00 ms
07-25 11:37:45.347 29635 29635 W HDR+_command : CAM_OrientMgrImpl
07-25 11:37:45.355 29635 29905 W JankMonitorFacade: VIDEO > abs Δ(result sensor timestamp) = 70.66 ms > 70.00 ms
07-25 11:37:45.355 29635 29635 W HDR+_command : CAM_DeviceOrientation
07-25 11:37:45.355 29635 29635 W HDR+_command : CAM_DeviceOrientation
07-25 11:37:45.369 29635 29635 W CAM_OptionsBarCtlr2: Tried to get MenuOption for property ipe@5e56cd4 with value false but value wasn't found in map. Returning default instead: UNKNOWN
07-25 11:37:45.369 29635 29635 W CAM_OptionsBarCtlr2: Property value false is not associated with a MenuOption.
07-25 11:37:45.386 29635 29932 D AudioRecord: stop mSessionID=5401
07-25 11:37:45.386 29635 29932 D AudioRecord: stop(1106): mActive:0
07-25 11:37:45.386 29635 29900 I hw-BpHwBinder: onLastStrongRef automatically unlinking death recipients
07-25 11:37:45.386 29635 29932 D AudioService: broadcastRecorderState:com.google.android.GoogleCamMGD
07-25 11:37:45.386 29635 29932 D AudioRecord: stop mSessionID=5401
07-25 11:37:45.386 29635 29932 D AudioRecord: stop(1106): mActive:0
07-25 11:37:45.386 29635 29932 D AudioRecord: stop mSessionID=5401
07-25 11:37:45.386 29635 29932 D AudioRecord: stop(1106): mActive:0
07-25 11:37:45.386 29635 29900 E libc    : Access denied finding property "ro.vendor.media.video.frc.support"
07-25 11:37:45.388 29635 29635 W HDR+_command : CAM_FrameServer
07-25 11:37:45.388 29635 29635 W HDR+_command : CAM_CamDeviceWakelock
07-25 11:37:45.388 29635 29635 W HDR+_command : CAM_FrameServer
07-25 11:37:45.388 29635 29906 W HDR+_command : CAM_CaptureSessionState
07-25 11:37:45.388 29635 29888 W HDR+_command : CAM_MediaMutex
07-25 11:37:45.389 29635 29635 W HDR+_command : CAM_DeviceOrientation
07-25 11:37:45.389 29635 29635 W HDR+_command : CAM_DeviceOrientation
07-25 11:37:45.392 29635 29889 E libc    : Access denied finding property "ro.vendor.media.video.frc.support"
07-25 11:37:45.414 29635 29635 W HDR+_command : CAM_Viewfinder
07-25 11:37:45.414 29635 29635 W HDR+_command : CAM_Viewfinder
07-25 11:37:45.414 29635 29635 D SurfaceView: UPDATE Surface(name=SurfaceView - com.google.android.GoogleCamMGD/com.android.camera.CameraLauncher)/@0x29aba05, mIsCastMode = false
07-25 11:37:45.414 29635 29635 D SurfaceView: UPDATE Surface(name=SurfaceView - com.google.android.GoogleCamMGD/com.android.camera.CameraLauncher)/@0x29aba05, mIsProjectionMode = false
07-25 11:37:45.414 29635 29635 W HDR+_command : CAM_Viewfinder
07-25 11:37:45.417 29635 29635 D SurfaceView: UPDATE null, mIsCastMode = false
07-25 11:37:45.418 29635 29635 W HDR+_command : CAM_ViewfinderSV2
07-25 11:37:45.418 29635 29635 I chatty  : uid=10379(com.google.android.GoogleCamMGD) identical 1 line
07-25 11:37:45.418 29635 29635 W HDR+_command : CAM_ViewfinderSV2
07-25 11:37:45.418 29635 29635 W HDR+_command : CAM_ViewfinderSV2
07-25 11:37:45.420 29635 29710 W CAM_DeviceErrorBroadcas: Tag DeviceErrorBroadcaster is 3 chars longer than limit.
07-25 11:37:45.423 29635 29710 W HDR+_command : CAM_JPEGw1920
07-25 11:37:45.423 29635 29710 W HDR+_command : CAM_JPEGw1920
07-25 11:37:45.424 29635 29710 W GET camera ID : 0
07-25 11:37:45.425 29635 29710 W HDR+_command : CAM_FrameServerLock
07-25 11:37:45.425 29635 29710 W HDR+_command : CAM_CamDeviceWakelock
07-25 11:37:45.425 29635 29710 W HDR+_command : CAM_FrameServer
07-25 11:37:45.426 29635 29710 I chatty  : uid=10379(com.google.android.GoogleCamMGD) CriticalPath identical 13 lines
07-25 11:37:45.426 29635 29710 W HDR+_command : CAM_FrameServer
07-25 11:37:45.426 29635 29710 W HDR+_command : CAM_CameraOpener
07-25 11:37:45.426 29635 29710 W HDR+_command : CAM_VirtualCameraMgr
07-25 11:37:45.426 29635 29710 W HDR+_command : CAM_VirtualCameraMgr
07-25 11:37:45.426 29635 29714 W HDR+_command : CAM_VirtualCameraMgr
07-25 11:37:45.426 29635 29710 W HDR+_command : CAM_FrameServer
07-25 11:37:45.427 29635 29710 W HDR+_command : CAM_FrameStreamMap
07-25 11:37:45.427 29635 29938 W HDR+_command : CAM_SurfaceMap
07-25 11:37:45.427 29635 29710 W HDR+_command : CAM_FrameBufferMap
07-25 11:37:45.428 29635 29635 D SurfaceView: UPDATE Surface(name=SurfaceView - com.google.android.GoogleCamMGD/com.android.camera.CameraLauncher)/@0xf09a63a, mIsProjectionMode = false
07-25 11:37:45.428 29635 29710 W HDR+_command : CAM_RequestQueue
07-25 11:37:45.428 29635 29710 W HDR+_command : CAM_FrameStreamMap
07-25 11:37:45.428 29635 29710 W HDR+_command : CAM_FrameStreamMap
07-25 11:37:45.428 29635 29938 W HDR+_command : CAM_SurfaceMap
07-25 11:37:45.428 29635 29710 W HDR+_command : CAM_FrameBufferMap
07-25 11:37:45.428 29635 29939 W CAPTURE_REQUEST_MAP_ADD : android.control.afTrigger
07-25 11:37:45.428 29635 29939 W HDR+_command : CAM_RequestQueue
07-25 11:37:45.599 29635 29839 W CameraManagerGlobal: ignore the torch status update of camera: 3
07-25 11:37:45.600 29635 29839 W CameraManagerGlobal: ignore the torch status update of camera: 4
07-25 11:37:45.601 29635 29839 W CameraManagerGlobal: ignore the torch status update of camera: 5
07-25 11:37:45.601 29635 29839 W CameraManagerGlobal: ignore the torch status update of camera: 6
07-25 11:37:45.601 29635 29839 W CameraManagerGlobal: ignore the torch status update of camera: 7
07-25 11:37:45.606 29635 29714 W HDR+_command : CAM_VirtualCameraMgr
07-25 11:37:45.607 29635 29714 E libc    : Access denied finding property "persist.vendor.camera.privapp.list"
07-25 11:37:45.599 29635 29635 W Camera-Ex: type=1400 audit(0.0:370695): avc: denied { read } for name="u:object_r:vendor_persist_camera_prop:s0" dev="tmpfs" ino=10180 scontext=u:r:untrusted_app:s0:c123,c257,c512,c768 tcontext=u:object_r:vendor_persist_camera_prop:s0 tclass=file permissive=0 app=com.google.android.GoogleCamMGD
07-25 11:37:45.622 29635 29714 W HDR+_command : CAM_VirtualCameraMgr
07-25 11:37:45.623 29635 29714 W HDR+_command : CAM_CameraDeviceState
07-25 11:37:45.623 29635 29714 W HDR+_command : CAM_SessionOpener
07-25 11:37:45.716 29635 29714 W HDR+_command : CAM_SimpleReqProcessor
07-25 11:37:45.718 29635 29938 W HDR+_command : CAM_CaptureSessionState
07-25 11:37:45.718 29635 29938 W HDR+_command : CAM_CaptureSessionState
07-25 11:37:45.913 29635 29635 W CAM_ModeSwitcher: ModeSwitcher WAS ALREADY ENABLED!
07-25 11:37:45.914 29635 29635 W CAM_ModeSwitcher: ModeSwitcher WAS ALREADY ENABLED!
07-25 11:37:45.916 29635 29635 W CAM_OptionsBarCtlr2: Tried to get MenuOption for property ipe@5e56cd4 with value false but value wasn't found in map. Returning default instead: UNKNOWN
07-25 11:37:45.916 29635 29635 W CAM_OptionsBarCtlr2: Property value false is not associated with a MenuOption.
07-25 11:37:45.927 29635 29938 W HDR+_command : CAM_SimpleReqProcessor
07-25 11:37:45.927 29635 29937 W JankMonitorFacade: VIDEO > abs Δ(result sensor timestamp) = 624.04 ms > 70.00 ms
07-25 11:37:45.927 29635 29937 W JankMonitorFacade: VIDEO > rel Δ(result sensor timestamp) = 7.83 > 0.25
07-25 11:37:45.927 29635 29937 W JankMonitorFacade: VIDEO > result sensor delay = 18.72 > 1.10
07-25 11:37:45.929 29635 29681 W HDR+_command : CAM_RequestQueue
07-25 11:37:45.929 29635 29681 W HDR+_command : CAM_SimpleReqProcessor
07-25 11:37:45.960 29635 29937 W JankMonitorFacade: VIDEO > rel Δ(result sensor timestamp) = 0.95 > 0.25
07-25 11:37:46.180 29635 29635 W HDR+_command : CAM_OrientMgrImpl
07-25 11:37:46.180 29635 29635 W HDR+_command : CAM_OrientMgrImpl
07-25 11:37:46.194 29635 29938 W HDR+_command : CAM_SimpleReqProcessor
07-25 11:37:46.294 29635 29937 W JankMonitorFacade: VIDEO > abs Δ(result sensor timestamp) = 100.32 ms > 70.00 ms
07-25 11:37:46.294 29635 29937 W JankMonitorFacade: VIDEO > rel Δ(result sensor timestamp) = 2.31 > 0.25
07-25 11:37:46.394 29635 29937 W JankMonitorFacade: VIDEO > abs Δ(result sensor timestamp) = 100.31 ms > 70.00 ms
07-25 11:37:46.496 29635 29937 W JankMonitorFacade: VIDEO > abs Δ(result sensor timestamp) = 100.32 ms > 70.00 ms
07-25 11:37:46.595 29635 29937 W JankMonitorFacade: VIDEO > abs Δ(result sensor timestamp) = 100.31 ms > 70.00 ms
07-25 11:37:46.708 29635 29937 W JankMonitorFacade: VIDEO > abs Δ(result sensor timestamp) = 100.35 ms > 70.00 ms
07-25 11:37:46.809 29635 29937 W JankMonitorFacade: VIDEO > abs Δ(result sensor timestamp) = 100.94 ms > 70.00 ms
07-25 11:37:46.907 29635 29937 W JankMonitorFacade: VIDEO > abs Δ(result sensor timestamp) = 99.68 ms > 70.00 ms
07-25 11:37:47.010 29635 29937 W JankMonitorFacade: VIDEO > abs Δ(result sensor timestamp) = 100.33 ms > 70.00 ms
07-25 11:37:47.113 29635 29937 W JankMonitorFacade: VIDEO > abs Δ(result sensor timestamp) = 100.32 ms > 70.00 ms
07-25 11:37:47.211 29635 29937 W JankMonitorFacade: VIDEO > abs Δ(result sensor timestamp) = 100.32 ms > 70.00 ms
07-25 11:37:47.312 29635 29937 W JankMonitorFacade: VIDEO > abs Δ(result sensor timestamp) = 100.34 ms > 70.00 ms
07-25 11:37:47.391 29635 29903 W HDR+_command : CAM_FrameServer
07-25 11:37:47.392 29635 29903 W HDR+_command : CAM_FrameServer
07-25 11:37:47.411 29635 29937 W JankMonitorFacade: VIDEO > abs Δ(result sensor timestamp) = 100.27 ms > 70.00 ms
07-25 11:37:47.511 29635 29937 W JankMonitorFacade: VIDEO > abs Δ(result sensor timestamp) = 100.32 ms > 70.00 ms
07-25 11:37:47.611 29635 29937 W JankMonitorFacade: VIDEO > abs Δ(result sensor timestamp) = 100.29 ms > 70.00 ms
07-25 11:37:47.710 29635 29937 W JankMonitorFacade: VIDEO > abs Δ(result sensor timestamp) = 100.38 ms > 70.00 ms
07-25 11:37:47.819 29635 29937 W JankMonitorFacade: VIDEO > abs Δ(result sensor timestamp) = 100.22 ms > 70.00 ms
07-25 11:37:47.906 29635 29937 W JankMonitorFacade: VIDEO > abs Δ(result sensor timestamp) = 100.38 ms > 70.00 ms
07-25 11:37:48.008 29635 29937 W JankMonitorFacade: VIDEO > abs Δ(result sensor timestamp) = 100.26 ms > 70.00 ms
07-25 11:37:48.105 29635 29937 W JankMonitorFacade: VIDEO > abs Δ(result sensor timestamp) = 100.30 ms > 70.00 ms
07-25 11:37:48.209 29635 29937 W JankMonitorFacade: VIDEO > abs Δ(result sensor timestamp) = 100.33 ms > 70.00 ms
07-25 11:37:48.313 29635 29937 W JankMonitorFacade: VIDEO > abs Δ(result sensor timestamp) = 100.33 ms > 70.00 ms
07-25 11:37:48.412 29635 29937 W JankMonitorFacade: VIDEO > abs Δ(result sensor timestamp) = 100.34 ms > 70.00 ms
07-25 11:37:48.511 29635 29937 W JankMonitorFacade: VIDEO > abs Δ(result sensor timestamp) = 100.30 ms > 70.00 ms
07-25 11:37:48.615 29635 29937 W JankMonitorFacade: VIDEO > abs Δ(result sensor timestamp) = 100.31 ms > 70.00 ms
07-25 11:37:48.714 29635 29937 W JankMonitorFacade: VIDEO > abs Δ(result sensor timestamp) = 100.35 ms > 70.00 ms
07-25 11:37:48.816 29635 29937 W JankMonitorFacade: VIDEO > abs Δ(result sensor timestamp) = 100.32 ms > 70.00 ms
07-25 11:37:48.929 29635 29937 W JankMonitorFacade: VIDEO > abs Δ(result sensor timestamp) = 100.34 ms > 70.00 ms
07-25 11:37:49.014 29635 29937 W JankMonitorFacade: VIDEO > abs Δ(result sensor timestamp) = 102.12 ms > 70.00 ms
07-25 11:37:49.120 29635 29937 W JankMonitorFacade: VIDEO > abs Δ(result sensor timestamp) = 98.45 ms > 70.00 ms
07-25 11:37:49.210 29635 29665 W RenderInspector: DequeueBuffer time out on com.google.android.GoogleCamMGD/com.android.camera.CameraLauncher, count=1, avg=20 ms, max=20 ms.
07-25 11:37:49.226 29635 29937 W JankMonitorFacade: VIDEO > abs Δ(result sensor timestamp) = 100.31 ms > 70.00 ms
07-25 11:37:49.308 29635 29665 W RenderInspector: DequeueBuffer time out on com.google.android.GoogleCamMGD/com.android.camera.CameraLauncher, count=1, avg=17 ms, max=17 ms.
07-25 11:37:49.316 29635 29937 W JankMonitorFacade: VIDEO > abs Δ(result sensor timestamp) = 100.27 ms > 70.00 ms
07-25 11:37:49.416 29635 29937 W JankMonitorFacade: VIDEO > abs Δ(result sensor timestamp) = 100.54 ms > 70.00 ms
07-25 11:37:49.511 29635 29937 W JankMonitorFacade: VIDEO > abs Δ(result sensor timestamp) = 100.22 ms > 70.00 ms
07-25 11:37:49.616 29635 29937 W JankMonitorFacade: VIDEO > abs Δ(result sensor timestamp) = 102.47 ms > 70.00 ms
07-25 11:37:49.725 29635 29937 W JankMonitorFacade: VIDEO > abs Δ(result sensor timestamp) = 98.29 ms > 70.00 ms
07-25 11:37:49.816 29635 29937 W JankMonitorFacade: VIDEO > abs Δ(result sensor timestamp) = 100.06 ms > 70.00 ms
07-25 11:37:49.927 29635 29937 W JankMonitorFacade: VIDEO > abs Δ(result sensor timestamp) = 100.32 ms > 70.00 ms
07-25 11:37:50.025 29635 29937 W JankMonitorFacade: VIDEO > abs Δ(result sensor timestamp) = 102.03 ms > 70.00 ms
07-25 11:37:50.126 29635 29937 W JankMonitorFacade: VIDEO > abs Δ(result sensor timestamp) = 98.56 ms > 70.00 ms
07-25 11:37:50.215 29635 29937 W JankMonitorFacade: VIDEO > abs Δ(result sensor timestamp) = 100.96 ms > 70.00 ms
07-25 11:37:50.321 29635 29937 W JankMonitorFacade: VIDEO > abs Δ(result sensor timestamp) = 99.71 ms > 70.00 ms
07-25 11:37:50.420 29635 29937 W JankMonitorFacade: VIDEO > abs Δ(result sensor timestamp) = 100.30 ms > 70.00 ms
07-25 11:37:50.521 29635 29937 W JankMonitorFacade: VIDEO > abs Δ(result sensor timestamp) = 101.20 ms > 70.00 ms
07-25 11:37:50.621 29635 29937 W JankMonitorFacade: VIDEO > abs Δ(result sensor timestamp) = 99.90 ms > 70.00 ms
07-25 11:37:50.722 29635 29937 W JankMonitorFacade: VIDEO > abs Δ(result sensor timestamp) = 99.93 ms > 70.00 ms
07-25 11:37:50.827 29635 29937 W JankMonitorFacade: VIDEO > abs Δ(result sensor timestamp) = 100.22 ms > 70.00 ms
07-25 11:37:50.920 29635 29937 W JankMonitorFacade: VIDEO > abs Δ(result sensor timestamp) = 100.31 ms > 70.00 ms
07-25 11:37:51.021 29635 29937 W JankMonitorFacade: VIDEO > abs Δ(result sensor timestamp) = 100.33 ms > 70.00 ms
07-25 11:37:51.126 29635 29937 W JankMonitorFacade: VIDEO > abs Δ(result sensor timestamp) = 100.30 ms > 70.00 ms
07-25 11:37:51.223 29635 29937 W JankMonitorFacade: VIDEO > abs Δ(result sensor timestamp) = 100.70 ms > 70.00 ms
07-25 11:37:51.324 29635 29937 W JankMonitorFacade: VIDEO > abs Δ(result sensor timestamp) = 99.94 ms > 70.00 ms
07-25 11:37:51.424 29635 29937 W JankMonitorFacade: VIDEO > abs Δ(result sensor timestamp) = 100.70 ms > 70.00 ms
07-25 11:37:51.524 29635 29937 W JankMonitorFacade: VIDEO > abs Δ(result sensor timestamp) = 99.94 ms > 70.00 ms
07-25 11:37:51.628 29635 29937 W JankMonitorFacade: VIDEO > abs Δ(result sensor timestamp) = 100.30 ms > 70.00 ms
07-25 11:37:51.722 29635 29937 W JankMonitorFacade: VIDEO > abs Δ(result sensor timestamp) = 100.33 ms > 70.00 ms
07-25 11:37:51.824 29635 29937 W JankMonitorFacade: VIDEO > abs Δ(result sensor timestamp) = 100.59 ms > 70.00 ms
07-25 11:37:51.925 29635 29937 W JankMonitorFacade: VIDEO > abs Δ(result sensor timestamp) = 100.03 ms > 70.00 ms
07-25 11:37:52.027 29635 29937 W JankMonitorFacade: VIDEO > abs Δ(result sensor timestamp) = 100.31 ms > 70.00 ms
07-25 11:37:52.125 29635 29937 W JankMonitorFacade: VIDEO > abs Δ(result sensor timestamp) = 100.31 ms > 70.00 ms
07-25 11:37:52.227 29635 29937 W JankMonitorFacade: VIDEO > abs Δ(result sensor timestamp) = 100.33 ms > 70.00 ms
07-25 11:37:52.328 29635 29937 W JankMonitorFacade: VIDEO > abs Δ(result sensor timestamp) = 100.32 ms > 70.00 ms
07-25 11:37:52.427 29635 29937 W JankMonitorFacade: VIDEO > abs Δ(result sensor timestamp) = 100.28 ms > 70.00 ms
07-25 11:37:52.528 29635 29937 W JankMonitorFacade: VIDEO > abs Δ(result sensor timestamp) = 100.33 ms > 70.00 ms
07-25 11:37:52.629 29635 29937 W JankMonitorFacade: VIDEO > abs Δ(result sensor timestamp) = 100.32 ms > 70.00 ms
07-25 11:37:52.726 29635 29937 W JankMonitorFacade: VIDEO > abs Δ(result sensor timestamp) = 100.30 ms > 70.00 ms
07-25 11:37:52.824 29635 29937 W JankMonitorFacade: VIDEO > abs Δ(result sensor timestamp) = 100.31 ms > 70.00 ms
07-25 11:37:52.837 29635 29939 W HDR+_command : CAM_SessCtrl3A
07-25 11:37:52.837 29635 29939 W HDR+_command : CAM_SessCtrl3A
07-25 11:37:52.840 29635 29635 W View    : requestLayout() improperly called by com.google.android.apps.camera.evcomp.EvCompSlider{46bb3e7 VFED..... ......ID 884,459-1082,1134 #7f0b00dc app:id/evcomp_brightness_slider} during layout: running second layout pass
07-25 11:37:52.840 29635 29635 W View    : requestLayout() improperly called by pnh{e562b94 VFED..C.. ......ID 851,350-983,482 #7f0b0147 app:id/lock_button} during layout: running second layout pass
07-25 11:37:52.843 29635 29939 W CAPTURE_REQUEST_MAP_ADD : android.control.aeLock
07-25 11:37:52.885 29635 29665 W RenderInspector: DequeueBuffer time out on com.google.android.GoogleCamMGD/com.android.camera.CameraLauncher, count=28, avg=20 ms, max=33 ms.
07-25 11:37:52.910 29635 29791 E native  : jni_environment.cc:95 Failed to detach current thread from the JVM. JavaVM::DetachCurrentThread returned: -1
07-25 11:37:52.910 29635 29651 D AudioRecord: stop mSessionID=5393
07-25 11:37:52.910 29635 29651 D AudioRecord: stop(1104): mActive:0
07-25 11:37:52.910 29635 29651 D AudioService: broadcastRecorderState:com.google.android.GoogleCamMGD
07-25 11:37:52.910 29635 29651 D AudioRecord: stop mSessionID=5393
07-25 11:37:52.910 29635 29651 D AudioRecord: stop(1104): mActive:0
07-25 11:37:52.911 29635 29651 D AudioRecord: stop mSessionID=5393
07-25 11:37:52.911 29635 29651 D AudioRecord: stop(1104): mActive:0
07-25 11:37:52.929 29635 29937 W JankMonitorFacade: VIDEO > abs Δ(result sensor timestamp) = 100.27 ms > 70.00 ms
07-25 11:37:53.024 29635 29937 W JankMonitorFacade: VIDEO > abs Δ(result sensor timestamp) = 100.52 ms > 70.00 ms
07-25 11:37:53.126 29635 29937 W JankMonitorFacade: VIDEO > abs Δ(result sensor timestamp) = 100.20 ms > 70.00 ms
07-25 11:37:53.230 29635 29937 W JankMonitorFacade: VIDEO > abs Δ(result sensor timestamp) = 100.25 ms > 70.00 ms
07-25 11:37:53.323 29635 29937 W JankMonitorFacade: VIDEO > abs Δ(result sensor timestamp) = 100.41 ms > 70.00 ms
