07-25 11:38:54.169 29635 30059 W AudioStreamImpl: Stale audio packet detected: 42342988642130 (start=50506060874478)
07-25 11:38:54.189 29635 30059 W AudioStreamImpl: Stale audio packet detected: 42343009975650 (start=50506060874478)
07-25 11:38:54.210 29635 30059 W AudioStreamImpl: Stale audio packet detected: 42343031326567 (start=50506060874478)
07-25 11:38:54.229 29635 30059 W AudioStreamImpl: Stale audio packet detected: 42343052654983 (start=50506060874478)
07-25 11:38:54.250 29635 30059 W AudioStreamImpl: Stale audio packet detected: 42343074001836 (start=50506060874478)
07-25 11:38:54.270 29635 30059 W AudioStreamImpl: Stale audio packet detected: 42343095322023 (start=50506060874478)
07-25 11:38:54.290 29635 30059 W AudioStreamImpl: Stale audio packet detected: 42343116656794 (start=50506060874478)
07-25 11:38:54.309 29635 30059 W AudioStreamImpl: Stale audio packet detected: 42343137985627 (start=50506060874478)
07-25 11:38:54.329 29635 30059 W AudioStreamImpl: Stale audio packet detected: 42343159310397 (start=50506060874478)
07-25 11:38:54.350 29635 30059 W AudioStreamImpl: Stale audio packet detected: 42343180656261 (start=50506060874478)
07-25 11:38:54.369 29635 30059 W AudioStreamImpl: Stale audio packet detected: 42343201981812 (start=50506060874478)
07-25 11:38:54.389 29635 30059 W AudioStreamImpl: Stale audio packet detected: 42343223322104 (start=50506060874478)
07-25 11:38:54.430 29635 30059 W AudioStreamImpl: Stale audio packet detected: 42343244642663 (start=50506060874478)
07-25 11:38:54.449 29635 30059 W AudioStreamImpl: Stale audio packet detected: 42343266019048 (start=50506060874478)
07-25 11:38:54.469 29635 30059 W AudioStreamImpl: Stale audio packet detected: 42343287314391 (start=50506060874478)
07-25 11:38:54.489 29635 30059 W AudioStreamImpl: Stale audio packet detected: 42343308628120 (start=50506060874478)
07-25 11:38:54.509 29635 30059 W AudioStreamImpl: Stale audio packet detected: 42343329969557 (start=50506060874478)
07-25 11:38:54.530 29635 30059 W AudioStreamImpl: Stale audio packet detected: 42343351351619 (start=50506060874478)
07-25 11:38:54.550 29635 30059 W AudioStreamImpl: Stale audio packet detected: 42343372660503 (start=50506060874478)
07-25 11:38:54.569 29635 30059 W AudioStreamImpl: Stale audio packet detected: 42343393969128 (start=50506060874478)
07-25 11:38:54.590 29635 30059 W AudioStreamImpl: Stale audio packet detected: 42343415331086 (start=50506060874478)
07-25 11:38:54.609 29635 30059 W AudioStreamImpl: Stale audio packet detected: 42343436638096 (start=50506060874478)
07-25 11:38:54.629 29635 30059 W AudioStreamImpl: Stale audio packet detected: 42343457965262 (start=50506060874478)
07-25 11:38:54.650 29635 30059 W AudioStreamImpl: Stale audio packet detected: 42343479320293 (start=50506060874478)
07-25 11:38:54.669 29635 30059 W AudioStreamImpl: Stale audio packet detected: 42343500661886 (start=50506060874478)
07-25 11:38:54.689 29635 30059 W AudioStreamImpl: Stale audio packet detected: 42343521986552 (start=50506060874478)
07-25 11:38:54.709 29635 30059 W AudioStreamImpl: Stale audio packet detected: 42343543350958 (start=50506060874478)
07-25 11:38:54.749 29635 30059 W AudioStreamImpl: Stale audio packet detected: 42343564662454 (start=50506060874478)
07-25 11:38:54.769 29635 30059 W AudioStreamImpl: Stale audio packet detected: 42343585993943 (start=50506060874478)
07-25 11:38:54.789 29635 30059 W AudioStreamImpl: Stale audio packet detected: 42343607329703 (start=50506060874478)
07-25 11:38:54.810 29635 30059 W AudioStreamImpl: Stale audio packet detected: 42343628660151 (start=50506060874478)
07-25 11:38:54.830 29635 30059 W AudioStreamImpl: Stale audio packet detected: 42343649984765 (start=50506060874478)
07-25 11:38:54.849 29635 30059 W AudioStreamImpl: Stale audio packet detected: 42343671331723 (start=50506060874478)
07-25 11:38:54.869 29635 30059 W AudioStreamImpl: Stale audio packet detected: 42343692635816 (start=50506060874478)
07-25 11:38:54.889 29635 30059 W AudioStreamImpl: Stale audio packet detected: 42343713976836 (start=50506060874478)
07-25 11:38:54.910 29635 30059 W AudioStreamImpl: Stale audio packet detected: 42343735317544 (start=50506060874478)
07-25 11:38:54.930 29635 30059 W AudioStreamImpl: Stale audio packet detected: 42343756647887 (start=50506060874478)
07-25 11:38:54.950 29635 30059 W AudioStreamImpl: Stale audio packet detected: 42343778009272 (start=50506060874478)
07-25 11:38:54.970 29635 30059 W AudioStreamImpl: Stale audio packet detected: 42343799317115 (start=50506060874478)
07-25 11:38:54.989 29635 30059 W AudioStreamImpl: Stale audio packet detected: 42343820655115 (start=50506060874478)
07-25 11:38:55.012 29635 30059 W AudioStreamImpl: Stale audio packet detected: 42343842003948 (start=50506060874478)
07-25 11:38:55.029 29635 30059 W AudioStreamImpl: Stale audio packet detected: 42343863328197 (start=50506060874478)
07-25 11:38:55.069 29635 30059 W AudioStreamImpl: Stale audio packet detected: 42343884658131 (start=50506060874478)
07-25 11:38:55.089 29635 30059 W AudioStreamImpl: Stale audio packet detected: 42343905981704 (start=50506060874478)
07-25 11:38:55.109 29635 30059 W AudioStreamImpl: Stale audio packet detected: 42343927372203 (start=50506060874478)
07-25 11:38:55.129 29635 30059 W AudioStreamImpl: Stale audio packet detected: 42343948633223 (start=50506060874478)
07-25 11:38:55.136 29635 29818 D CCodecBufferChannel: [c2.android.aac.encoder#966] DEBUG: elapsed: n=4 [in=0 pipeline=0 out=0 smoothness=4]
07-25 11:38:55.136 29635 29818 D PipelineWatcher: DEBUG: elapsed 0 / 4
07-25 11:38:55.149 29635 30059 W AudioStreamImpl: Stale audio packet detected: 42343969995077 (start=50506060874478)
07-25 11:38:55.170 29635 30059 W AudioStreamImpl: Stale audio packet detected: 42343991317504 (start=50506060874478)
07-25 11:38:55.189 29635 30059 W AudioStreamImpl: Stale audio packet detected: 42344012638368 (start=50506060874478)
07-25 11:38:55.209 29635 30059 W AudioStreamImpl: Stale audio packet detected: 42344033982774 (start=50506060874478)
07-25 11:38:55.230 29635 30059 W AudioStreamImpl: Stale audio packet detected: 42344055357127 (start=50506060874478)
07-25 11:38:55.249 29635 30059 W AudioStreamImpl: Stale audio packet detected: 42344076655075 (start=50506060874478)
07-25 11:38:55.269 29635 30059 W AudioStreamImpl: Stale audio packet detected: 42344097986876 (start=50506060874478)
07-25 11:38:55.290 29635 30059 W AudioStreamImpl: Stale audio packet detected: 42344119295449 (start=50506060874478)
07-25 11:38:55.309 29635 30059 W AudioStreamImpl: Stale audio packet detected: 42344140640479 (start=50506060874478)
07-25 11:38:55.330 29635 30059 W AudioStreamImpl: Stale audio packet detected: 42344161988062 (start=50506060874478)
07-25 11:38:55.349 29635 30059 W AudioStreamImpl: Stale audio packet detected: 42344183311635 (start=50506060874478)
07-25 11:38:55.390 29635 30059 W AudioStreamImpl: Stale audio packet detected: 42344204663912 (start=50506060874478)
07-25 11:38:55.410 29635 30059 W AudioStreamImpl: Stale audio packet detected: 42344225993891 (start=50506060874478)
07-25 11:38:55.429 29635 30059 W AudioStreamImpl: Stale audio packet detected: 42344247326630 (start=50506060874478)
07-25 11:38:55.449 29635 30059 W AudioStreamImpl: Stale audio packet detected: 42344268659622 (start=50506060874478)
07-25 11:38:55.469 29635 30059 W AudioStreamImpl: Stale audio packet detected: 42344289970858 (start=50506060874478)
07-25 11:38:55.489 29635 30059 W AudioStreamImpl: Stale audio packet detected: 42344311302087 (start=50506060874478)
07-25 11:38:55.509 29635 30059 W AudioStreamImpl: Stale audio packet detected: 42344332651232 (start=50506060874478)
07-25 11:38:55.530 29635 30059 W AudioStreamImpl: Stale audio packet detected: 42344353983815 (start=50506060874478)
07-25 11:38:55.549 29635 30059 W AudioStreamImpl: Stale audio packet detected: 42344375358377 (start=50506060874478)
07-25 11:38:55.570 29635 30059 W AudioStreamImpl: Stale audio packet detected: 42344396774866 (start=50506060874478)
07-25 11:38:55.590 29635 30059 W AudioStreamImpl: Stale audio packet detected: 42344417991772 (start=50506060874478)
07-25 11:38:55.610 29635 30059 W AudioStreamImpl: Stale audio packet detected: 42344439334459 (start=50506060874478)
07-25 11:38:55.630 29635 30059 W AudioStreamImpl: Stale audio packet detected: 42344460651781 (start=50506060874478)
07-25 11:38:55.649 29635 30059 W AudioStreamImpl: Stale audio packet detected: 42344481988375 (start=50506060874478)
07-25 11:38:55.670 29635 30059 W AudioStreamImpl: Stale audio packet detected: 42344503318718 (start=50506060874478)
07-25 11:38:55.712 29635 30059 W AudioStreamImpl: Stale audio packet detected: 42344524667818 (start=50506060874478)
07-25 11:38:55.730 29635 30059 W AudioStreamImpl: Stale audio packet detected: 42344545986860 (start=50506060874478)
07-25 11:38:55.750 29635 30059 W AudioStreamImpl: Stale audio packet detected: 42344567320588 (start=50506060874478)
07-25 11:38:55.770 29635 30059 W AudioStreamImpl: Stale audio packet detected: 42344588659109 (start=50506060874478)
07-25 11:38:55.790 29635 30059 W AudioStreamImpl: Stale audio packet detected: 42344609980806 (start=50506060874478)
07-25 11:38:55.809 29635 30059 W AudioStreamImpl: Stale audio packet detected: 42344631321097 (start=50506060874478)
07-25 11:38:55.830 29635 30059 W AudioStreamImpl: Stale audio packet detected: 42344652683524 (start=50506060874478)
07-25 11:38:55.850 29635 30059 W AudioStreamImpl: Stale audio packet detected: 42344673986055 (start=50506060874478)
07-25 11:38:55.870 29635 30059 W AudioStreamImpl: Stale audio packet detected: 42344695328742 (start=50506060874478)
07-25 11:38:55.890 29635 30059 W AudioStreamImpl: Stale audio packet detected: 42344716653720 (start=50506060874478)
07-25 11:38:55.910 29635 30059 W AudioStreamImpl: Stale audio packet detected: 42344738000365 (start=50506060874478)
07-25 11:38:55.929 29635 30059 W AudioStreamImpl: Stale audio packet detected: 42344759316282 (start=50506060874478)
07-25 11:38:55.950 29635 30059 W AudioStreamImpl: Stale audio packet detected: 42344780671573 (start=50506060874478)
07-25 11:38:55.969 29635 30059 W AudioStreamImpl: Stale audio packet detected: 42344801986395 (start=50506060874478)
07-25 11:38:55.990 29635 30059 W AudioStreamImpl: Stale audio packet detected: 42344823321947 (start=50506060874478)
07-25 11:38:56.033 29635 30059 W AudioStreamImpl: Stale audio packet detected: 42344845237506 (start=50506060874478)
07-25 11:38:56.049 29635 30059 W AudioStreamImpl: Stale audio packet detected: 42344865980297 (start=50506060874478)
07-25 11:38:56.070 29635 30059 W AudioStreamImpl: Stale audio packet detected: 42344887318713 (start=50506060874478)
07-25 11:38:56.090 29635 30059 W AudioStreamImpl: Stale audio packet detected: 42344908685463 (start=50506060874478)
07-25 11:38:56.110 29635 30059 W AudioStreamImpl: Stale audio packet detected: 42344930001014 (start=50506060874478)
07-25 11:38:56.130 29635 30059 W AudioStreamImpl: Stale audio packet detected: 42344951325316 (start=50506060874478)
07-25 11:38:56.150 29635 30059 W AudioStreamImpl: Stale audio packet detected: 42344972636180 (start=50506060874478)
07-25 11:38:56.170 29635 30059 W AudioStreamImpl: Stale audio packet detected: 42344993989700 (start=50506060874478)
07-25 11:38:56.190 29635 30059 W AudioStreamImpl: Stale audio packet detected: 42345015327231 (start=50506060874478)
07-25 11:38:56.212 29635 30059 W AudioStreamImpl: Stale audio packet detected: 42345036658928 (start=50506060874478)
07-25 11:38:56.229 29635 30059 W AudioStreamImpl: Stale audio packet detected: 42345057988699 (start=50506060874478)
07-25 11:38:56.249 29635 30059 W AudioStreamImpl: Stale audio packet detected: 42345079305761 (start=50506060874478)
07-25 11:38:56.270 29635 30059 W AudioStreamImpl: Stale audio packet detected: 42345100648500 (start=50506060874478)
07-25 11:38:56.290 29635 30059 W AudioStreamImpl: Stale audio packet detected: 42345121988947 (start=50506060874478)
07-25 11:38:56.310 29635 30059 W AudioStreamImpl: Stale audio packet detected: 42345143333197 (start=50506060874478)
07-25 11:38:56.349 29635 30059 W AudioStreamImpl: Stale audio packet detected: 42345164665110 (start=50506060874478)
07-25 11:38:56.371 29635 30059 W AudioStreamImpl: Stale audio packet detected: 42345186028214 (start=50506060874478)
07-25 11:38:56.390 29635 30059 W AudioStreamImpl: Stale audio packet detected: 42345207325692 (start=50506060874478)
07-25 11:38:56.409 29635 30059 W AudioStreamImpl: Stale audio packet detected: 42345228671244 (start=50506060874478)
07-25 11:38:56.429 29635 30059 W AudioStreamImpl: Stale audio packet detected: 42345249989347 (start=50506060874478)
07-25 11:38:56.431 29635 30053 D BufferPoolAccessor2.0: bufferpool2 0xb400007c6f223428 : 5(20480 size) total buffers - 5(20480 size) used buffers - 2840/2845 (recycle/alloc) - 5/5679 (fetch/transfer)
07-25 11:38:56.450 29635 30059 W AudioStreamImpl: Stale audio packet detected: 42345271342972 (start=50506060874478)
07-25 11:38:56.470 29635 30059 W AudioStreamImpl: Stale audio packet detected: 42345292666024 (start=50506060874478)
07-25 11:38:56.489 29635 30059 W AudioStreamImpl: Stale audio packet detected: 42345313975429 (start=50506060874478)
07-25 11:38:56.509 29635 30059 W AudioStreamImpl: Stale audio packet detected: 42345335329887 (start=50506060874478)
07-25 11:38:56.529 29635 30059 W AudioStreamImpl: Stale audio packet detected: 42345356639657 (start=50506060874478)
07-25 11:38:56.549 29635 30059 W AudioStreamImpl: Stale audio packet detected: 42345377978074 (start=50506060874478)
07-25 11:38:56.569 29635 30059 W AudioStreamImpl: Stale audio packet detected: 42345399311066 (start=50506060874478)
07-25 11:38:56.590 29635 30059 W AudioStreamImpl: Stale audio packet detected: 42345420648031 (start=50506060874478)
07-25 11:38:56.610 29635 30059 W AudioStreamImpl: Stale audio packet detected: 42345441998270 (start=50506060874478)
07-25 11:38:56.630 29635 30059 W AudioStreamImpl: Stale audio packet detected: 42345463314290 (start=50506060874478)
07-25 11:38:56.670 29635 30059 W AudioStreamImpl: Stale audio packet detected: 42345484693391 (start=50506060874478)
07-25 11:38:56.689 29635 30059 W AudioStreamImpl: Stale audio packet detected: 42345505974099 (start=50506060874478)
07-25 11:38:56.710 29635 30059 W AudioStreamImpl: Stale audio packet detected: 42345527333192 (start=50506060874478)
07-25 11:38:56.729 29635 30059 W AudioStreamImpl: Stale audio packet detected: 42345548662077 (start=50506060874478)
07-25 11:38:56.750 29635 30059 W AudioStreamImpl: Stale audio packet detected: 42345569979087 (start=50506060874478)
07-25 11:38:56.769 29635 30059 W AudioStreamImpl: Stale audio packet detected: 42345591331201 (start=50506060874478)
07-25 11:38:56.789 29635 30059 W AudioStreamImpl: Stale audio packet detected: 42345612638159 (start=50506060874478)
07-25 11:38:56.812 29635 30059 W AudioStreamImpl: Stale audio packet detected: 42345633986731 (start=50506060874478)
07-25 11:38:56.830 29635 30059 W AudioStreamImpl: Stale audio packet detected: 42345655319723 (start=50506060874478)
07-25 11:38:56.849 29635 30059 W AudioStreamImpl: Stale audio packet detected: 42345676669032 (start=50506060874478)
07-25 11:38:56.870 29635 30059 W AudioStreamImpl: Stale audio packet detected: 42345697994688 (start=50506060874478)
07-25 11:38:56.889 29635 30059 W AudioStreamImpl: Stale audio packet detected: 42345719326125 (start=50506060874478)
07-25 11:38:56.909 29635 30059 W AudioStreamImpl: Stale audio packet detected: 42345740659117 (start=50506060874478)
07-25 11:38:56.929 29635 30059 W AudioStreamImpl: Stale audio packet detected: 42345761990926 (start=50506060874478)
07-25 11:38:56.950 29635 30059 W AudioStreamImpl: Stale audio packet detected: 42345783323918 (start=50506060874478)
07-25 11:38:56.990 29635 30059 W AudioStreamImpl: Stale audio packet detected: 42345804667141 (start=50506060874478)
07-25 11:38:57.011 29635 30059 W AudioStreamImpl: Stale audio packet detected: 42345826003161 (start=50506060874478)
07-25 11:38:57.030 29635 30059 W AudioStreamImpl: Stale audio packet detected: 42345847311525 (start=50506060874478)
07-25 11:38:57.050 29635 30059 W AudioStreamImpl: Stale audio packet detected: 42345868651660 (start=50506060874478)
07-25 11:38:57.070 29635 30059 W AudioStreamImpl: Stale audio packet detected: 42345889978201 (start=50506060874478)
07-25 11:38:57.089 29635 30059 W AudioStreamImpl: Stale audio packet detected: 42345911310420 (start=50506060874478)
07-25 11:38:57.110 29635 30059 W AudioStreamImpl: Stale audio packet detected: 42345932644044 (start=50506060874478)
07-25 11:38:57.131 29635 30059 W AudioStreamImpl: Stale audio packet detected: 42345953976523 (start=50506060874478)
07-25 11:38:57.149 29635 30059 W AudioStreamImpl: Stale audio packet detected: 42345975315824 (start=50506060874478)
07-25 11:38:57.174 29635 30059 W AudioStreamImpl: Stale audio packet detected: 42345996682209 (start=50506060874478)
07-25 11:38:57.189 29635 30059 W AudioStreamImpl: Stale audio packet detected: 42346018015201 (start=50506060874478)
07-25 11:38:57.209 29635 30059 W AudioStreamImpl: Stale audio packet detected: 42346039306906 (start=50506060874478)
07-25 11:38:57.230 29635 30059 W AudioStreamImpl: Stale audio packet detected: 42346060640947 (start=50506060874478)
07-25 11:38:57.253 29635 30059 W AudioStreamImpl: Stale audio packet detected: 42346082002541 (start=50506060874478)
07-25 11:38:57.270 29635 30059 W AudioStreamImpl: Stale audio packet detected: 42346103305592 (start=50506060874478)
07-25 11:38:57.309 29635 30059 W AudioStreamImpl: Stale audio packet detected: 42346124639537 (start=50506060874478)
07-25 11:38:57.331 29635 30059 W AudioStreamImpl: Stale audio packet detected: 42346145969411 (start=50506060874478)
07-25 11:38:57.350 29635 30059 W AudioStreamImpl: Stale audio packet detected: 42346167304442 (start=50506060874478)
07-25 11:38:57.369 29635 30059 W AudioStreamImpl: Stale audio packet detected: 42346188656348 (start=50506060874478)
07-25 11:38:57.389 29635 30059 W AudioStreamImpl: Stale audio packet detected: 42346209975597 (start=50506060874478)
07-25 11:38:57.409 29635 30059 W AudioStreamImpl: Stale audio packet detected: 42346231316305 (start=50506060874478)
07-25 11:38:57.429 29635 30059 W AudioStreamImpl: Stale audio packet detected: 42346252646909 (start=50506060874478)
07-25 11:38:57.450 29635 30059 W AudioStreamImpl: Stale audio packet detected: 42346273987512 (start=50506060874478)
07-25 11:38:57.470 29635 30059 W AudioStreamImpl: Stale audio packet detected: 42346295324887 (start=50506060874478)
07-25 11:38:57.489 29635 30059 W AudioStreamImpl: Stale audio packet detected: 42346316657879 (start=50506060874478)
07-25 11:38:57.509 29635 30059 W AudioStreamImpl: Stale audio packet detected: 42346338051146 (start=50506060874478)
07-25 11:38:57.529 29635 30059 W AudioStreamImpl: Stale audio packet detected: 42346359353104 (start=50506060874478)
07-25 11:38:57.549 29635 30059 W AudioStreamImpl: Stale audio packet detected: 42346380637458 (start=50506060874478)
07-25 11:38:57.569 29635 30059 W AudioStreamImpl: Stale audio packet detected: 42346401978270 (start=50506060874478)
07-25 11:38:57.589 29635 30059 W AudioStreamImpl: Stale audio packet detected: 42346423298717 (start=50506060874478)
07-25 11:38:57.629 29635 30059 W AudioStreamImpl: Stale audio packet detected: 42346444709797 (start=50506060874478)
07-25 11:38:57.649 29635 30059 W AudioStreamImpl: Stale audio packet detected: 42346466009932 (start=50506060874478)
07-25 11:38:57.670 29635 30059 W AudioStreamImpl: Stale audio packet detected: 42346487326525 (start=50506060874478)
07-25 11:38:57.689 29635 30059 W AudioStreamImpl: Stale audio packet detected: 42346508661660 (start=50506060874478)
07-25 11:38:57.710 29635 30059 W AudioStreamImpl: Stale audio packet detected: 42346529983930 (start=50506060874478)
07-25 11:38:57.729 29635 30059 W AudioStreamImpl: Stale audio packet detected: 42346551334846 (start=50506060874478)
07-25 11:38:57.750 29635 30059 W AudioStreamImpl: Stale audio packet detected: 42346572653940 (start=50506060874478)
07-25 11:38:57.770 29635 30059 W AudioStreamImpl: Stale audio packet detected: 42346593982720 (start=50506060874478)
07-25 11:38:57.790 29635 30059 W AudioStreamImpl: Stale audio packet detected: 42346615309470 (start=50506060874478)
07-25 11:38:57.809 29635 30059 W AudioStreamImpl: Stale audio packet detected: 42346636631688 (start=50506060874478)
07-25 11:38:57.830 29635 30059 W AudioStreamImpl: Stale audio packet detected: 42346657999792 (start=50506060874478)
07-25 11:38:57.849 29635 30059 W AudioStreamImpl: Stale audio packet detected: 42346679327531 (start=50506060874478)
07-25 11:38:57.870 29635 30059 W AudioStreamImpl: Stale audio packet detected: 42346700670218 (start=50506060874478)
07-25 11:38:57.890 29635 30059 W AudioStreamImpl: Stale audio packet detected: 42346721991863 (start=50506060874478)
07-25 11:38:57.910 29635 30059 W AudioStreamImpl: Stale audio packet detected: 42346743318352 (start=50506060874478)
07-25 11:38:57.949 29635 30059 W AudioStreamImpl: Stale audio packet detected: 42346764649588 (start=50506060874478)
07-25 11:38:57.970 29635 30059 W AudioStreamImpl: Stale audio packet detected: 42346786011546 (start=50506060874478)
07-25 11:38:57.989 29635 30059 W AudioStreamImpl: Stale audio packet detected: 42346807313869 (start=50506060874478)
07-25 11:38:58.009 29635 30059 W AudioStreamImpl: Stale audio packet detected: 42346828652129 (start=50506060874478)
07-25 11:38:58.030 29635 30059 W AudioStreamImpl: Stale audio packet detected: 42346849997107 (start=50506060874478)
07-25 11:38:58.049 29635 30059 W AudioStreamImpl: Stale audio packet detected: 42346871332711 (start=50506060874478)
07-25 11:38:58.069 29635 30059 W AudioStreamImpl: Stale audio packet detected: 42346892654408 (start=50506060874478)
07-25 11:38:58.089 29635 30059 W AudioStreamImpl: Stale audio packet detected: 42346913978137 (start=50506060874478)
07-25 11:38:58.109 29635 30059 W AudioStreamImpl: Stale audio packet detected: 42346935313064 (start=50506060874478)
07-25 11:38:58.130 29635 30059 W AudioStreamImpl: Stale audio packet detected: 42346956665386 (start=50506060874478)
07-25 11:38:58.150 29635 30059 W AudioStreamImpl: Stale audio packet detected: 42346977977292 (start=50506060874478)
07-25 11:38:58.169 29635 30059 W AudioStreamImpl: Stale audio packet detected: 42346999327479 (start=50506060874478)
07-25 11:38:58.189 29635 30059 W AudioStreamImpl: Stale audio packet detected: 42347020645791 (start=50506060874478)
07-25 11:38:58.209 29635 30059 W AudioStreamImpl: Stale audio packet detected: 42347042055978 (start=50506060874478)
07-25 11:38:58.230 29635 30059 W AudioStreamImpl: Stale audio packet detected: 42347063331633 (start=50506060874478)
07-25 11:38:58.269 29635 30059 W AudioStreamImpl: Stale audio packet detected: 42347084660005 (start=50506060874478)
07-25 11:38:58.290 29635 30059 W AudioStreamImpl: Stale audio packet detected: 42347106008682 (start=50506060874478)
07-25 11:38:58.310 29635 30059 W AudioStreamImpl: Stale audio packet detected: 42347127321629 (start=50506060874478)
07-25 11:38:58.330 29635 30059 W AudioStreamImpl: Stale audio packet detected: 42347148661712 (start=50506060874478)
07-25 11:38:58.355 29635 30059 W AudioStreamImpl: Stale audio packet detected: 42347169994704 (start=50506060874478)
07-25 11:38:58.370 29635 30059 W AudioStreamImpl: Stale audio packet detected: 42347191353909 (start=50506060874478)
07-25 11:38:58.390 29635 30059 W AudioStreamImpl: Stale audio packet detected: 42347212664200 (start=50506060874478)
07-25 11:38:58.409 29635 30059 W AudioStreamImpl: Stale audio packet detected: 42347233984439 (start=50506060874478)
07-25 11:38:58.430 29635 30059 W AudioStreamImpl: Stale audio packet detected: 42347255331866 (start=50506060874478)
07-25 11:38:58.450 29635 30059 W AudioStreamImpl: Stale audio packet detected: 42347276659761 (start=50506060874478)
07-25 11:38:58.456 29635 29818 D CCodecBufferChannel: [c2.android.aac.encoder#966] DEBUG: elapsed: n=4 [in=0 pipeline=0 out=0 smoothness=4]
07-25 11:38:58.456 29635 29818 D PipelineWatcher: DEBUG: elapsed 0 / 4
07-25 11:38:58.469 29635 30059 W AudioStreamImpl: Stale audio packet detected: 42347298006719 (start=50506060874478)
07-25 11:38:58.491 29635 30059 W AudioStreamImpl: Stale audio packet detected: 42347319538416 (start=50506060874478)
07-25 11:38:58.509 29635 30059 W AudioStreamImpl: Stale audio packet detected: 42347340652145 (start=50506060874478)
07-25 11:38:58.529 29635 30059 W AudioStreamImpl: Stale audio packet detected: 42347361994571 (start=50506060874478)
07-25 11:38:58.550 29635 30059 W AudioStreamImpl: Stale audio packet detected: 42347383327563 (start=50506060874478)
07-25 11:38:58.590 29635 30059 W AudioStreamImpl: Stale audio packet detected: 42347404658547 (start=50506060874478)
07-25 11:38:58.609 29635 30059 W AudioStreamImpl: Stale audio packet detected: 42347425965400 (start=50506060874478)
07-25 11:38:58.634 29635 30059 W AudioStreamImpl: Stale audio packet detected: 42347447515171 (start=50506060874478)
07-25 11:38:58.649 29635 30059 W AudioStreamImpl: Stale audio packet detected: 42347468640878 (start=50506060874478)
07-25 11:38:58.669 29635 30059 W AudioStreamImpl: Stale audio packet detected: 42347489978565 (start=50506060874478)
07-25 11:38:58.689 29635 30059 W AudioStreamImpl: Stale audio packet detected: 42347511308440 (start=50506060874478)
07-25 11:38:58.709 29635 30059 W AudioStreamImpl: Stale audio packet detected: 42347532647741 (start=50506060874478)
07-25 11:38:58.730 29635 30059 W AudioStreamImpl: Stale audio packet detected: 42347554040220 (start=50506060874478)
07-25 11:38:58.749 29635 30059 W AudioStreamImpl: Stale audio packet detected: 42347575324313 (start=50506060874478)
07-25 11:38:58.769 29635 30059 W AudioStreamImpl: Stale audio packet detected: 42347596654813 (start=50506060874478)
07-25 11:38:58.790 29635 30059 W AudioStreamImpl: Stale audio packet detected: 42347617984375 (start=50506060874478)
07-25 11:38:58.810 29635 30059 W AudioStreamImpl: Stale audio packet detected: 42347639315603 (start=50506060874478)
07-25 11:38:58.829 29635 30059 W AudioStreamImpl: Stale audio packet detected: 42347660660738 (start=50506060874478)
07-25 11:38:58.849 29635 30059 W AudioStreamImpl: Stale audio packet detected: 42347681996238 (start=50506060874478)
07-25 11:38:58.869 29635 30059 W AudioStreamImpl: Stale audio packet detected: 42347703306112 (start=50506060874478)
07-25 11:38:58.909 29635 30059 W AudioStreamImpl: Stale audio packet detected: 42347724659328 (start=50506060874478)
07-25 11:38:58.929 29635 30059 W AudioStreamImpl: Stale audio packet detected: 42347745993056 (start=50506060874478)
07-25 11:38:58.949 29635 30059 W AudioStreamImpl: Stale audio packet detected: 42347767320743 (start=50506060874478)
07-25 11:38:58.970 29635 30059 W AudioStreamImpl: Stale audio packet detected: 42347788651920 (start=50506060874478)
07-25 11:38:58.990 29635 30059 W AudioStreamImpl: Stale audio packet detected: 42347810009607 (start=50506060874478)
07-25 11:38:59.009 29635 30059 W AudioStreamImpl: Stale audio packet detected: 42347831330419 (start=50506060874478)
07-25 11:38:59.030 29635 30059 W AudioStreamImpl: Stale audio packet detected: 42347852680293 (start=50506060874478)
07-25 11:38:59.050 29635 30059 W AudioStreamImpl: Stale audio packet detected: 42347873996157 (start=50506060874478)
07-25 11:38:59.069 29635 30059 W AudioStreamImpl: Stale audio packet detected: 42347895318428 (start=50506060874478)
07-25 11:38:59.090 29635 30059 W AudioStreamImpl: Stale audio packet detected: 42347916663511 (start=50506060874478)
07-25 11:38:59.109 29635 30059 W AudioStreamImpl: Stale audio packet detected: 42347937981823 (start=50506060874478)
07-25 11:38:59.131 29635 30059 W AudioStreamImpl: Stale audio packet detected: 42347959331958 (start=50506060874478)
07-25 11:38:59.149 29635 30059 W AudioStreamImpl: Stale audio packet detected: 42347980644176 (start=50506060874478)
07-25 11:38:59.169 29635 30059 W AudioStreamImpl: Stale audio packet detected: 42348001980300 (start=50506060874478)
07-25 11:38:59.190 29635 30059 W AudioStreamImpl: Stale audio packet detected: 42348023398821 (start=50506060874478)
07-25 11:38:59.229 29635 30059 W AudioStreamImpl: Stale audio packet detected: 42348044666046 (start=50506060874478)
07-25 11:38:59.249 29635 30059 W AudioStreamImpl: Stale audio packet detected: 42348066075035 (start=50506060874478)
07-25 11:38:59.269 29635 30059 W AudioStreamImpl: Stale audio packet detected: 42348087315795 (start=50506060874478)
07-25 11:38:59.290 29635 30059 W AudioStreamImpl: Stale audio packet detected: 42348108657284 (start=50506060874478)
07-25 11:38:59.310 29635 30059 W AudioStreamImpl: Stale audio packet detected: 42348130030753 (start=50506060874478)
07-25 11:38:59.329 29635 30059 W AudioStreamImpl: Stale audio packet detected: 42348151319533 (start=50506060874478)
07-25 11:38:59.349 29635 30059 W AudioStreamImpl: Stale audio packet detected: 42348172651231 (start=50506060874478)
07-25 11:38:59.370 29635 30059 W AudioStreamImpl: Stale audio packet detected: 42348193979387 (start=50506060874478)
07-25 11:38:59.389 29635 30059 W AudioStreamImpl: Stale audio packet detected: 42348215331969 (start=50506060874478)
07-25 11:38:59.409 29635 30059 W AudioStreamImpl: Stale audio packet detected: 42348236664961 (start=50506060874478)
07-25 11:38:59.430 29635 30059 W AudioStreamImpl: Stale audio packet detected: 42348258027395 (start=50506060874478)
07-25 11:38:59.449 29635 30059 W AudioStreamImpl: Stale audio packet detected: 42348279310030 (start=50506060874478)
07-25 11:38:59.469 29635 30059 W AudioStreamImpl: Stale audio packet detected: 42348300666103 (start=50506060874478)
07-25 11:38:59.489 29635 30059 W AudioStreamImpl: Stale audio packet detected: 42348321978686 (start=50506060874478)
07-25 11:38:59.509 29635 30059 W AudioStreamImpl: Stale audio packet detected: 42348343323404 (start=50506060874478)
07-25 11:38:59.550 29635 30059 W AudioStreamImpl: Stale audio packet detected: 42348364660421 (start=50506060874478)
07-25 11:38:59.569 29635 30059 W AudioStreamImpl: Stale audio packet detected: 42348385982379 (start=50506060874478)
07-25 11:38:59.589 29635 30059 W AudioStreamImpl: Stale audio packet detected: 42348407310379 (start=50506060874478)
07-25 11:38:59.610 29635 30059 W AudioStreamImpl: Stale audio packet detected: 42348428662076 (start=50506060874478)
07-25 11:38:59.629 29635 30059 W AudioStreamImpl: Stale audio packet detected: 42348450003461 (start=50506060874478)
07-25 11:38:59.650 29635 30059 W AudioStreamImpl: Stale audio packet detected: 42348471379273 (start=50506060874478)
07-25 11:38:59.669 29635 30059 W AudioStreamImpl: Stale audio packet detected: 42348492642585 (start=50506060874478)
07-25 11:38:59.689 29635 30059 W AudioStreamImpl: Stale audio packet detected: 42348513975577 (start=50506060874478)
07-25 11:38:59.709 29635 30059 W AudioStreamImpl: Stale audio packet detected: 42348535345771 (start=50506060874478)
07-25 11:38:59.729 29635 30059 W AudioStreamImpl: Stale audio packet detected: 42348556643094 (start=50506060874478)
07-25 11:38:59.749 29635 30059 W AudioStreamImpl: Stale audio packet detected: 42348577978072 (start=50506060874478)
07-25 11:38:59.769 29635 30059 W AudioStreamImpl: Stale audio packet detected: 42348599317270 (start=50506060874478)
07-25 11:38:59.789 29635 30059 W AudioStreamImpl: Stale audio packet detected: 42348620659644 (start=50506060874478)
07-25 11:38:59.810 29635 30059 W AudioStreamImpl: Stale audio packet detected: 42348641986238 (start=50506060874478)
07-25 11:38:59.830 29635 30059 W AudioStreamImpl: Stale audio packet detected: 42348663309549 (start=50506060874478)
07-25 11:38:59.869 29635 30059 W AudioStreamImpl: Stale audio packet detected: 42348684644015 (start=50506060874478)
07-25 11:38:59.896 29635 30059 W AudioStreamImpl: Stale audio packet detected: 42348705989202 (start=50506060874478)
07-25 11:38:59.912 29635 30059 W AudioStreamImpl: Stale audio packet detected: 42348727323139 (start=50506060874478)
07-25 11:38:59.930 29635 30059 W AudioStreamImpl: Stale audio packet detected: 42348748674940 (start=50506060874478)
07-25 11:38:59.950 29635 30059 W AudioStreamImpl: Stale audio packet detected: 42348769994815 (start=50506060874478)
07-25 11:38:59.969 29635 30059 W AudioStreamImpl: Stale audio packet detected: 42348791307762 (start=50506060874478)
07-25 11:38:59.989 29635 30059 W AudioStreamImpl: Stale audio packet detected: 42348812668470 (start=50506060874478)
07-25 11:39:00.010 29635 30059 W AudioStreamImpl: Stale audio packet detected: 42348833978449 (start=50506060874478)
07-25 11:39:00.030 29635 30059 W AudioStreamImpl: Stale audio packet detected: 42348855329313 (start=50506060874478)
07-25 11:39:00.050 29635 30059 W AudioStreamImpl: Stale audio packet detected: 42348876673354 (start=50506060874478)
07-25 11:39:00.070 29635 30059 W AudioStreamImpl: Stale audio packet detected: 42348898006346 (start=50506060874478)
07-25 11:39:00.089 29635 30059 W AudioStreamImpl: Stale audio packet detected: 42348919333988 (start=50506060874478)
07-25 11:39:00.109 29635 30059 W AudioStreamImpl: Stale audio packet detected: 42348940657613 (start=50506060874478)
07-25 11:39:00.130 29635 30059 W AudioStreamImpl: Stale audio packet detected: 42348962011029 (start=50506060874478)
07-25 11:39:00.149 29635 30059 W AudioStreamImpl: Stale audio packet detected: 42348983320851 (start=50506060874478)
07-25 11:39:00.190 29635 30059 W AudioStreamImpl: Stale audio packet detected: 42349004659015 (start=50506060874478)
07-25 11:39:00.210 29635 30059 W AudioStreamImpl: Stale audio packet detected: 42349025979931 (start=50506060874478)
07-25 11:39:00.229 29635 30059 W AudioStreamImpl: Stale audio packet detected: 42349047318139 (start=50506060874478)
07-25 11:39:00.249 29635 30059 W AudioStreamImpl: Stale audio packet detected: 42349068649680 (start=50506060874478)
07-25 11:39:00.270 29635 30059 W AudioStreamImpl: Stale audio packet detected: 42349089992315 (start=50506060874478)
07-25 11:39:00.289 29635 30059 W AudioStreamImpl: Stale audio packet detected: 42349111325307 (start=50506060874478)
07-25 11:39:00.310 29635 30059 W AudioStreamImpl: Stale audio packet detected: 42349132659980 (start=50506060874478)
07-25 11:39:00.330 29635 30059 W AudioStreamImpl: Stale audio packet detected: 42349153983292 (start=50506060874478)
07-25 11:39:00.350 29635 30059 W AudioStreamImpl: Stale audio packet detected: 42349175328584 (start=50506060874478)
07-25 11:39:00.370 29635 30059 W AudioStreamImpl: Stale audio packet detected: 42349196661010 (start=50506060874478)
07-25 11:39:00.390 29635 30059 W AudioStreamImpl: Stale audio packet detected: 42349217996822 (start=50506060874478)
07-25 11:39:00.410 29635 30059 W AudioStreamImpl: Stale audio packet detected: 42349239320603 (start=50506060874478)
07-25 11:39:00.429 29635 30059 W AudioStreamImpl: Stale audio packet detected: 42349260651154 (start=50506060874478)
07-25 11:39:00.450 29635 30059 W AudioStreamImpl: Stale audio packet detected: 42349281991550 (start=50506060874478)
07-25 11:39:00.469 29635 30059 W AudioStreamImpl: Stale audio packet detected: 42349303310383 (start=50506060874478)
07-25 11:39:00.510 29635 30059 W AudioStreamImpl: Stale audio packet detected: 42349324660160 (start=50506060874478)
07-25 11:39:00.529 29635 30059 W AudioStreamImpl: Stale audio packet detected: 42349346101233 (start=50506060874478)
07-25 11:39:00.550 29635 30059 W AudioStreamImpl: Stale audio packet detected: 42349367346472 (start=50506060874478)
07-25 11:39:00.570 29635 30059 W AudioStreamImpl: Stale audio packet detected: 42349388703482 (start=50506060874478)
07-25 11:39:00.591 29635 30059 W AudioStreamImpl: Stale audio packet detected: 42349409992419 (start=50506060874478)
07-25 11:39:00.610 29635 30059 W AudioStreamImpl: Stale audio packet detected: 42349431326095 (start=50506060874478)
07-25 11:39:00.629 29635 30059 W AudioStreamImpl: Stale audio packet detected: 42349452637532 (start=50506060874478)
07-25 11:39:00.650 29635 30059 W AudioStreamImpl: Stale audio packet detected: 42349473986469 (start=50506060874478)
07-25 11:39:00.669 29635 30059 W AudioStreamImpl: Stale audio packet detected: 42349495330094 (start=50506060874478)
07-25 11:39:00.694 29635 30059 W AudioStreamImpl: Stale audio packet detected: 42349516663086 (start=50506060874478)
07-25 11:39:00.710 29635 30059 W AudioStreamImpl: Stale audio packet detected: 42349537988801 (start=50506060874478)
07-25 11:39:00.729 29635 30059 W AudioStreamImpl: Stale audio packet detected: 42349559371696 (start=50506060874478)
07-25 11:39:00.749 29635 30059 W AudioStreamImpl: Stale audio packet detected: 42349580641519 (start=50506060874478)
07-25 11:39:00.770 29635 30059 W AudioStreamImpl: Stale audio packet detected: 42349601980248 (start=50506060874478)
07-25 11:39:00.789 29635 30059 W AudioStreamImpl: Stale audio packet detected: 42349623452153 (start=50506060874478)
07-25 11:39:00.829 29635 30059 W AudioStreamImpl: Stale audio packet detected: 42349644663077 (start=50506060874478)
07-25 11:39:00.849 29635 30059 W AudioStreamImpl: Stale audio packet detected: 42349665989149 (start=50506060874478)
07-25 11:39:00.869 29635 30059 W AudioStreamImpl: Stale audio packet detected: 42349687312305 (start=50506060874478)
07-25 11:39:00.890 29635 30059 W AudioStreamImpl: Stale audio packet detected: 42349708655878 (start=50506060874478)
07-25 11:39:00.909 29635 30059 W AudioStreamImpl: Stale audio packet detected: 42349729980283 (start=50506060874478)
07-25 11:39:00.930 29635 30059 W AudioStreamImpl: Stale audio packet detected: 42349751311356 (start=50506060874478)
07-25 11:39:00.949 29635 30059 W AudioStreamImpl: Stale audio packet detected: 42349772649616 (start=50506060874478)
07-25 11:39:00.969 29635 30059 W AudioStreamImpl: Stale audio packet detected: 42349793996573 (start=50506060874478)
07-25 11:39:00.990 29635 30059 W AudioStreamImpl: Stale audio packet detected: 42349815327750 (start=50506060874478)
07-25 11:39:01.010 29635 30059 W AudioStreamImpl: Stale audio packet detected: 42349836963666 (start=50506060874478)
07-25 11:39:01.029 29635 30059 W AudioStreamImpl: Stale audio packet detected: 42349857988749 (start=50506060874478)
07-25 11:39:01.050 29635 30059 W AudioStreamImpl: Stale audio packet detected: 42349879321540 (start=50506060874478)
07-25 11:39:01.069 29635 30059 W AudioStreamImpl: Stale audio packet detected: 42349900667665 (start=50506060874478)
07-25 11:39:01.090 29635 30059 W AudioStreamImpl: Stale audio packet detected: 42349921985872 (start=50506060874478)
07-25 11:39:01.110 29635 30059 W AudioStreamImpl: Stale audio packet detected: 42349943324757 (start=50506060874478)
07-25 11:39:01.111 29635 29635 W CAM_ModeSwitcher: ModeSwitcher WAS ALREADY ENABLED!
07-25 11:39:01.149 29635 30059 W AudioStreamImpl: Stale audio packet detected: 42349964636775 (start=50506060874478)
07-25 11:39:01.169 29635 30059 W AudioStreamImpl: Stale audio packet detected: 42349985969930 (start=50506060874478)
07-25 11:39:01.191 29635 30059 W AudioStreamImpl: Stale audio packet detected: 42350007305847 (start=50506060874478)
07-25 11:39:01.209 29635 30059 W AudioStreamImpl: Stale audio packet detected: 42350028654627 (start=50506060874478)
07-25 11:39:01.229 29635 30059 W AudioStreamImpl: Stale audio packet detected: 42350049990752 (start=50506060874478)
07-25 11:39:01.250 29635 30059 W AudioStreamImpl: Stale audio packet detected: 42350071323022 (start=50506060874478)
07-25 11:39:01.266 29635 29932 D AudioRecord: stop mSessionID=5417
07-25 11:39:01.267 29635 29932 D AudioRecord: stop(1109): mActive:1
07-25 11:39:01.301 29635 30044 E libc    : Access denied finding property "ro.vendor.media.video.frc.support"
07-25 11:39:01.329 29635 29932 D AudioService: broadcastRecorderState:com.google.android.GoogleCamMGD
07-25 11:39:01.332 29635 30053 D CCodecBufferChannel: [c2.android.aac.encoder#966] MediaCodec discarded an unknown buffer
07-25 11:39:01.332 29635 30053 D CCodecBufferChannel: [c2.android.aac.encoder#966] MediaCodec discarded an unknown buffer
07-25 11:39:01.332 29635 30053 I chatty  : uid=10379(com.google.android.GoogleCamMGD) MediaCodec_loop identical 5 lines
07-25 11:39:01.332 29635 30053 D CCodecBufferChannel: [c2.android.aac.encoder#966] MediaCodec discarded an unknown buffer
07-25 11:39:01.334 29635 29932 D AudioRecord: stop mSessionID=5417
07-25 11:39:01.334 29635 29932 D AudioRecord: stop(1109): mActive:0
07-25 11:39:01.334 29635 29932 D AudioService: broadcastRecorderState:com.google.android.GoogleCamMGD
07-25 11:39:01.335 29635 29932 D AudioRecord: stop mSessionID=5417
07-25 11:39:01.335 29635 29932 D AudioRecord: stop(1109): mActive:0
07-25 11:39:01.335 29635 29932 D AudioRecord: stop mSessionID=5417
07-25 11:39:01.335 29635 29932 D AudioRecord: stop(1109): mActive:0
07-25 11:39:01.335 29635 30053 I hw-BpHwBinder: onLastStrongRef automatically unlinking death recipients
07-25 11:39:01.336 29635 30053 E libc    : Access denied finding property "ro.vendor.media.video.frc.support"
07-25 11:39:01.376 29635 29665 W RenderInspector: DequeueBuffer time out on com.google.android.GoogleCamMGD/com.android.camera.CameraLauncher, count=1, avg=17 ms, max=17 ms.
07-25 11:39:01.383 29635 29932 W HDR+_command : CAM_RequestQueue
07-25 11:39:01.383 29635 29937 E VideoRecorderImpl: CLOSED is found but not allowed
07-25 11:39:01.384 29635 29932 W HDR+_command : CAM_SimpleReqProcessor
07-25 11:39:01.391 29635 29932 W CAM_Vid2ActiveCdrRecSes: Video file encoded 1952 frames, but frame drop listener saw 1963
07-25 11:39:01.393 29635 29635 W HDR+_command : CAM_OrientMgrImpl
07-25 11:39:01.393 29635 29635 W HDR+_command : CAM_OrientMgrImpl
07-25 11:39:01.397 29635 29714 W HDR+_command : CAM_AudioRestrictApi
07-25 11:39:01.402 29635 30116 D CCodec  : allocate(c2.android.vorbis.decoder)
07-25 11:39:01.404 29635 30116 I CCodec  : setting up 'default' as default (vendor) store
07-25 11:39:01.407 29635 30116 I CCodec  : Created component [c2.android.vorbis.decoder]
07-25 11:39:01.408 29635 30116 D CCodecConfig: read media type: audio/vorbis
07-25 11:39:01.413 29635 30116 D ReflectedParamUpdater: extent() != 1 for single value type: algo.buffers.max-count.values
07-25 11:39:01.414 29635 30116 D ReflectedParamUpdater: extent() != 1 for single value type: output.subscribed-indices.values
07-25 11:39:01.414 29635 30116 D ReflectedParamUpdater: extent() != 1 for single value type: input.buffers.allocator-ids.values
07-25 11:39:01.415 29635 30116 D ReflectedParamUpdater: extent() != 1 for single value type: output.buffers.allocator-ids.values
07-25 11:39:01.415 29635 30116 D ReflectedParamUpdater: extent() != 1 for single value type: algo.buffers.allocator-ids.values
07-25 11:39:01.415 29635 30116 D ReflectedParamUpdater: extent() != 1 for single value type: output.buffers.pool-ids.values
07-25 11:39:01.415 29635 30116 D ReflectedParamUpdater: extent() != 1 for single value type: algo.buffers.pool-ids.values
07-25 11:39:01.422 29635 30116 I CCodecConfig: query failed after returning 7 values (BAD_INDEX)
07-25 11:39:01.422 29635 30116 D CCodecConfig: c2 config diff is Dict {
07-25 11:39:01.422 29635 30116 D CCodecConfig:   c2::u32 coded.bitrate.value = 64000
07-25 11:39:01.422 29635 30116 D CCodecConfig:   c2::u32 input.buffers.max-size.value = 32768
07-25 11:39:01.422 29635 30116 D CCodecConfig:   c2::u32 input.delay.value = 0
07-25 11:39:01.422 29635 30116 D CCodecConfig:   string input.media-type.value = "audio/vorbis"
07-25 11:39:01.422 29635 30116 D CCodecConfig:   string output.media-type.value = "audio/raw"
07-25 11:39:01.422 29635 30116 D CCodecConfig:   c2::u32 raw.channel-count.value = 1
07-25 11:39:01.422 29635 30116 D CCodecConfig:   c2::u32 raw.sample-rate.value = 48000
07-25 11:39:01.422 29635 30116 D CCodecConfig: }
07-25 11:39:01.423 29635 30116 D CCodec  : [c2.android.vorbis.decoder] buffers are bound to CCodec for this session
07-25 11:39:01.429 29635 30116 D CCodecConfig: no c2 equivalents for durationUs
07-25 11:39:01.429 29635 30116 D CCodecConfig: no c2 equivalents for track-id
07-25 11:39:01.429 29635 30116 D CCodecConfig: no c2 equivalents for csd-1
07-25 11:39:01.429 29635 30116 D CCodecConfig: no c2 equivalents for language
07-25 11:39:01.429 29635 30116 D CCodecConfig: no c2 equivalents for file-format
07-25 11:39:01.429 29635 30116 D CCodecConfig: no c2 equivalents for flags
07-25 11:39:01.429 29635 30116 D CCodecConfig: config failed => CORRUPTED
07-25 11:39:01.430 29635 30116 W Codec2Client: query -- param skipped: index = 1107298332.
07-25 11:39:01.430 29635 30116 D CCodec  : setup formats input: AMessage(what = 0x00000000) = {
07-25 11:39:01.430 29635 30116 D CCodec  :   int32_t channel-count = 1
07-25 11:39:01.430 29635 30116 D CCodec  :   int32_t max-input-size = 65307
07-25 11:39:01.430 29635 30116 D CCodec  :   string mime = "audio/vorbis"
07-25 11:39:01.430 29635 30116 D CCodec  :   int32_t sample-rate = 48000
07-25 11:39:01.430 29635 30116 D CCodec  : } and output: AMessage(what = 0x00000000) = {
07-25 11:39:01.430 29635 30116 D CCodec  :   int32_t channel-count = 1
07-25 11:39:01.430 29635 30116 D CCodec  :   string mime = "audio/raw"
07-25 11:39:01.430 29635 30116 D CCodec  :   int32_t sample-rate = 48000
07-25 11:39:01.430 29635 30116 D CCodec  : }
07-25 11:39:01.431 29635 30116 W Codec2Client: query -- param skipped: index = 1342179345.
07-25 11:39:01.431 29635 30116 W Codec2Client: query -- param skipped: index = 2415921170.
07-25 11:39:01.432 29635 30116 E FMQ     : grantorIdx must be less than 3
07-25 11:39:01.432 29635 30116 E FMQ     : grantorIdx must be less than 3
07-25 11:39:01.432 29635 30116 D CCodecBufferChannel: [c2.android.vorbis.decoder#294] Created input block pool with allocatorID 16 => poolID 22 - OK (0)
07-25 11:39:01.434 29635 30116 I CCodecBufferChannel: [c2.android.vorbis.decoder#294] Created output block pool with allocatorID 16 => poolID 455 - OK
07-25 11:39:01.434 29635 30116 D CCodecBufferChannel: [c2.android.vorbis.decoder#294] Configured output block pool ids 455 => OK
07-25 11:39:01.434 29635 30116 D CCodecBufferChannel: [c2.android.vorbis.decoder#294] start: updating output delay 0
07-25 11:39:01.436 29635 30116 E FMQ     : grantorIdx must be less than 3
07-25 11:39:01.440 29635 29888 W HDR+_command : CAM_MediaMutex
07-25 11:39:01.445 29635 29823 E FMQ     : grantorIdx must be less than 3
07-25 11:39:01.446 29635 29681 W HDR+_command : CAM_MediaFile
07-25 11:39:01.449 29635 29681 W HDR+_command : CAM_MediaMutex
07-25 11:39:01.454 29635 29681 W HDR+_command : CAM_MediaFile
07-25 11:39:01.458 29635 29681 W HDR+_command : CAM_MediaMutex
07-25 11:39:01.458 29635 29681 W HDR+_command : CAM_Mp4CrDurFix
07-25 11:39:01.459 29635 29681 W HDR+_command : CAM_GcaMediaGroup
07-25 11:39:01.459 29635 29681 W HDR+_command : CAM_MediaFile
07-25 11:39:01.459 29635 29681 W HDR+_command : CAM_GcaMediaGroup
07-25 11:39:01.459 29635 29681 W HDR+_command : CAM_MediaGroup
07-25 11:39:01.468 29635 30118 W HDR+_command : CAM_MediaGroup
07-25 11:39:01.469 29635 30120 W HDR+_command : CAM_MediaGroup
07-25 11:39:01.471 29635 30120 W HDR+_command : CAM_MediaGroup
07-25 11:39:01.535 29635 30116 D CCodecBufferChannel: [c2.android.vorbis.decoder#294] MediaCodec discarded an unknown buffer
07-25 11:39:01.535 29635 30116 I chatty  : uid=10379(com.google.android.GoogleCamMGD) NDK MediaCodec_ identical 1 line
07-25 11:39:01.535 29635 30116 D CCodecBufferChannel: [c2.android.vorbis.decoder#294] MediaCodec discarded an unknown buffer
07-25 11:39:01.537 29635 30116 I hw-BpHwBinder: onLastStrongRef automatically unlinking death recipients
07-25 11:39:01.539 29635 30116 E libc    : Access denied finding property "ro.vendor.media.video.frc.support"
07-25 11:39:01.547 29635 29635 D AudioTrack: set(sessionId=0)
07-25 11:39:01.547 29635 29635 D AudioTrack: set(): streamType 7, sampleRate 48000, format 0x1, channelMask 0x1, frameCount 0, flags #4, notificationFrames 0, sessionId 0, transferType 0, uid -1, pid -1
07-25 11:39:01.558 29635 29635 I AudioTrack: createTrack_l(125): AUDIO_OUTPUT_FLAG_FAST successful; frameCount 0 -> 16800
07-25 11:39:01.559 29635 29635 I id.GoogleCamMG: getDeviceIsSupportElevoc() The device is not support elevoc
07-25 11:39:01.559 29635 29635 D AudioTrack: setVolume: left = 0.600000 right = 0.600000
07-25 11:39:01.592 29635 30120 W HDR+_command : CAM_PublishNotifier
07-25 11:39:01.592 29635 30120 W HDR+_command : CAM_PublishNotifier
07-25 11:39:01.598 29635 30120 W HDR+_command : CAM_MediaGroup
07-25 11:39:01.605 29635 29635 D AudioTrack: ~AudioTrack(sessionID=5409)
07-25 11:39:01.607 29635 29635 D AudioTrack: stop(sessionID=5409)
07-25 11:39:01.607 29635 29635 D AudioTrack: stop(1107): prior state:STATE_STOPPED
07-25 11:39:01.620 29635 29635 W CAM_Log : Tag ProcessingMediaManager is 3 chars longer than limit.
07-25 11:39:01.620 29635 29635 W CAM_Log : Tag ProcessingSessnMngrLstnr is 5 chars longer than limit.
07-25 11:39:01.621 29635 29635 E CAM_StrgImpl: Using current time for session: ShotId-0
07-25 11:39:01.631 29635 29938 W HDR+_command : CAM_SimpleReqProcessor
07-25 11:39:01.643 29635 29635 W CAM_VidRotDataLoader: Framerate metadata does not exist for the video at content://media/external/video/media/69554
07-25 11:39:01.644 29635 29635 W CAM_CaptureSessMgrImpl: Session was already removed, cannot be finalized
07-25 11:39:01.645 29635 29682 W Glide   : Failed to find GeneratedAppGlideModule. You should include an annotationProcessor compile dependency on com.github.bumptech.glide:compiler in your application and a @GlideModule annotated AppGlideModule implementation or LibraryGlideModules will be silently ignored
07-25 11:39:01.651 29635 29682 I TetheringManager: registerTetheringEventCallback:com.google.android.GoogleCamMGD
